[    0.000000] Linux version 6.11.0-19-generic (buildd@lcy02-amd64-014) (x86_64-linux-gnu-gcc-13 (Ubuntu 13.3.0-6ubuntu2~24.04) 13.3.0, GNU ld (GNU Binutils for Ubuntu) 2.42) #19~24.04.1-Ubuntu SMP PREEMPT_DYNAMIC Mon Feb 17 11:51:52 UTC 2 (Ubuntu 6.11.0-19.19~24.04.1-generic 6.11.11)
[    0.000000] Command line: BOOT_IMAGE=/boot/vmlinuz-6.11.0-19-generic root=UUID=8d0dde75-d3dc-49a7-99f5-c2afe75af60b ro quiet splash
[    0.000000] KERNEL supported cpus:
[    0.000000]   Intel GenuineIntel
[    0.000000]   AMD AuthenticAMD
[    0.000000]   Hygon HygonGenuine
[    0.000000]   Centaur CentaurHauls
[    0.000000]   zhaoxin   Shanghai  
[    0.000000] Disabled fast string operations
[    0.000000] BIOS-provided physical RAM map:
[    0.000000] BIOS-e820: [mem 0x0000000000000000-0x000000000009e7ff] usable
[    0.000000] BIOS-e820: [mem 0x000000000009e800-0x000000000009ffff] reserved
[    0.000000] BIOS-e820: [mem 0x00000000000dc000-0x00000000000fffff] reserved
[    0.000000] BIOS-e820: [mem 0x0000000000100000-0x00000000bfecffff] usable
[    0.000000] BIOS-e820: [mem 0x00000000bfed0000-0x00000000bfefefff] ACPI data
[    0.000000] BIOS-e820: [mem 0x00000000bfeff000-0x00000000bfefffff] ACPI NVS
[    0.000000] BIOS-e820: [mem 0x00000000bff00000-0x00000000bfffffff] usable
[    0.000000] BIOS-e820: [mem 0x00000000f0000000-0x00000000f7ffffff] reserved
[    0.000000] BIOS-e820: [mem 0x00000000fec00000-0x00000000fec0ffff] reserved
[    0.000000] BIOS-e820: [mem 0x00000000fee00000-0x00000000fee00fff] reserved
[    0.000000] BIOS-e820: [mem 0x00000000fffe0000-0x00000000ffffffff] reserved
[    0.000000] BIOS-e820: [mem 0x0000000100000000-0x0000000101ffffff] usable
[    0.000000] NX (Execute Disable) protection: active
[    0.000000] APIC: Static calls initialized
[    0.000000] SMBIOS 2.7 present.
[    0.000000] DMI: VMware, Inc. VMware Virtual Platform/440BX Desktop Reference Platform, BIOS 6.00 11/12/2020
[    0.000000] DMI: Memory slots populated: 3/128
[    0.000000] vmware: hypercall mode: 0x02
[    0.000000] Hypervisor detected: VMware
[    0.000000] vmware: TSC freq read from hypervisor : 1896.000 MHz
[    0.000000] vmware: Host bus clock speed read from hypervisor : 66000000 Hz
[    0.000000] vmware: using clock offset of 20502572603 ns
[    0.000029] tsc: Detected 1896.000 MHz processor
[    0.002004] e820: update [mem 0x00000000-0x00000fff] usable ==> reserved
[    0.002009] e820: remove [mem 0x000a0000-0x000fffff] usable
[    0.002015] last_pfn = 0x102000 max_arch_pfn = 0x400000000
[    0.002040] total RAM covered: 64512M
[    0.002159] Found optimal setting for mtrr clean up
[    0.002160]  gran_size: 64K 	chunk_size: 64K 	num_reg: 6  	lose cover RAM: 0G
[    0.002164] MTRR map: 7 entries (5 fixed + 2 variable; max 21), built from 8 variable MTRRs
[    0.002167] x86/PAT: Configuration [0-7]: WB  WC  UC- UC  WB  WP  UC- WT  
[    0.002204] e820: update [mem 0xc0000000-0xffffffff] usable ==> reserved
[    0.002210] last_pfn = 0xc0000 max_arch_pfn = 0x400000000
[    0.010299] found SMP MP-table at [mem 0x000f6a70-0x000f6a7f]
[    0.010317] Using GB pages for direct mapping
[    0.010716] RAMDISK: [mem 0x2fd87000-0x33ebafff]
[    0.011068] ACPI: Early table checksum verification disabled
[    0.011074] ACPI: RSDP 0x00000000000F6A00 000024 (v02 PTLTD )
[    0.011079] ACPI: XSDT 0x00000000BFEDF633 00005C (v01 INTEL  440BX    06040000 VMW  01324272)
[    0.011086] ACPI: FACP 0x00000000BFEFEE73 0000F4 (v04 INTEL  440BX    06040000 PTL  000F4240)
[    0.011093] ACPI: DSDT 0x00000000BFEE0CE2 01E191 (v01 PTLTD  Custom   06040000 MSFT 03000001)
[    0.011139] ACPI: FACS 0x00000000BFEFFFC0 000040
[    0.011143] ACPI: FACS 0x00000000BFEFFFC0 000040
[    0.011148] ACPI: BOOT 0x00000000BFEE0CBA 000028 (v01 PTLTD  $SBFTBL$ 06040000  LTP 00000001)
[    0.011152] ACPI: APIC 0x00000000BFEE0578 000742 (v01 PTLTD  ? APIC   06040000  LTP 00000000)
[    0.011156] ACPI: MCFG 0x00000000BFEE053C 00003C (v01 PTLTD  $PCITBL$ 06040000  LTP 00000001)
[    0.011160] ACPI: SRAT 0x00000000BFEDF72F 0008D0 (v02 VMWARE MEMPLUG  06040000 VMW  00000001)
[    0.011164] ACPI: HPET 0x00000000BFEDF6F7 000038 (v01 VMWARE VMW HPET 06040000 VMW  00000001)
[    0.011168] ACPI: WAET 0x00000000BFEDF6CF 000028 (v01 VMWARE VMW WAET 06040000 VMW  00000001)
[    0.011171] ACPI: Reserving FACP table memory at [mem 0xbfefee73-0xbfefef66]
[    0.011172] ACPI: Reserving DSDT table memory at [mem 0xbfee0ce2-0xbfefee72]
[    0.011173] ACPI: Reserving FACS table memory at [mem 0xbfefffc0-0xbfefffff]
[    0.011174] ACPI: Reserving FACS table memory at [mem 0xbfefffc0-0xbfefffff]
[    0.011175] ACPI: Reserving BOOT table memory at [mem 0xbfee0cba-0xbfee0ce1]
[    0.011176] ACPI: Reserving APIC table memory at [mem 0xbfee0578-0xbfee0cb9]
[    0.011176] ACPI: Reserving MCFG table memory at [mem 0xbfee053c-0xbfee0577]
[    0.011177] ACPI: Reserving SRAT table memory at [mem 0xbfedf72f-0xbfedfffe]
[    0.011178] ACPI: Reserving HPET table memory at [mem 0xbfedf6f7-0xbfedf72e]
[    0.011179] ACPI: Reserving WAET table memory at [mem 0xbfedf6cf-0xbfedf6f6]
[    0.011291] SRAT: PXM 0 -> APIC 0x00 -> Node 0
[    0.011293] SRAT: PXM 0 -> APIC 0x02 -> Node 0
[    0.011294] SRAT: PXM 0 -> APIC 0x04 -> Node 0
[    0.011295] SRAT: PXM 0 -> APIC 0x06 -> Node 0
[    0.011295] SRAT: PXM 0 -> APIC 0x08 -> Node 0
[    0.011296] SRAT: PXM 0 -> APIC 0x0a -> Node 0
[    0.011297] SRAT: PXM 0 -> APIC 0x0c -> Node 0
[    0.011297] SRAT: PXM 0 -> APIC 0x0e -> Node 0
[    0.011298] SRAT: PXM 0 -> APIC 0x10 -> Node 0
[    0.011299] SRAT: PXM 0 -> APIC 0x12 -> Node 0
[    0.011300] SRAT: PXM 0 -> APIC 0x14 -> Node 0
[    0.011300] SRAT: PXM 0 -> APIC 0x16 -> Node 0
[    0.011301] SRAT: PXM 0 -> APIC 0x18 -> Node 0
[    0.011302] SRAT: PXM 0 -> APIC 0x1a -> Node 0
[    0.011302] SRAT: PXM 0 -> APIC 0x1c -> Node 0
[    0.011303] SRAT: PXM 0 -> APIC 0x1e -> Node 0
[    0.011304] SRAT: PXM 0 -> APIC 0x20 -> Node 0
[    0.011304] SRAT: PXM 0 -> APIC 0x22 -> Node 0
[    0.011305] SRAT: PXM 0 -> APIC 0x24 -> Node 0
[    0.011306] SRAT: PXM 0 -> APIC 0x26 -> Node 0
[    0.011306] SRAT: PXM 0 -> APIC 0x28 -> Node 0
[    0.011307] SRAT: PXM 0 -> APIC 0x2a -> Node 0
[    0.011308] SRAT: PXM 0 -> APIC 0x2c -> Node 0
[    0.011308] SRAT: PXM 0 -> APIC 0x2e -> Node 0
[    0.011309] SRAT: PXM 0 -> APIC 0x30 -> Node 0
[    0.011310] SRAT: PXM 0 -> APIC 0x32 -> Node 0
[    0.011311] SRAT: PXM 0 -> APIC 0x34 -> Node 0
[    0.011311] SRAT: PXM 0 -> APIC 0x36 -> Node 0
[    0.011312] SRAT: PXM 0 -> APIC 0x38 -> Node 0
[    0.011313] SRAT: PXM 0 -> APIC 0x3a -> Node 0
[    0.011313] SRAT: PXM 0 -> APIC 0x3c -> Node 0
[    0.011314] SRAT: PXM 0 -> APIC 0x3e -> Node 0
[    0.011315] SRAT: PXM 0 -> APIC 0x40 -> Node 0
[    0.011315] SRAT: PXM 0 -> APIC 0x42 -> Node 0
[    0.011316] SRAT: PXM 0 -> APIC 0x44 -> Node 0
[    0.011317] SRAT: PXM 0 -> APIC 0x46 -> Node 0
[    0.011317] SRAT: PXM 0 -> APIC 0x48 -> Node 0
[    0.011318] SRAT: PXM 0 -> APIC 0x4a -> Node 0
[    0.011319] SRAT: PXM 0 -> APIC 0x4c -> Node 0
[    0.011319] SRAT: PXM 0 -> APIC 0x4e -> Node 0
[    0.011320] SRAT: PXM 0 -> APIC 0x50 -> Node 0
[    0.011321] SRAT: PXM 0 -> APIC 0x52 -> Node 0
[    0.011322] SRAT: PXM 0 -> APIC 0x54 -> Node 0
[    0.011322] SRAT: PXM 0 -> APIC 0x56 -> Node 0
[    0.011323] SRAT: PXM 0 -> APIC 0x58 -> Node 0
[    0.011324] SRAT: PXM 0 -> APIC 0x5a -> Node 0
[    0.011324] SRAT: PXM 0 -> APIC 0x5c -> Node 0
[    0.011325] SRAT: PXM 0 -> APIC 0x5e -> Node 0
[    0.011326] SRAT: PXM 0 -> APIC 0x60 -> Node 0
[    0.011326] SRAT: PXM 0 -> APIC 0x62 -> Node 0
[    0.011327] SRAT: PXM 0 -> APIC 0x64 -> Node 0
[    0.011328] SRAT: PXM 0 -> APIC 0x66 -> Node 0
[    0.011328] SRAT: PXM 0 -> APIC 0x68 -> Node 0
[    0.011329] SRAT: PXM 0 -> APIC 0x6a -> Node 0
[    0.011330] SRAT: PXM 0 -> APIC 0x6c -> Node 0
[    0.011330] SRAT: PXM 0 -> APIC 0x6e -> Node 0
[    0.011331] SRAT: PXM 0 -> APIC 0x70 -> Node 0
[    0.011332] SRAT: PXM 0 -> APIC 0x72 -> Node 0
[    0.011333] SRAT: PXM 0 -> APIC 0x74 -> Node 0
[    0.011333] SRAT: PXM 0 -> APIC 0x76 -> Node 0
[    0.011334] SRAT: PXM 0 -> APIC 0x78 -> Node 0
[    0.011335] SRAT: PXM 0 -> APIC 0x7a -> Node 0
[    0.011335] SRAT: PXM 0 -> APIC 0x7c -> Node 0
[    0.011336] SRAT: PXM 0 -> APIC 0x7e -> Node 0
[    0.011337] SRAT: PXM 0 -> APIC 0x80 -> Node 0
[    0.011337] SRAT: PXM 0 -> APIC 0x82 -> Node 0
[    0.011338] SRAT: PXM 0 -> APIC 0x84 -> Node 0
[    0.011339] SRAT: PXM 0 -> APIC 0x86 -> Node 0
[    0.011339] SRAT: PXM 0 -> APIC 0x88 -> Node 0
[    0.011340] SRAT: PXM 0 -> APIC 0x8a -> Node 0
[    0.011341] SRAT: PXM 0 -> APIC 0x8c -> Node 0
[    0.011341] SRAT: PXM 0 -> APIC 0x8e -> Node 0
[    0.011342] SRAT: PXM 0 -> APIC 0x90 -> Node 0
[    0.011343] SRAT: PXM 0 -> APIC 0x92 -> Node 0
[    0.011343] SRAT: PXM 0 -> APIC 0x94 -> Node 0
[    0.011344] SRAT: PXM 0 -> APIC 0x96 -> Node 0
[    0.011345] SRAT: PXM 0 -> APIC 0x98 -> Node 0
[    0.011346] SRAT: PXM 0 -> APIC 0x9a -> Node 0
[    0.011346] SRAT: PXM 0 -> APIC 0x9c -> Node 0
[    0.011347] SRAT: PXM 0 -> APIC 0x9e -> Node 0
[    0.011348] SRAT: PXM 0 -> APIC 0xa0 -> Node 0
[    0.011348] SRAT: PXM 0 -> APIC 0xa2 -> Node 0
[    0.011349] SRAT: PXM 0 -> APIC 0xa4 -> Node 0
[    0.011350] SRAT: PXM 0 -> APIC 0xa6 -> Node 0
[    0.011350] SRAT: PXM 0 -> APIC 0xa8 -> Node 0
[    0.011351] SRAT: PXM 0 -> APIC 0xaa -> Node 0
[    0.011352] SRAT: PXM 0 -> APIC 0xac -> Node 0
[    0.011352] SRAT: PXM 0 -> APIC 0xae -> Node 0
[    0.011353] SRAT: PXM 0 -> APIC 0xb0 -> Node 0
[    0.011354] SRAT: PXM 0 -> APIC 0xb2 -> Node 0
[    0.011354] SRAT: PXM 0 -> APIC 0xb4 -> Node 0
[    0.011355] SRAT: PXM 0 -> APIC 0xb6 -> Node 0
[    0.011356] SRAT: PXM 0 -> APIC 0xb8 -> Node 0
[    0.011357] SRAT: PXM 0 -> APIC 0xba -> Node 0
[    0.011357] SRAT: PXM 0 -> APIC 0xbc -> Node 0
[    0.011358] SRAT: PXM 0 -> APIC 0xbe -> Node 0
[    0.011359] SRAT: PXM 0 -> APIC 0xc0 -> Node 0
[    0.011359] SRAT: PXM 0 -> APIC 0xc2 -> Node 0
[    0.011360] SRAT: PXM 0 -> APIC 0xc4 -> Node 0
[    0.011361] SRAT: PXM 0 -> APIC 0xc6 -> Node 0
[    0.011361] SRAT: PXM 0 -> APIC 0xc8 -> Node 0
[    0.011362] SRAT: PXM 0 -> APIC 0xca -> Node 0
[    0.011363] SRAT: PXM 0 -> APIC 0xcc -> Node 0
[    0.011363] SRAT: PXM 0 -> APIC 0xce -> Node 0
[    0.011364] SRAT: PXM 0 -> APIC 0xd0 -> Node 0
[    0.011365] SRAT: PXM 0 -> APIC 0xd2 -> Node 0
[    0.011365] SRAT: PXM 0 -> APIC 0xd4 -> Node 0
[    0.011366] SRAT: PXM 0 -> APIC 0xd6 -> Node 0
[    0.011367] SRAT: PXM 0 -> APIC 0xd8 -> Node 0
[    0.011367] SRAT: PXM 0 -> APIC 0xda -> Node 0
[    0.011368] SRAT: PXM 0 -> APIC 0xdc -> Node 0
[    0.011369] SRAT: PXM 0 -> APIC 0xde -> Node 0
[    0.011369] SRAT: PXM 0 -> APIC 0xe0 -> Node 0
[    0.011370] SRAT: PXM 0 -> APIC 0xe2 -> Node 0
[    0.011371] SRAT: PXM 0 -> APIC 0xe4 -> Node 0
[    0.011372] SRAT: PXM 0 -> APIC 0xe6 -> Node 0
[    0.011372] SRAT: PXM 0 -> APIC 0xe8 -> Node 0
[    0.011373] SRAT: PXM 0 -> APIC 0xea -> Node 0
[    0.011374] SRAT: PXM 0 -> APIC 0xec -> Node 0
[    0.011374] SRAT: PXM 0 -> APIC 0xee -> Node 0
[    0.011375] SRAT: PXM 0 -> APIC 0xf0 -> Node 0
[    0.011376] SRAT: PXM 0 -> APIC 0xf2 -> Node 0
[    0.011376] SRAT: PXM 0 -> APIC 0xf4 -> Node 0
[    0.011377] SRAT: PXM 0 -> APIC 0xf6 -> Node 0
[    0.011378] SRAT: PXM 0 -> APIC 0xf8 -> Node 0
[    0.011378] SRAT: PXM 0 -> APIC 0xfa -> Node 0
[    0.011379] SRAT: PXM 0 -> APIC 0xfc -> Node 0
[    0.011380] SRAT: PXM 0 -> APIC 0xfe -> Node 0
[    0.011383] ACPI: SRAT: Node 0 PXM 0 [mem 0x00000000-0x0009ffff]
[    0.011385] ACPI: SRAT: Node 0 PXM 0 [mem 0x00100000-0xbfffffff]
[    0.011386] ACPI: SRAT: Node 0 PXM 0 [mem 0x100000000-0x101ffffff]
[    0.011387] ACPI: SRAT: Node 0 PXM 0 [mem 0x102000000-0xc5fffffff] hotplug
[    0.011391] NUMA: Node 0 [mem 0x00000000-0x0009ffff] + [mem 0x00100000-0xbfffffff] -> [mem 0x00000000-0xbfffffff]
[    0.011393] NUMA: Node 0 [mem 0x00000000-0xbfffffff] + [mem 0x100000000-0x101ffffff] -> [mem 0x00000000-0x101ffffff]
[    0.011402] NODE_DATA(0) allocated [mem 0x101fd5000-0x101ffffff]
[    0.012768] Zone ranges:
[    0.012769]   DMA      [mem 0x0000000000001000-0x0000000000ffffff]
[    0.012771]   DMA32    [mem 0x0000000001000000-0x00000000ffffffff]
[    0.012773]   Normal   [mem 0x0000000100000000-0x0000000101ffffff]
[    0.012774]   Device   empty
[    0.012775] Movable zone start for each node
[    0.012777] Early memory node ranges
[    0.012778]   node   0: [mem 0x0000000000001000-0x000000000009dfff]
[    0.012779]   node   0: [mem 0x0000000000100000-0x00000000bfecffff]
[    0.012780]   node   0: [mem 0x00000000bff00000-0x00000000bfffffff]
[    0.012781]   node   0: [mem 0x0000000100000000-0x0000000101ffffff]
[    0.012782] Initmem setup node 0 [mem 0x0000000000001000-0x0000000101ffffff]
[    0.012880] On node 0, zone DMA: 1 pages in unavailable ranges
[    0.014317] On node 0, zone DMA: 98 pages in unavailable ranges
[    0.102648] On node 0, zone DMA32: 48 pages in unavailable ranges
[    0.102648] On node 0, zone Normal: 24576 pages in unavailable ranges
[    0.124770] ACPI: PM-Timer IO Port: 0x1008
[    0.124815] ACPI: LAPIC_NMI (acpi_id[0x00] high edge lint[0x1])
[    0.124818] ACPI: LAPIC_NMI (acpi_id[0x01] high edge lint[0x1])
[    0.124820] ACPI: LAPIC_NMI (acpi_id[0x02] high edge lint[0x1])
[    0.124822] ACPI: LAPIC_NMI (acpi_id[0x03] high edge lint[0x1])
[    0.124823] ACPI: LAPIC_NMI (acpi_id[0x04] high edge lint[0x1])
[    0.124824] ACPI: LAPIC_NMI (acpi_id[0x05] high edge lint[0x1])
[    0.124825] ACPI: LAPIC_NMI (acpi_id[0x06] high edge lint[0x1])
[    0.124826] ACPI: LAPIC_NMI (acpi_id[0x07] high edge lint[0x1])
[    0.124827] ACPI: LAPIC_NMI (acpi_id[0x08] high edge lint[0x1])
[    0.124828] ACPI: LAPIC_NMI (acpi_id[0x09] high edge lint[0x1])
[    0.124830] ACPI: LAPIC_NMI (acpi_id[0x0a] high edge lint[0x1])
[    0.124831] ACPI: LAPIC_NMI (acpi_id[0x0b] high edge lint[0x1])
[    0.124832] ACPI: LAPIC_NMI (acpi_id[0x0c] high edge lint[0x1])
[    0.124833] ACPI: LAPIC_NMI (acpi_id[0x0d] high edge lint[0x1])
[    0.124834] ACPI: LAPIC_NMI (acpi_id[0x0e] high edge lint[0x1])
[    0.124836] ACPI: LAPIC_NMI (acpi_id[0x0f] high edge lint[0x1])
[    0.124837] ACPI: LAPIC_NMI (acpi_id[0x10] high edge lint[0x1])
[    0.124838] ACPI: LAPIC_NMI (acpi_id[0x11] high edge lint[0x1])
[    0.124839] ACPI: LAPIC_NMI (acpi_id[0x12] high edge lint[0x1])
[    0.124841] ACPI: LAPIC_NMI (acpi_id[0x13] high edge lint[0x1])
[    0.124843] ACPI: LAPIC_NMI (acpi_id[0x14] high edge lint[0x1])
[    0.124844] ACPI: LAPIC_NMI (acpi_id[0x15] high edge lint[0x1])
[    0.124845] ACPI: LAPIC_NMI (acpi_id[0x16] high edge lint[0x1])
[    0.124846] ACPI: LAPIC_NMI (acpi_id[0x17] high edge lint[0x1])
[    0.124847] ACPI: LAPIC_NMI (acpi_id[0x18] high edge lint[0x1])
[    0.124849] ACPI: LAPIC_NMI (acpi_id[0x19] high edge lint[0x1])
[    0.124850] ACPI: LAPIC_NMI (acpi_id[0x1a] high edge lint[0x1])
[    0.124851] ACPI: LAPIC_NMI (acpi_id[0x1b] high edge lint[0x1])
[    0.124853] ACPI: LAPIC_NMI (acpi_id[0x1c] high edge lint[0x1])
[    0.124854] ACPI: LAPIC_NMI (acpi_id[0x1d] high edge lint[0x1])
[    0.124855] ACPI: LAPIC_NMI (acpi_id[0x1e] high edge lint[0x1])
[    0.124857] ACPI: LAPIC_NMI (acpi_id[0x1f] high edge lint[0x1])
[    0.124858] ACPI: LAPIC_NMI (acpi_id[0x20] high edge lint[0x1])
[    0.124859] ACPI: LAPIC_NMI (acpi_id[0x21] high edge lint[0x1])
[    0.124861] ACPI: LAPIC_NMI (acpi_id[0x22] high edge lint[0x1])
[    0.124862] ACPI: LAPIC_NMI (acpi_id[0x23] high edge lint[0x1])
[    0.124863] ACPI: LAPIC_NMI (acpi_id[0x24] high edge lint[0x1])
[    0.124865] ACPI: LAPIC_NMI (acpi_id[0x25] high edge lint[0x1])
[    0.124866] ACPI: LAPIC_NMI (acpi_id[0x26] high edge lint[0x1])
[    0.124868] ACPI: LAPIC_NMI (acpi_id[0x27] high edge lint[0x1])
[    0.124869] ACPI: LAPIC_NMI (acpi_id[0x28] high edge lint[0x1])
[    0.124870] ACPI: LAPIC_NMI (acpi_id[0x29] high edge lint[0x1])
[    0.124872] ACPI: LAPIC_NMI (acpi_id[0x2a] high edge lint[0x1])
[    0.124873] ACPI: LAPIC_NMI (acpi_id[0x2b] high edge lint[0x1])
[    0.124875] ACPI: LAPIC_NMI (acpi_id[0x2c] high edge lint[0x1])
[    0.124876] ACPI: LAPIC_NMI (acpi_id[0x2d] high edge lint[0x1])
[    0.124878] ACPI: LAPIC_NMI (acpi_id[0x2e] high edge lint[0x1])
[    0.124879] ACPI: LAPIC_NMI (acpi_id[0x2f] high edge lint[0x1])
[    0.124881] ACPI: LAPIC_NMI (acpi_id[0x30] high edge lint[0x1])
[    0.124882] ACPI: LAPIC_NMI (acpi_id[0x31] high edge lint[0x1])
[    0.124884] ACPI: LAPIC_NMI (acpi_id[0x32] high edge lint[0x1])
[    0.124885] ACPI: LAPIC_NMI (acpi_id[0x33] high edge lint[0x1])
[    0.124887] ACPI: LAPIC_NMI (acpi_id[0x34] high edge lint[0x1])
[    0.124888] ACPI: LAPIC_NMI (acpi_id[0x35] high edge lint[0x1])
[    0.124890] ACPI: LAPIC_NMI (acpi_id[0x36] high edge lint[0x1])
[    0.124891] ACPI: LAPIC_NMI (acpi_id[0x37] high edge lint[0x1])
[    0.124893] ACPI: LAPIC_NMI (acpi_id[0x38] high edge lint[0x1])
[    0.124894] ACPI: LAPIC_NMI (acpi_id[0x39] high edge lint[0x1])
[    0.124896] ACPI: LAPIC_NMI (acpi_id[0x3a] high edge lint[0x1])
[    0.124897] ACPI: LAPIC_NMI (acpi_id[0x3b] high edge lint[0x1])
[    0.124898] ACPI: LAPIC_NMI (acpi_id[0x3c] high edge lint[0x1])
[    0.124900] ACPI: LAPIC_NMI (acpi_id[0x3d] high edge lint[0x1])
[    0.124901] ACPI: LAPIC_NMI (acpi_id[0x3e] high edge lint[0x1])
[    0.124902] ACPI: LAPIC_NMI (acpi_id[0x3f] high edge lint[0x1])
[    0.124904] ACPI: LAPIC_NMI (acpi_id[0x40] high edge lint[0x1])
[    0.124905] ACPI: LAPIC_NMI (acpi_id[0x41] high edge lint[0x1])
[    0.124907] ACPI: LAPIC_NMI (acpi_id[0x42] high edge lint[0x1])
[    0.124908] ACPI: LAPIC_NMI (acpi_id[0x43] high edge lint[0x1])
[    0.124910] ACPI: LAPIC_NMI (acpi_id[0x44] high edge lint[0x1])
[    0.124911] ACPI: LAPIC_NMI (acpi_id[0x45] high edge lint[0x1])
[    0.124913] ACPI: LAPIC_NMI (acpi_id[0x46] high edge lint[0x1])
[    0.124914] ACPI: LAPIC_NMI (acpi_id[0x47] high edge lint[0x1])
[    0.124916] ACPI: LAPIC_NMI (acpi_id[0x48] high edge lint[0x1])
[    0.124918] ACPI: LAPIC_NMI (acpi_id[0x49] high edge lint[0x1])
[    0.124919] ACPI: LAPIC_NMI (acpi_id[0x4a] high edge lint[0x1])
[    0.124921] ACPI: LAPIC_NMI (acpi_id[0x4b] high edge lint[0x1])
[    0.124922] ACPI: LAPIC_NMI (acpi_id[0x4c] high edge lint[0x1])
[    0.124923] ACPI: LAPIC_NMI (acpi_id[0x4d] high edge lint[0x1])
[    0.124925] ACPI: LAPIC_NMI (acpi_id[0x4e] high edge lint[0x1])
[    0.124926] ACPI: LAPIC_NMI (acpi_id[0x4f] high edge lint[0x1])
[    0.124928] ACPI: LAPIC_NMI (acpi_id[0x50] high edge lint[0x1])
[    0.124929] ACPI: LAPIC_NMI (acpi_id[0x51] high edge lint[0x1])
[    0.124931] ACPI: LAPIC_NMI (acpi_id[0x52] high edge lint[0x1])
[    0.124932] ACPI: LAPIC_NMI (acpi_id[0x53] high edge lint[0x1])
[    0.124933] ACPI: LAPIC_NMI (acpi_id[0x54] high edge lint[0x1])
[    0.124935] ACPI: LAPIC_NMI (acpi_id[0x55] high edge lint[0x1])
[    0.124936] ACPI: LAPIC_NMI (acpi_id[0x56] high edge lint[0x1])
[    0.124937] ACPI: LAPIC_NMI (acpi_id[0x57] high edge lint[0x1])
[    0.124938] ACPI: LAPIC_NMI (acpi_id[0x58] high edge lint[0x1])
[    0.124939] ACPI: LAPIC_NMI (acpi_id[0x59] high edge lint[0x1])
[    0.124941] ACPI: LAPIC_NMI (acpi_id[0x5a] high edge lint[0x1])
[    0.124942] ACPI: LAPIC_NMI (acpi_id[0x5b] high edge lint[0x1])
[    0.124944] ACPI: LAPIC_NMI (acpi_id[0x5c] high edge lint[0x1])
[    0.124945] ACPI: LAPIC_NMI (acpi_id[0x5d] high edge lint[0x1])
[    0.124947] ACPI: LAPIC_NMI (acpi_id[0x5e] high edge lint[0x1])
[    0.124948] ACPI: LAPIC_NMI (acpi_id[0x5f] high edge lint[0x1])
[    0.124950] ACPI: LAPIC_NMI (acpi_id[0x60] high edge lint[0x1])
[    0.124951] ACPI: LAPIC_NMI (acpi_id[0x61] high edge lint[0x1])
[    0.124953] ACPI: LAPIC_NMI (acpi_id[0x62] high edge lint[0x1])
[    0.124954] ACPI: LAPIC_NMI (acpi_id[0x63] high edge lint[0x1])
[    0.124956] ACPI: LAPIC_NMI (acpi_id[0x64] high edge lint[0x1])
[    0.124957] ACPI: LAPIC_NMI (acpi_id[0x65] high edge lint[0x1])
[    0.124959] ACPI: LAPIC_NMI (acpi_id[0x66] high edge lint[0x1])
[    0.124961] ACPI: LAPIC_NMI (acpi_id[0x67] high edge lint[0x1])
[    0.124962] ACPI: LAPIC_NMI (acpi_id[0x68] high edge lint[0x1])
[    0.124963] ACPI: LAPIC_NMI (acpi_id[0x69] high edge lint[0x1])
[    0.124964] ACPI: LAPIC_NMI (acpi_id[0x6a] high edge lint[0x1])
[    0.124965] ACPI: LAPIC_NMI (acpi_id[0x6b] high edge lint[0x1])
[    0.124967] ACPI: LAPIC_NMI (acpi_id[0x6c] high edge lint[0x1])
[    0.124968] ACPI: LAPIC_NMI (acpi_id[0x6d] high edge lint[0x1])
[    0.124970] ACPI: LAPIC_NMI (acpi_id[0x6e] high edge lint[0x1])
[    0.124971] ACPI: LAPIC_NMI (acpi_id[0x6f] high edge lint[0x1])
[    0.124972] ACPI: LAPIC_NMI (acpi_id[0x70] high edge lint[0x1])
[    0.124974] ACPI: LAPIC_NMI (acpi_id[0x71] high edge lint[0x1])
[    0.124975] ACPI: LAPIC_NMI (acpi_id[0x72] high edge lint[0x1])
[    0.124976] ACPI: LAPIC_NMI (acpi_id[0x73] high edge lint[0x1])
[    0.124978] ACPI: LAPIC_NMI (acpi_id[0x74] high edge lint[0x1])
[    0.124979] ACPI: LAPIC_NMI (acpi_id[0x75] high edge lint[0x1])
[    0.124980] ACPI: LAPIC_NMI (acpi_id[0x76] high edge lint[0x1])
[    0.124982] ACPI: LAPIC_NMI (acpi_id[0x77] high edge lint[0x1])
[    0.124983] ACPI: LAPIC_NMI (acpi_id[0x78] high edge lint[0x1])
[    0.124985] ACPI: LAPIC_NMI (acpi_id[0x79] high edge lint[0x1])
[    0.124986] ACPI: LAPIC_NMI (acpi_id[0x7a] high edge lint[0x1])
[    0.124988] ACPI: LAPIC_NMI (acpi_id[0x7b] high edge lint[0x1])
[    0.124989] ACPI: LAPIC_NMI (acpi_id[0x7c] high edge lint[0x1])
[    0.124991] ACPI: LAPIC_NMI (acpi_id[0x7d] high edge lint[0x1])
[    0.124992] ACPI: LAPIC_NMI (acpi_id[0x7e] high edge lint[0x1])
[    0.124994] ACPI: LAPIC_NMI (acpi_id[0x7f] high edge lint[0x1])
[    0.125179] IOAPIC[0]: apic_id 1, version 32, address 0xfec00000, GSI 0-23
[    0.125188] ACPI: INT_SRC_OVR (bus 0 bus_irq 0 global_irq 2 high edge)
[    0.125202] ACPI: Using ACPI (MADT) for SMP configuration information
[    0.125204] ACPI: HPET id: 0x8086af01 base: 0xfed00000
[    0.125216] CPU topo: Max. logical packages: 128
[    0.125218] CPU topo: Max. logical dies:     128
[    0.125219] CPU topo: Max. dies per package:   1
[    0.125225] CPU topo: Max. threads per core:   1
[    0.125226] CPU topo: Num. cores per package:     1
[    0.125227] CPU topo: Num. threads per package:   1
[    0.125228] CPU topo: Allowing 3 present CPUs plus 125 hotplug CPUs
[    0.125250] PM: hibernation: Registered nosave memory: [mem 0x00000000-0x00000fff]
[    0.125293] PM: hibernation: Registered nosave memory: [mem 0x0009e000-0x0009efff]
[    0.125296] PM: hibernation: Registered nosave memory: [mem 0x0009f000-0x0009ffff]
[    0.125297] PM: hibernation: Registered nosave memory: [mem 0x000a0000-0x000dbfff]
[    0.125298] PM: hibernation: Registered nosave memory: [mem 0x000dc000-0x000fffff]
[    0.125301] PM: hibernation: Registered nosave memory: [mem 0xbfed0000-0xbfefefff]
[    0.125303] PM: hibernation: Registered nosave memory: [mem 0xbfeff000-0xbfefffff]
[    0.125305] PM: hibernation: Registered nosave memory: [mem 0xc0000000-0xefffffff]
[    0.125307] PM: hibernation: Registered nosave memory: [mem 0xf0000000-0xf7ffffff]
[    0.125308] PM: hibernation: Registered nosave memory: [mem 0xf8000000-0xfebfffff]
[    0.125309] PM: hibernation: Registered nosave memory: [mem 0xfec00000-0xfec0ffff]
[    0.125311] PM: hibernation: Registered nosave memory: [mem 0xfec10000-0xfedfffff]
[    0.125312] PM: hibernation: Registered nosave memory: [mem 0xfee00000-0xfee00fff]
[    0.125314] PM: hibernation: Registered nosave memory: [mem 0xfee01000-0xfffdffff]
[    0.125315] PM: hibernation: Registered nosave memory: [mem 0xfffe0000-0xffffffff]
[    0.125317] [mem 0xc0000000-0xefffffff] available for PCI devices
[    0.125319] Booting paravirtualized kernel on VMware hypervisor
[    0.125323] clocksource: refined-jiffies: mask: 0xffffffff max_cycles: 0xffffffff, max_idle_ns: 1910969940391419 ns
[    0.125332] setup_percpu: NR_CPUS:8192 nr_cpumask_bits:128 nr_cpu_ids:128 nr_node_ids:1
[    0.515686] percpu: Embedded 88 pages/cpu s237568 r8192 d114688 u524288
[    0.515700] pcpu-alloc: s237568 r8192 d114688 u524288 alloc=1*2097152
[    0.515703] pcpu-alloc: [0] 000 001 002 003 [0] 004 005 006 007 
[    0.515708] pcpu-alloc: [0] 008 009 010 011 [0] 012 013 014 015 
[    0.515713] pcpu-alloc: [0] 016 017 018 019 [0] 020 021 022 023 
[    0.515718] pcpu-alloc: [0] 024 025 026 027 [0] 028 029 030 031 
[    0.515723] pcpu-alloc: [0] 032 033 034 035 [0] 036 037 038 039 
[    0.515727] pcpu-alloc: [0] 040 041 042 043 [0] 044 045 046 047 
[    0.515732] pcpu-alloc: [0] 048 049 050 051 [0] 052 053 054 055 
[    0.515737] pcpu-alloc: [0] 056 057 058 059 [0] 060 061 062 063 
[    0.515742] pcpu-alloc: [0] 064 065 066 067 [0] 068 069 070 071 
[    0.515747] pcpu-alloc: [0] 072 073 074 075 [0] 076 077 078 079 
[    0.515752] pcpu-alloc: [0] 080 081 082 083 [0] 084 085 086 087 
[    0.515756] pcpu-alloc: [0] 088 089 090 091 [0] 092 093 094 095 
[    0.515761] pcpu-alloc: [0] 096 097 098 099 [0] 100 101 102 103 
[    0.515766] pcpu-alloc: [0] 104 105 106 107 [0] 108 109 110 111 
[    0.515771] pcpu-alloc: [0] 112 113 114 115 [0] 116 117 118 119 
[    0.515776] pcpu-alloc: [0] 120 121 122 123 [0] 124 125 126 127 
[    0.515868] Kernel command line: BOOT_IMAGE=/boot/vmlinuz-6.11.0-19-generic root=UUID=8d0dde75-d3dc-49a7-99f5-c2afe75af60b ro quiet splash
[    0.515951] Unknown kernel command line parameters "splash BOOT_IMAGE=/boot/vmlinuz-6.11.0-19-generic", will be passed to user space.
[    0.515978] random: crng init done
[    0.515979] printk: log_buf_len individual max cpu contribution: 4096 bytes
[    0.515980] printk: log_buf_len total cpu_extra contributions: 520192 bytes
[    0.515981] printk: log_buf_len min size: 262144 bytes
[    0.543287] printk: log_buf_len: 1048576 bytes
[    0.543291] printk: early log buf free: 237752(90%)
[    0.567029] Dentry cache hash table entries: 524288 (order: 10, 4194304 bytes, linear)
[    0.579151] Inode-cache hash table entries: 262144 (order: 9, 2097152 bytes, linear)
[    0.589470] Fallback order for Node 0: 0 
[    0.589493] Built 1 zonelists, mobility grouping on.  Total pages: 794477
[    0.589496] Policy zone: Normal
[    0.589505] mem auto-init: stack:all(zero), heap alloc:on, heap free:off
[    0.589511] software IO TLB: area num 128.
[    0.989161] SLUB: HWalign=64, Order=0-3, MinObjects=0, CPUs=128, Nodes=1
[    0.995310] Kernel/User page tables isolation: enabled
[    0.996727] ftrace: allocating 59199 entries in 232 pages
[    1.012041] ftrace: allocated 232 pages with 4 groups
[    1.015627] Dynamic Preempt: voluntary
[    1.020428] rcu: Preemptible hierarchical RCU implementation.
[    1.020431] rcu: 	RCU restricting CPUs from NR_CPUS=8192 to nr_cpu_ids=128.
[    1.020432] 	Trampoline variant of Tasks RCU enabled.
[    1.020433] 	Rude variant of Tasks RCU enabled.
[    1.020433] 	Tracing variant of Tasks RCU enabled.
[    1.020434] rcu: RCU calculated value of scheduler-enlistment delay is 100 jiffies.
[    1.020435] rcu: Adjusting geometry for rcu_fanout_leaf=16, nr_cpu_ids=128
[    1.021365] RCU Tasks: Setting shift to 7 and lim to 1 rcu_task_cb_adjust=1 rcu_task_cpu_ids=128.
[    1.021375] RCU Tasks Rude: Setting shift to 7 and lim to 1 rcu_task_cb_adjust=1 rcu_task_cpu_ids=128.
[    1.021384] RCU Tasks Trace: Setting shift to 7 and lim to 1 rcu_task_cb_adjust=1 rcu_task_cpu_ids=128.
[    1.027409] NR_IRQS: 524544, nr_irqs: 1448, preallocated irqs: 16
[    1.028318] rcu: srcu_init: Setting srcu_struct sizes to big.
[    1.062009] Console: colour VGA+ 80x25
[    1.062016] printk: legacy console [tty0] enabled
[    1.062235] ACPI: Core revision 20240322
[    1.063950] clocksource: hpet: mask: 0xffffffff max_cycles: 0xffffffff, max_idle_ns: 133484882848 ns
[    1.064404] APIC: Switch to symmetric I/O mode setup
[    1.065645] x2apic enabled
[    1.066947] APIC: Switched APIC routing to: physical x2apic
[    1.070186] ..TIMER: vector=0x30 apic1=0 pin1=2 apic2=-1 pin2=-1
[    1.070732] clocksource: tsc-early: mask: 0xffffffffffffffff max_cycles: 0x36a8d32ce31, max_idle_ns: 881590731004 ns
[    1.070740] Calibrating delay loop (skipped) preset value.. 3792.00 BogoMIPS (lpj=1896000)
[    1.071929] Disabled fast string operations
[    1.072688] Last level iTLB entries: 4KB 64, 2MB 8, 4MB 8
[    1.072697] Last level dTLB entries: 4KB 64, 2MB 0, 4MB 0, 1GB 4
[    1.072713] Spectre V1 : Mitigation: usercopy/swapgs barriers and __user pointer sanitization
[    1.072717] Spectre V2 : Spectre BHI mitigation: SW BHB clearing on syscall and VM exit
[    1.072718] Spectre V2 : Mitigation: IBRS
[    1.072719] Spectre V2 : Spectre v2 / SpectreRSB mitigation: Filling RSB on context switch
[    1.072720] Spectre V2 : Spectre v2 / SpectreRSB : Filling RSB on VMEXIT
[    1.072721] RETBleed: Mitigation: IBRS
[    1.072736] Spectre V2 : mitigation: Enabling conditional Indirect Branch Prediction Barrier
[    1.072736] Speculative Store Bypass: Mitigation: Speculative Store Bypass disabled via prctl
[    1.072736] MDS: Mitigation: Clear CPU buffers
[    1.072736] MMIO Stale Data: Mitigation: Clear CPU buffers
[    1.072736] SRBDS: Unknown: Dependent on hypervisor status
[    1.072736] GDS: Unknown: Dependent on hypervisor status
[    1.072736] x86/fpu: Supporting XSAVE feature 0x001: 'x87 floating point registers'
[    1.072736] x86/fpu: Supporting XSAVE feature 0x002: 'SSE registers'
[    1.072736] x86/fpu: Supporting XSAVE feature 0x004: 'AVX registers'
[    1.072736] x86/fpu: xstate_offset[2]:  576, xstate_sizes[2]:  256
[    1.072736] x86/fpu: Enabled xstate features 0x7, context size is 832 bytes, using 'compacted' format.
[    1.111495] Freeing SMP alternatives memory: 48K
[    1.111503] pid_max: default: 131072 minimum: 1024
[    1.111714] LSM: initializing lsm=lockdown,capability,landlock,yama,apparmor,ima,evm
[    1.111736] landlock: Up and running.
[    1.111736] Yama: becoming mindful.
[    1.112170] AppArmor: AppArmor initialized
[    1.112738] Mount-cache hash table entries: 8192 (order: 4, 65536 bytes, linear)
[    1.113110] Mountpoint-cache hash table entries: 8192 (order: 4, 65536 bytes, linear)
[    1.118736] smpboot: CPU0: Intel(R) Core(TM) i5-8350U CPU @ 1.70GHz (family: 0x6, model: 0x8e, stepping: 0xa)
[    1.121980] Performance Events: Skylake events, core PMU driver.
[    1.122425] core: CPUID marked event: 'cpu cycles' unavailable
[    1.122427] core: CPUID marked event: 'instructions' unavailable
[    1.122427] core: CPUID marked event: 'bus cycles' unavailable
[    1.122428] core: CPUID marked event: 'cache references' unavailable
[    1.122429] core: CPUID marked event: 'cache misses' unavailable
[    1.122430] core: CPUID marked event: 'branch instructions' unavailable
[    1.122431] core: CPUID marked event: 'branch misses' unavailable
[    1.122433] ... version:                1
[    1.122435] ... bit width:              48
[    1.122436] ... generic registers:      4
[    1.122437] ... value mask:             0000ffffffffffff
[    1.122438] ... max period:             000000007fffffff
[    1.122439] ... fixed-purpose events:   0
[    1.122440] ... event mask:             000000000000000f
[    1.122877] signal: max sigframe size: 1776
[    1.123499] rcu: Hierarchical SRCU implementation.
[    1.123502] rcu: 	Max phase no-delay instances is 400.
[    1.124189] Timer migration: 3 hierarchy levels; 8 children per group; 3 crossnode level
[    1.125432] NMI watchdog: Perf NMI watchdog permanently disabled
[    1.155362] smp: Bringing up secondary CPUs ...
[    1.157374] smpboot: x86: Booting SMP configuration:
[    1.157378] .... node  #0, CPUs:          #1   #2
[    0.040074] Disabled fast string operations
[    0.040074] Disabled fast string operations
[    1.164833] smp: Brought up 1 node, 3 CPUs
[    1.164841] smpboot: Total of 3 processors activated (11376.00 BogoMIPS)
[    1.168358] Memory: 2871280K/3177908K available (22528K kernel code, 4518K rwdata, 14876K rodata, 5096K init, 4528K bss, 295268K reserved, 0K cma-reserved)
[    1.169772] devtmpfs: initialized
[    1.170849] x86/mm: Memory block size: 128MB
[    1.174848] ACPI: PM: Registering ACPI NVS region [mem 0xbfeff000-0xbfefffff] (4096 bytes)
[    1.175898] clocksource: jiffies: mask: 0xffffffff max_cycles: 0xffffffff, max_idle_ns: 1911260446275000 ns
[    1.190496] futex hash table entries: 32768 (order: 9, 2097152 bytes, linear)
[    1.193329] pinctrl core: initialized pinctrl subsystem
[    1.194004] PM: RTC time: 14:46:41, date: 2025-03-16
[    1.212406] NET: Registered PF_NETLINK/PF_ROUTE protocol family
[    1.216490] DMA: preallocated 512 KiB GFP_KERNEL pool for atomic allocations
[    1.216589] DMA: preallocated 512 KiB GFP_KERNEL|GFP_DMA pool for atomic allocations
[    1.216704] DMA: preallocated 512 KiB GFP_KERNEL|GFP_DMA32 pool for atomic allocations
[    1.216766] audit: initializing netlink subsys (disabled)
[    1.217083] audit: type=2000 audit(1742136401.149:1): state=initialized audit_enabled=0 res=1
[    1.218461] thermal_sys: Registered thermal governor 'fair_share'
[    1.218464] thermal_sys: Registered thermal governor 'bang_bang'
[    1.218466] thermal_sys: Registered thermal governor 'step_wise'
[    1.218467] thermal_sys: Registered thermal governor 'user_space'
[    1.218468] thermal_sys: Registered thermal governor 'power_allocator'
[    1.218506] EISA bus registered
[    1.218529] cpuidle: using governor ladder
[    1.218535] cpuidle: using governor menu
[    1.218649] Simple Boot Flag at 0x36 set to 0x80
[    1.218744] acpiphp: ACPI Hot Plug PCI Controller Driver version: 0.5
[    1.219912] PCI: ECAM [mem 0xf0000000-0xf7ffffff] (base 0xf0000000) for domain 0000 [bus 00-7f]
[    1.219932] PCI: Using configuration type 1 for base access
[    1.220985] kprobes: kprobe jump-optimization is enabled. All kprobes are optimized if possible.
[    1.231821] HugeTLB: registered 1.00 GiB page size, pre-allocated 0 pages
[    1.231826] HugeTLB: 16380 KiB vmemmap can be freed for a 1.00 GiB page
[    1.231828] HugeTLB: registered 2.00 MiB page size, pre-allocated 0 pages
[    1.231829] HugeTLB: 28 KiB vmemmap can be freed for a 2.00 MiB page
[    1.238347] ACPI: Added _OSI(Module Device)
[    1.238351] ACPI: Added _OSI(Processor Device)
[    1.238353] ACPI: Added _OSI(3.0 _SCP Extensions)
[    1.238355] ACPI: Added _OSI(Processor Aggregator Device)
[    1.268611] ACPI: 1 ACPI AML tables successfully acquired and loaded
[    1.273077] ACPI: [Firmware Bug]: BIOS _OSI(Linux) query ignored
[    1.304978] ACPI: Interpreter enabled
[    1.305040] ACPI: PM: (supports S0 S1 S4 S5)
[    1.305046] ACPI: Using IOAPIC for interrupt routing
[    1.308458] PCI: Using host bridge windows from ACPI; if necessary, use "pci=nocrs" and report a bug
[    1.308462] PCI: Using E820 reservations for host bridge windows
[    1.310415] ACPI: Enabled 4 GPEs in block 00 to 0F
[    1.606016] ACPI: PCI Root Bridge [PCI0] (domain 0000 [bus 00-7f])
[    1.606028] acpi PNP0A03:00: _OSC: OS supports [ExtendedConfig ASPM ClockPM Segments MSI EDR HPX-Type3]
[    1.606175] acpi PNP0A03:00: _OSC: platform does not support [AER LTR DPC]
[    1.606465] acpi PNP0A03:00: _OSC: OS now controls [PCIeHotplug SHPCHotplug PME PCIeCapability]
[    1.610855] PCI host bridge to bus 0000:00
[    1.610860] pci_bus 0000:00: root bus resource [mem 0x000a0000-0x000bffff window]
[    1.610862] pci_bus 0000:00: root bus resource [mem 0x000d0000-0x000dbfff window]
[    1.610864] pci_bus 0000:00: root bus resource [mem 0xc0000000-0xfebfffff window]
[    1.610866] pci_bus 0000:00: root bus resource [io  0x0000-0x0cf7 window]
[    1.610867] pci_bus 0000:00: root bus resource [io  0x0d00-0xfeff window]
[    1.610869] pci_bus 0000:00: root bus resource [bus 00-7f]
[    1.611094] pci 0000:00:00.0: [8086:7190] type 00 class 0x060000 conventional PCI endpoint
[    1.612555] pci 0000:00:01.0: [8086:7191] type 01 class 0x060400 conventional PCI bridge
[    1.613214] pci 0000:00:01.0: PCI bridge to [bus 01]
[    1.629348] pci 0000:00:07.0: [8086:7110] type 00 class 0x060100 conventional PCI endpoint
[    1.631230] pci 0000:00:07.1: [8086:7111] type 00 class 0x01018a conventional PCI endpoint
[    1.633334] pci 0000:00:07.1: BAR 4 [io  0x1060-0x106f]
[    1.634184] pci 0000:00:07.1: BAR 0 [io  0x01f0-0x01f7]: legacy IDE quirk
[    1.634186] pci 0000:00:07.1: BAR 1 [io  0x03f6]: legacy IDE quirk
[    1.634188] pci 0000:00:07.1: BAR 2 [io  0x0170-0x0177]: legacy IDE quirk
[    1.634189] pci 0000:00:07.1: BAR 3 [io  0x0376]: legacy IDE quirk
[    1.634591] pci 0000:00:07.3: [8086:7113] type 00 class 0x068000 conventional PCI endpoint
[    1.637124] pci 0000:00:07.3: quirk: [io  0x1000-0x103f] claimed by PIIX4 ACPI
[    1.637152] pci 0000:00:07.3: quirk: [io  0x1040-0x104f] claimed by PIIX4 SMB
[    1.638840] pci 0000:00:07.7: [15ad:0740] type 00 class 0x088000 conventional PCI endpoint
[    1.639421] pci 0000:00:07.7: BAR 0 [io  0x1080-0x10bf]
[    1.639961] pci 0000:00:07.7: BAR 1 [mem 0xfebc0000-0xfebfffff 64bit]
[    1.663459] pci 0000:00:0f.0: [15ad:0405] type 00 class 0x030000 conventional PCI endpoint
[    1.664739] pci 0000:00:0f.0: BAR 0 [io  0x1070-0x107f]
[    1.665739] pci 0000:00:0f.0: BAR 1 [mem 0xe8000000-0xefffffff pref]
[    1.667310] pci 0000:00:0f.0: BAR 2 [mem 0xfe000000-0xfe7fffff]
[    1.671280] pci 0000:00:0f.0: ROM [mem 0x00000000-0x00007fff pref]
[    1.671420] pci 0000:00:0f.0: Video device with shadowed ROM at [mem 0x000c0000-0x000dffff]
[    1.672458] pci 0000:00:10.0: [1000:0030] type 00 class 0x010000 conventional PCI endpoint
[    1.672997] pci 0000:00:10.0: BAR 0 [io  0x1400-0x14ff]
[    1.673537] pci 0000:00:10.0: BAR 1 [mem 0xfeb80000-0xfeb9ffff 64bit]
[    1.674084] pci 0000:00:10.0: BAR 3 [mem 0xfeba0000-0xfebbffff 64bit]
[    1.674984] pci 0000:00:10.0: ROM [mem 0x00000000-0x00003fff pref]
[    1.675776] pci 0000:00:11.0: [15ad:0790] type 01 class 0x060401 conventional PCI bridge
[    1.676418] pci 0000:00:11.0: PCI bridge to [bus 02] (subtractive decode)
[    1.676472] pci 0000:00:11.0:   bridge window [io  0x2000-0x3fff]
[    1.676523] pci 0000:00:11.0:   bridge window [mem 0xfd500000-0xfdffffff]
[    1.677738] pci 0000:00:11.0:   bridge window [mem 0xe7b00000-0xe7ffffff 64bit pref]
[    1.687156] pci 0000:00:15.0: [15ad:07a0] type 01 class 0x060400 PCIe Root Port
[    1.687785] pci 0000:00:15.0: PCI bridge to [bus 03]
[    1.687839] pci 0000:00:15.0:   bridge window [io  0x4000-0x4fff]
[    1.687889] pci 0000:00:15.0:   bridge window [mem 0xfd400000-0xfd4fffff]
[    1.688102] pci 0000:00:15.0:   bridge window [mem 0xe7a00000-0xe7afffff 64bit pref]
[    1.689344] pci 0000:00:15.0: PME# supported from D0 D3hot D3cold
[    1.690298] pci 0000:00:15.1: [15ad:07a0] type 01 class 0x060400 PCIe Root Port
[    1.690971] pci 0000:00:15.1: PCI bridge to [bus 04]
[    1.691025] pci 0000:00:15.1:   bridge window [io  0x8000-0x8fff]
[    1.691075] pci 0000:00:15.1:   bridge window [mem 0xfd000000-0xfd0fffff]
[    1.691288] pci 0000:00:15.1:   bridge window [mem 0xe7600000-0xe76fffff 64bit pref]
[    1.692504] pci 0000:00:15.1: PME# supported from D0 D3hot D3cold
[    1.693461] pci 0000:00:15.2: [15ad:07a0] type 01 class 0x060400 PCIe Root Port
[    1.694088] pci 0000:00:15.2: PCI bridge to [bus 05]
[    1.694142] pci 0000:00:15.2:   bridge window [io  0xc000-0xcfff]
[    1.694192] pci 0000:00:15.2:   bridge window [mem 0xfcc00000-0xfccfffff]
[    1.694405] pci 0000:00:15.2:   bridge window [mem 0xe7200000-0xe72fffff 64bit pref]
[    1.695634] pci 0000:00:15.2: PME# supported from D0 D3hot D3cold
[    1.696587] pci 0000:00:15.3: [15ad:07a0] type 01 class 0x060400 PCIe Root Port
[    1.697228] pci 0000:00:15.3: PCI bridge to [bus 06]
[    1.697328] pci 0000:00:15.3:   bridge window [mem 0xfc800000-0xfc8fffff]
[    1.697541] pci 0000:00:15.3:   bridge window [mem 0xe6e00000-0xe6efffff 64bit pref]
[    1.698764] pci 0000:00:15.3: PME# supported from D0 D3hot D3cold
[    1.699698] pci 0000:00:15.4: [15ad:07a0] type 01 class 0x060400 PCIe Root Port
[    1.700334] pci 0000:00:15.4: PCI bridge to [bus 07]
[    1.700434] pci 0000:00:15.4:   bridge window [mem 0xfc400000-0xfc4fffff]
[    1.700662] pci 0000:00:15.4:   bridge window [mem 0xe6a00000-0xe6afffff 64bit pref]
[    1.701872] pci 0000:00:15.4: PME# supported from D0 D3hot D3cold
[    1.702824] pci 0000:00:15.5: [15ad:07a0] type 01 class 0x060400 PCIe Root Port
[    1.703446] pci 0000:00:15.5: PCI bridge to [bus 08]
[    1.703556] pci 0000:00:15.5:   bridge window [mem 0xfc000000-0xfc0fffff]
[    1.703785] pci 0000:00:15.5:   bridge window [mem 0xe6600000-0xe66fffff 64bit pref]
[    1.704983] pci 0000:00:15.5: PME# supported from D0 D3hot D3cold
[    1.705943] pci 0000:00:15.6: [15ad:07a0] type 01 class 0x060400 PCIe Root Port
[    1.706583] pci 0000:00:15.6: PCI bridge to [bus 09]
[    1.706683] pci 0000:00:15.6:   bridge window [mem 0xfbc00000-0xfbcfffff]
[    1.706902] pci 0000:00:15.6:   bridge window [mem 0xe6200000-0xe62fffff 64bit pref]
[    1.708114] pci 0000:00:15.6: PME# supported from D0 D3hot D3cold
[    1.709061] pci 0000:00:15.7: [15ad:07a0] type 01 class 0x060400 PCIe Root Port
[    1.709695] pci 0000:00:15.7: PCI bridge to [bus 0a]
[    1.709799] pci 0000:00:15.7:   bridge window [mem 0xfb800000-0xfb8fffff]
[    1.710012] pci 0000:00:15.7:   bridge window [mem 0xe5e00000-0xe5efffff 64bit pref]
[    1.711244] pci 0000:00:15.7: PME# supported from D0 D3hot D3cold
[    1.712175] pci 0000:00:16.0: [15ad:07a0] type 01 class 0x060400 PCIe Root Port
[    1.712809] pci 0000:00:16.0: PCI bridge to [bus 0b]
[    1.712862] pci 0000:00:16.0:   bridge window [io  0x5000-0x5fff]
[    1.712912] pci 0000:00:16.0:   bridge window [mem 0xfd300000-0xfd3fffff]
[    1.713125] pci 0000:00:16.0:   bridge window [mem 0xe7900000-0xe79fffff 64bit pref]
[    1.714353] pci 0000:00:16.0: PME# supported from D0 D3hot D3cold
[    1.715281] pci 0000:00:16.1: [15ad:07a0] type 01 class 0x060400 PCIe Root Port
[    1.715926] pci 0000:00:16.1: PCI bridge to [bus 0c]
[    1.715979] pci 0000:00:16.1:   bridge window [io  0x9000-0x9fff]
[    1.716030] pci 0000:00:16.1:   bridge window [mem 0xfcf00000-0xfcffffff]
[    1.716243] pci 0000:00:16.1:   bridge window [mem 0xe7500000-0xe75fffff 64bit pref]
[    1.717482] pci 0000:00:16.1: PME# supported from D0 D3hot D3cold
[    1.718422] pci 0000:00:16.2: [15ad:07a0] type 01 class 0x060400 PCIe Root Port
[    1.719088] pci 0000:00:16.2: PCI bridge to [bus 0d]
[    1.719142] pci 0000:00:16.2:   bridge window [io  0xd000-0xdfff]
[    1.719192] pci 0000:00:16.2:   bridge window [mem 0xfcb00000-0xfcbfffff]
[    1.719405] pci 0000:00:16.2:   bridge window [mem 0xe7100000-0xe71fffff 64bit pref]
[    1.720629] pci 0000:00:16.2: PME# supported from D0 D3hot D3cold
[    1.721608] pci 0000:00:16.3: [15ad:07a0] type 01 class 0x060400 PCIe Root Port
[    1.722228] pci 0000:00:16.3: PCI bridge to [bus 0e]
[    1.722328] pci 0000:00:16.3:   bridge window [mem 0xfc700000-0xfc7fffff]
[    1.722549] pci 0000:00:16.3:   bridge window [mem 0xe6d00000-0xe6dfffff 64bit pref]
[    1.723882] pci 0000:00:16.3: PME# supported from D0 D3hot D3cold
[    1.724909] pci 0000:00:16.4: [15ad:07a0] type 01 class 0x060400 PCIe Root Port
[    1.725625] pci 0000:00:16.4: PCI bridge to [bus 0f]
[    1.725788] pci 0000:00:16.4:   bridge window [mem 0xfc300000-0xfc3fffff]
[    1.726042] pci 0000:00:16.4:   bridge window [mem 0xe6900000-0xe69fffff 64bit pref]
[    1.727274] pci 0000:00:16.4: PME# supported from D0 D3hot D3cold
[    1.728257] pci 0000:00:16.5: [15ad:07a0] type 01 class 0x060400 PCIe Root Port
[    1.728902] pci 0000:00:16.5: PCI bridge to [bus 10]
[    1.729002] pci 0000:00:16.5:   bridge window [mem 0xfbf00000-0xfbffffff]
[    1.729223] pci 0000:00:16.5:   bridge window [mem 0xe6500000-0xe65fffff 64bit pref]
[    1.730424] pci 0000:00:16.5: PME# supported from D0 D3hot D3cold
[    1.731391] pci 0000:00:16.6: [15ad:07a0] type 01 class 0x060400 PCIe Root Port
[    1.732740] pci 0000:00:16.6: PCI bridge to [bus 11]
[    1.732740] pci 0000:00:16.6:   bridge window [mem 0xfbb00000-0xfbbfffff]
[    1.732740] pci 0000:00:16.6:   bridge window [mem 0xe6100000-0xe61fffff 64bit pref]
[    1.733556] pci 0000:00:16.6: PME# supported from D0 D3hot D3cold
[    1.734515] pci 0000:00:16.7: [15ad:07a0] type 01 class 0x060400 PCIe Root Port
[    1.735167] pci 0000:00:16.7: PCI bridge to [bus 12]
[    1.735267] pci 0000:00:16.7:   bridge window [mem 0xfb700000-0xfb7fffff]
[    1.735480] pci 0000:00:16.7:   bridge window [mem 0xe5d00000-0xe5dfffff 64bit pref]
[    1.736721] pci 0000:00:16.7: PME# supported from D0 D3hot D3cold
[    1.737640] pci 0000:00:17.0: [15ad:07a0] type 01 class 0x060400 PCIe Root Port
[    1.738298] pci 0000:00:17.0: PCI bridge to [bus 13]
[    1.738352] pci 0000:00:17.0:   bridge window [io  0x6000-0x6fff]
[    1.738402] pci 0000:00:17.0:   bridge window [mem 0xfd200000-0xfd2fffff]
[    1.738629] pci 0000:00:17.0:   bridge window [mem 0xe7800000-0xe78fffff 64bit pref]
[    1.739848] pci 0000:00:17.0: PME# supported from D0 D3hot D3cold
[    1.740791] pci 0000:00:17.1: [15ad:07a0] type 01 class 0x060400 PCIe Root Port
[    1.741423] pci 0000:00:17.1: PCI bridge to [bus 14]
[    1.741477] pci 0000:00:17.1:   bridge window [io  0xa000-0xafff]
[    1.741527] pci 0000:00:17.1:   bridge window [mem 0xfce00000-0xfcefffff]
[    1.741738] pci 0000:00:17.1:   bridge window [mem 0xe7400000-0xe74fffff 64bit pref]
[    1.742975] pci 0000:00:17.1: PME# supported from D0 D3hot D3cold
[    1.743921] pci 0000:00:17.2: [15ad:07a0] type 01 class 0x060400 PCIe Root Port
[    1.744555] pci 0000:00:17.2: PCI bridge to [bus 15]
[    1.744617] pci 0000:00:17.2:   bridge window [io  0xe000-0xefff]
[    1.744668] pci 0000:00:17.2:   bridge window [mem 0xfca00000-0xfcafffff]
[    1.744902] pci 0000:00:17.2:   bridge window [mem 0xe7000000-0xe70fffff 64bit pref]
[    1.746105] pci 0000:00:17.2: PME# supported from D0 D3hot D3cold
[    1.747057] pci 0000:00:17.3: [15ad:07a0] type 01 class 0x060400 PCIe Root Port
[    1.747691] pci 0000:00:17.3: PCI bridge to [bus 16]
[    1.747799] pci 0000:00:17.3:   bridge window [mem 0xfc600000-0xfc6fffff]
[    1.748012] pci 0000:00:17.3:   bridge window [mem 0xe6c00000-0xe6cfffff 64bit pref]
[    1.749212] pci 0000:00:17.3: PME# supported from D0 D3hot D3cold
[    1.750177] pci 0000:00:17.4: [15ad:07a0] type 01 class 0x060400 PCIe Root Port
[    1.750809] pci 0000:00:17.4: PCI bridge to [bus 17]
[    1.750940] pci 0000:00:17.4:   bridge window [mem 0xfc200000-0xfc2fffff]
[    1.751153] pci 0000:00:17.4:   bridge window [mem 0xe6800000-0xe68fffff 64bit pref]
[    1.752370] pci 0000:00:17.4: PME# supported from D0 D3hot D3cold
[    1.753320] pci 0000:00:17.5: [15ad:07a0] type 01 class 0x060400 PCIe Root Port
[    1.753949] pci 0000:00:17.5: PCI bridge to [bus 18]
[    1.754067] pci 0000:00:17.5:   bridge window [mem 0xfbe00000-0xfbefffff]
[    1.754280] pci 0000:00:17.5:   bridge window [mem 0xe6400000-0xe64fffff 64bit pref]
[    1.755521] pci 0000:00:17.5: PME# supported from D0 D3hot D3cold
[    1.756471] pci 0000:00:17.6: [15ad:07a0] type 01 class 0x060400 PCIe Root Port
[    1.757112] pci 0000:00:17.6: PCI bridge to [bus 19]
[    1.757213] pci 0000:00:17.6:   bridge window [mem 0xfba00000-0xfbafffff]
[    1.757426] pci 0000:00:17.6:   bridge window [mem 0xe6000000-0xe60fffff 64bit pref]
[    1.758649] pci 0000:00:17.6: PME# supported from D0 D3hot D3cold
[    1.759608] pci 0000:00:17.7: [15ad:07a0] type 01 class 0x060400 PCIe Root Port
[    1.760228] pci 0000:00:17.7: PCI bridge to [bus 1a]
[    1.760328] pci 0000:00:17.7:   bridge window [mem 0xfb600000-0xfb6fffff]
[    1.760541] pci 0000:00:17.7:   bridge window [mem 0xe5c00000-0xe5cfffff 64bit pref]
[    1.761787] pci 0000:00:17.7: PME# supported from D0 D3hot D3cold
[    1.762753] pci 0000:00:18.0: [15ad:07a0] type 01 class 0x060400 PCIe Root Port
[    1.763379] pci 0000:00:18.0: PCI bridge to [bus 1b]
[    1.763432] pci 0000:00:18.0:   bridge window [io  0x7000-0x7fff]
[    1.763483] pci 0000:00:18.0:   bridge window [mem 0xfd100000-0xfd1fffff]
[    1.763713] pci 0000:00:18.0:   bridge window [mem 0xe7700000-0xe77fffff 64bit pref]
[    1.764928] pci 0000:00:18.0: PME# supported from D0 D3hot D3cold
[    1.765897] pci 0000:00:18.1: [15ad:07a0] type 01 class 0x060400 PCIe Root Port
[    1.766521] pci 0000:00:18.1: PCI bridge to [bus 1c]
[    1.766584] pci 0000:00:18.1:   bridge window [io  0xb000-0xbfff]
[    1.766634] pci 0000:00:18.1:   bridge window [mem 0xfcd00000-0xfcdfffff]
[    1.766855] pci 0000:00:18.1:   bridge window [mem 0xe7300000-0xe73fffff 64bit pref]
[    1.768067] pci 0000:00:18.1: PME# supported from D0 D3hot D3cold
[    1.769016] pci 0000:00:18.2: [15ad:07a0] type 01 class 0x060400 PCIe Root Port
[    1.769670] pci 0000:00:18.2: PCI bridge to [bus 1d]
[    1.769808] pci 0000:00:18.2:   bridge window [mem 0xfc900000-0xfc9fffff]
[    1.770067] pci 0000:00:18.2:   bridge window [mem 0xe6f00000-0xe6ffffff 64bit pref]
[    1.772197] pci 0000:00:18.2: PME# supported from D0 D3hot D3cold
[    1.773944] pci 0000:00:18.3: [15ad:07a0] type 01 class 0x060400 PCIe Root Port
[    1.775017] pci 0000:00:18.3: PCI bridge to [bus 1e]
[    1.775128] pci 0000:00:18.3:   bridge window [mem 0xfc500000-0xfc5fffff]
[    1.775342] pci 0000:00:18.3:   bridge window [mem 0xe6b00000-0xe6bfffff 64bit pref]
[    1.776592] pci 0000:00:18.3: PME# supported from D0 D3hot D3cold
[    1.777553] pci 0000:00:18.4: [15ad:07a0] type 01 class 0x060400 PCIe Root Port
[    1.778191] pci 0000:00:18.4: PCI bridge to [bus 1f]
[    1.778292] pci 0000:00:18.4:   bridge window [mem 0xfc100000-0xfc1fffff]
[    1.778506] pci 0000:00:18.4:   bridge window [mem 0xe6700000-0xe67fffff 64bit pref]
[    1.779739] pci 0000:00:18.4: PME# supported from D0 D3hot D3cold
[    1.780738] pci 0000:00:18.5: [15ad:07a0] type 01 class 0x060400 PCIe Root Port
[    1.781375] pci 0000:00:18.5: PCI bridge to [bus 20]
[    1.781476] pci 0000:00:18.5:   bridge window [mem 0xfbd00000-0xfbdfffff]
[    1.781690] pci 0000:00:18.5:   bridge window [mem 0xe6300000-0xe63fffff 64bit pref]
[    1.782942] pci 0000:00:18.5: PME# supported from D0 D3hot D3cold
[    1.783872] pci 0000:00:18.6: [15ad:07a0] type 01 class 0x060400 PCIe Root Port
[    1.784508] pci 0000:00:18.6: PCI bridge to [bus 21]
[    1.784609] pci 0000:00:18.6:   bridge window [mem 0xfb900000-0xfb9fffff]
[    1.785836] pci 0000:00:18.6:   bridge window [mem 0xe5f00000-0xe5ffffff 64bit pref]
[    1.786083] pci 0000:00:18.6: PME# supported from D0 D3hot D3cold
[    1.787025] pci 0000:00:18.7: [15ad:07a0] type 01 class 0x060400 PCIe Root Port
[    1.787659] pci 0000:00:18.7: PCI bridge to [bus 22]
[    1.787799] pci 0000:00:18.7:   bridge window [mem 0xfb500000-0xfb5fffff]
[    1.788013] pci 0000:00:18.7:   bridge window [mem 0xe5b00000-0xe5bfffff 64bit pref]
[    1.789219] pci 0000:00:18.7: PME# supported from D0 D3hot D3cold
[    1.811684] pci_bus 0000:01: extended config space not accessible
[    1.910788] pci 0000:00:01.0: PCI bridge to [bus 01]
[    1.911290] pci_bus 0000:02: extended config space not accessible
[    1.911878] acpiphp: Slot [32] registered
[    1.911928] acpiphp: Slot [33] registered
[    1.911969] acpiphp: Slot [34] registered
[    1.912009] acpiphp: Slot [35] registered
[    1.912050] acpiphp: Slot [36] registered
[    1.912091] acpiphp: Slot [37] registered
[    1.912131] acpiphp: Slot [38] registered
[    1.912170] acpiphp: Slot [39] registered
[    1.912211] acpiphp: Slot [40] registered
[    1.912255] acpiphp: Slot [41] registered
[    1.912295] acpiphp: Slot [42] registered
[    1.912337] acpiphp: Slot [43] registered
[    1.912379] acpiphp: Slot [44] registered
[    1.912417] acpiphp: Slot [45] registered
[    1.912453] acpiphp: Slot [46] registered
[    1.912491] acpiphp: Slot [47] registered
[    1.912528] acpiphp: Slot [48] registered
[    1.912565] acpiphp: Slot [49] registered
[    1.912601] acpiphp: Slot [50] registered
[    1.912640] acpiphp: Slot [51] registered
[    1.912677] acpiphp: Slot [52] registered
[    1.912713] acpiphp: Slot [53] registered
[    1.912774] acpiphp: Slot [54] registered
[    1.912811] acpiphp: Slot [55] registered
[    1.912848] acpiphp: Slot [56] registered
[    1.912885] acpiphp: Slot [57] registered
[    1.912923] acpiphp: Slot [58] registered
[    1.912972] acpiphp: Slot [59] registered
[    1.913009] acpiphp: Slot [60] registered
[    1.913046] acpiphp: Slot [61] registered
[    1.913085] acpiphp: Slot [62] registered
[    1.913132] acpiphp: Slot [63] registered
[    1.913303] pci 0000:02:00.0: [15ad:0774] type 00 class 0x0c0300 conventional PCI endpoint
[    1.915610] pci 0000:02:00.0: BAR 4 [io  0x2080-0x209f]
[    1.917835] pci 0000:02:01.0: [8086:100f] type 00 class 0x020000 conventional PCI endpoint
[    1.918506] pci 0000:02:01.0: BAR 0 [mem 0xfd5c0000-0xfd5dffff 64bit]
[    1.920014] pci 0000:02:01.0: BAR 2 [mem 0xfdff0000-0xfdffffff 64bit]
[    1.920486] pci 0000:02:01.0: BAR 4 [io  0x2000-0x203f]
[    1.920486] pci 0000:02:01.0: ROM [mem 0x00000000-0x0000ffff pref]
[    1.921987] pci 0000:02:01.0: PME# supported from D0 D3hot D3cold
[    1.923031] pci 0000:02:02.0: [1274:1371] type 00 class 0x040100 conventional PCI endpoint
[    1.923547] pci 0000:02:02.0: BAR 0 [io  0x2040-0x207f]
[    1.926277] pci 0000:02:03.0: [15ad:0770] type 00 class 0x0c0320 conventional PCI endpoint
[    1.926738] pci 0000:02:03.0: BAR 0 [mem 0xfd5ef000-0xfd5effff]
[    1.930560] pci 0000:02:04.0: [15ad:07e0] type 00 class 0x010601 conventional PCI endpoint
[    1.932997] pci 0000:02:04.0: BAR 5 [mem 0xfd5ee000-0xfd5eefff]
[    1.933402] pci 0000:02:04.0: ROM [mem 0x00000000-0x0000ffff pref]
[    1.934335] pci 0000:02:04.0: PME# supported from D3hot
[    2.022093] pci 0000:00:11.0: PCI bridge to [bus 02] (subtractive decode)
[    2.022276] pci 0000:00:11.0:   bridge window [mem 0x000a0000-0x000bffff window] (subtractive decode)
[    2.022279] pci 0000:00:11.0:   bridge window [mem 0x000d0000-0x000dbfff window] (subtractive decode)
[    2.022281] pci 0000:00:11.0:   bridge window [mem 0xc0000000-0xfebfffff window] (subtractive decode)
[    2.022283] pci 0000:00:11.0:   bridge window [io  0x0000-0x0cf7 window] (subtractive decode)
[    2.022284] pci 0000:00:11.0:   bridge window [io  0x0d00-0xfeff window] (subtractive decode)
[    2.026167] pci 0000:00:15.0: PCI bridge to [bus 03]
[    2.030162] pci 0000:00:15.1: PCI bridge to [bus 04]
[    2.034114] pci 0000:00:15.2: PCI bridge to [bus 05]
[    2.038076] pci 0000:00:15.3: PCI bridge to [bus 06]
[    2.042042] pci 0000:00:15.4: PCI bridge to [bus 07]
[    2.046009] pci 0000:00:15.5: PCI bridge to [bus 08]
[    2.049971] pci 0000:00:15.6: PCI bridge to [bus 09]
[    2.053967] pci 0000:00:15.7: PCI bridge to [bus 0a]
[    2.057928] pci 0000:00:16.0: PCI bridge to [bus 0b]
[    2.061882] pci 0000:00:16.1: PCI bridge to [bus 0c]
[    2.065847] pci 0000:00:16.2: PCI bridge to [bus 0d]
[    2.069812] pci 0000:00:16.3: PCI bridge to [bus 0e]
[    2.073803] pci 0000:00:16.4: PCI bridge to [bus 0f]
[    2.077752] pci 0000:00:16.5: PCI bridge to [bus 10]
[    2.081752] pci 0000:00:16.6: PCI bridge to [bus 11]
[    2.085767] pci 0000:00:16.7: PCI bridge to [bus 12]
[    2.089739] pci 0000:00:17.0: PCI bridge to [bus 13]
[    2.093676] pci 0000:00:17.1: PCI bridge to [bus 14]
[    2.097653] pci 0000:00:17.2: PCI bridge to [bus 15]
[    2.101619] pci 0000:00:17.3: PCI bridge to [bus 16]
[    2.105575] pci 0000:00:17.4: PCI bridge to [bus 17]
[    2.109537] pci 0000:00:17.5: PCI bridge to [bus 18]
[    2.113767] pci 0000:00:17.6: PCI bridge to [bus 19]
[    2.117984] pci 0000:00:17.7: PCI bridge to [bus 1a]
[    2.121975] pci 0000:00:18.0: PCI bridge to [bus 1b]
[    2.126254] pci 0000:00:18.1: PCI bridge to [bus 1c]
[    2.130420] pci 0000:00:18.2: PCI bridge to [bus 1d]
[    2.134988] pci 0000:00:18.3: PCI bridge to [bus 1e]
[    2.139680] pci 0000:00:18.4: PCI bridge to [bus 1f]
[    2.144366] pci 0000:00:18.5: PCI bridge to [bus 20]
[    2.148751] pci 0000:00:18.6: PCI bridge to [bus 21]
[    2.152708] pci 0000:00:18.7: PCI bridge to [bus 22]
[    2.158100] ACPI: PCI: Interrupt link LNKA configured for IRQ 9
[    2.158238] ACPI: PCI: Interrupt link LNKB configured for IRQ 11
[    2.158359] ACPI: PCI: Interrupt link LNKC configured for IRQ 10
[    2.158479] ACPI: PCI: Interrupt link LNKD configured for IRQ 7
[    2.205767] iommu: Default domain type: Translated
[    2.205771] iommu: DMA domain TLB invalidation policy: lazy mode
[    2.205968] SCSI subsystem initialized
[    2.206039] libata version 3.00 loaded.
[    2.206039] ACPI: bus type USB registered
[    2.206039] usbcore: registered new interface driver usbfs
[    2.206039] usbcore: registered new interface driver hub
[    2.206039] usbcore: registered new device driver usb
[    2.206039] pps_core: LinuxPPS API ver. 1 registered
[    2.206039] pps_core: Software ver. 5.3.6 - Copyright 2005-2007 Rodolfo Giometti <giometti@linux.it>
[    2.206039] PTP clock support registered
[    2.206862] EDAC MC: Ver: 3.0.0
[    2.210013] NetLabel: Initializing
[    2.210016] NetLabel:  domain hash size = 128
[    2.210017] NetLabel:  protocols = UNLABELED CIPSOv4 CALIPSO
[    2.210037] NetLabel:  unlabeled traffic allowed by default
[    2.210765] mctp: management component transport protocol core
[    2.210765] NET: Registered PF_MCTP protocol family
[    2.210768] PCI: Using ACPI for IRQ routing
[    2.683944] PCI: pci_cache_line_size set to 64 bytes
[    2.687358] e820: reserve RAM buffer [mem 0x0009e800-0x0009ffff]
[    2.687367] e820: reserve RAM buffer [mem 0xbfed0000-0xbfffffff]
[    2.687369] e820: reserve RAM buffer [mem 0x102000000-0x103ffffff]
[    2.687846] pci 0000:00:0f.0: vgaarb: setting as boot VGA device
[    2.687856] pci 0000:00:0f.0: vgaarb: bridge control possible
[    2.687858] pci 0000:00:0f.0: vgaarb: VGA device added: decodes=io+mem,owns=io+mem,locks=none
[    2.687858] vgaarb: loaded
[    2.689002] hpet0: at MMIO 0xfed00000, IRQs 2, 8, 0, 0, 0, 0, 0, 0, 0, 0, 0, 0, 0, 0, 0, 0
[    2.689017] hpet0: 16 comparators, 64-bit 14.318180 MHz counter
[    2.691878] clocksource: Switched to clocksource tsc-early
[    2.694241] VFS: Disk quotas dquot_6.6.0
[    2.694257] VFS: Dquot-cache hash table entries: 512 (order 0, 4096 bytes)
[    2.694413] AppArmor: AppArmor Filesystem Enabled
[    2.694436] pnp: PnP ACPI init
[    2.694684] system 00:00: [io  0x1000-0x103f] has been reserved
[    2.694688] system 00:00: [io  0x1040-0x104f] has been reserved
[    2.694690] system 00:00: [io  0x0cf0-0x0cf1] has been reserved
[    2.695044] system 00:04: [mem 0xfed00000-0xfed003ff] has been reserved
[    2.697666] pnp 00:05: [dma 2]
[    2.698032] system 00:06: [io  0xfce0-0xfcff] has been reserved
[    2.698036] system 00:06: [mem 0xf0000000-0xf7ffffff] has been reserved
[    2.698038] system 00:06: [mem 0xfe800000-0xfe9fffff] has been reserved
[    2.730639] pnp: PnP ACPI: found 7 devices
[    2.744594] clocksource: acpi_pm: mask: 0xffffff max_cycles: 0xffffff, max_idle_ns: 2085701024 ns
[    2.744843] NET: Registered PF_INET protocol family
[    2.744912] IP idents hash table entries: 65536 (order: 7, 524288 bytes, linear)
[    2.759890] tcp_listen_portaddr_hash hash table entries: 2048 (order: 3, 32768 bytes, linear)
[    2.759912] Table-perturb hash table entries: 65536 (order: 6, 262144 bytes, linear)
[    2.759959] TCP established hash table entries: 32768 (order: 6, 262144 bytes, linear)
[    2.760053] TCP bind hash table entries: 32768 (order: 8, 1048576 bytes, linear)
[    2.760192] TCP: Hash tables configured (established 32768 bind 32768)
[    2.760451] MPTCP token hash table entries: 4096 (order: 4, 98304 bytes, linear)
[    2.760477] UDP hash table entries: 2048 (order: 4, 65536 bytes, linear)
[    2.760494] UDP-Lite hash table entries: 2048 (order: 4, 65536 bytes, linear)
[    2.760646] NET: Registered PF_UNIX/PF_LOCAL protocol family
[    2.760653] NET: Registered PF_XDP protocol family
[    2.760668] pci 0000:00:15.3: bridge window [io  0x1000-0x0fff] to [bus 06] add_size 1000
[    2.760673] pci 0000:00:15.4: bridge window [io  0x1000-0x0fff] to [bus 07] add_size 1000
[    2.760675] pci 0000:00:15.5: bridge window [io  0x1000-0x0fff] to [bus 08] add_size 1000
[    2.760677] pci 0000:00:15.6: bridge window [io  0x1000-0x0fff] to [bus 09] add_size 1000
[    2.760679] pci 0000:00:15.7: bridge window [io  0x1000-0x0fff] to [bus 0a] add_size 1000
[    2.760681] pci 0000:00:16.3: bridge window [io  0x1000-0x0fff] to [bus 0e] add_size 1000
[    2.760683] pci 0000:00:16.4: bridge window [io  0x1000-0x0fff] to [bus 0f] add_size 1000
[    2.760685] pci 0000:00:16.5: bridge window [io  0x1000-0x0fff] to [bus 10] add_size 1000
[    2.760687] pci 0000:00:16.6: bridge window [io  0x1000-0x0fff] to [bus 11] add_size 1000
[    2.760689] pci 0000:00:16.7: bridge window [io  0x1000-0x0fff] to [bus 12] add_size 1000
[    2.760691] pci 0000:00:17.3: bridge window [io  0x1000-0x0fff] to [bus 16] add_size 1000
[    2.760693] pci 0000:00:17.4: bridge window [io  0x1000-0x0fff] to [bus 17] add_size 1000
[    2.760695] pci 0000:00:17.5: bridge window [io  0x1000-0x0fff] to [bus 18] add_size 1000
[    2.760697] pci 0000:00:17.6: bridge window [io  0x1000-0x0fff] to [bus 19] add_size 1000
[    2.760698] pci 0000:00:17.7: bridge window [io  0x1000-0x0fff] to [bus 1a] add_size 1000
[    2.760701] pci 0000:00:18.2: bridge window [io  0x1000-0x0fff] to [bus 1d] add_size 1000
[    2.760702] pci 0000:00:18.3: bridge window [io  0x1000-0x0fff] to [bus 1e] add_size 1000
[    2.760704] pci 0000:00:18.4: bridge window [io  0x1000-0x0fff] to [bus 1f] add_size 1000
[    2.760706] pci 0000:00:18.5: bridge window [io  0x1000-0x0fff] to [bus 20] add_size 1000
[    2.760708] pci 0000:00:18.6: bridge window [io  0x1000-0x0fff] to [bus 21] add_size 1000
[    2.760710] pci 0000:00:18.7: bridge window [io  0x1000-0x0fff] to [bus 22] add_size 1000
[    2.760726] pci 0000:00:10.0: ROM [mem 0xc0000000-0xc0003fff pref]: assigned
[    2.760730] pci 0000:00:15.3: bridge window [io  size 0x1000]: can't assign; no space
[    2.760733] pci 0000:00:15.3: bridge window [io  size 0x1000]: failed to assign
[    2.760735] pci 0000:00:15.4: bridge window [io  size 0x1000]: can't assign; no space
[    2.760736] pci 0000:00:15.4: bridge window [io  size 0x1000]: failed to assign
[    2.760739] pci 0000:00:15.5: bridge window [io  size 0x1000]: can't assign; no space
[    2.760740] pci 0000:00:15.5: bridge window [io  size 0x1000]: failed to assign
[    2.760742] pci 0000:00:15.6: bridge window [io  size 0x1000]: can't assign; no space
[    2.760744] pci 0000:00:15.6: bridge window [io  size 0x1000]: failed to assign
[    2.760746] pci 0000:00:15.7: bridge window [io  size 0x1000]: can't assign; no space
[    2.760747] pci 0000:00:15.7: bridge window [io  size 0x1000]: failed to assign
[    2.760749] pci 0000:00:16.3: bridge window [io  size 0x1000]: can't assign; no space
[    2.760751] pci 0000:00:16.3: bridge window [io  size 0x1000]: failed to assign
[    2.760753] pci 0000:00:16.4: bridge window [io  size 0x1000]: can't assign; no space
[    2.760754] pci 0000:00:16.4: bridge window [io  size 0x1000]: failed to assign
[    2.760756] pci 0000:00:16.5: bridge window [io  size 0x1000]: can't assign; no space
[    2.760758] pci 0000:00:16.5: bridge window [io  size 0x1000]: failed to assign
[    2.760760] pci 0000:00:16.6: bridge window [io  size 0x1000]: can't assign; no space
[    2.760761] pci 0000:00:16.6: bridge window [io  size 0x1000]: failed to assign
[    2.760763] pci 0000:00:16.7: bridge window [io  size 0x1000]: can't assign; no space
[    2.760764] pci 0000:00:16.7: bridge window [io  size 0x1000]: failed to assign
[    2.760766] pci 0000:00:17.3: bridge window [io  size 0x1000]: can't assign; no space
[    2.760768] pci 0000:00:17.3: bridge window [io  size 0x1000]: failed to assign
[    2.760770] pci 0000:00:17.4: bridge window [io  size 0x1000]: can't assign; no space
[    2.760771] pci 0000:00:17.4: bridge window [io  size 0x1000]: failed to assign
[    2.760773] pci 0000:00:17.5: bridge window [io  size 0x1000]: can't assign; no space
[    2.760775] pci 0000:00:17.5: bridge window [io  size 0x1000]: failed to assign
[    2.760777] pci 0000:00:17.6: bridge window [io  size 0x1000]: can't assign; no space
[    2.760778] pci 0000:00:17.6: bridge window [io  size 0x1000]: failed to assign
[    2.760780] pci 0000:00:17.7: bridge window [io  size 0x1000]: can't assign; no space
[    2.760782] pci 0000:00:17.7: bridge window [io  size 0x1000]: failed to assign
[    2.760784] pci 0000:00:18.2: bridge window [io  size 0x1000]: can't assign; no space
[    2.760785] pci 0000:00:18.2: bridge window [io  size 0x1000]: failed to assign
[    2.760787] pci 0000:00:18.3: bridge window [io  size 0x1000]: can't assign; no space
[    2.760788] pci 0000:00:18.3: bridge window [io  size 0x1000]: failed to assign
[    2.760790] pci 0000:00:18.4: bridge window [io  size 0x1000]: can't assign; no space
[    2.760792] pci 0000:00:18.4: bridge window [io  size 0x1000]: failed to assign
[    2.760794] pci 0000:00:18.5: bridge window [io  size 0x1000]: can't assign; no space
[    2.760795] pci 0000:00:18.5: bridge window [io  size 0x1000]: failed to assign
[    2.760797] pci 0000:00:18.6: bridge window [io  size 0x1000]: can't assign; no space
[    2.760799] pci 0000:00:18.6: bridge window [io  size 0x1000]: failed to assign
[    2.760801] pci 0000:00:18.7: bridge window [io  size 0x1000]: can't assign; no space
[    2.760802] pci 0000:00:18.7: bridge window [io  size 0x1000]: failed to assign
[    2.760806] pci 0000:00:18.7: bridge window [io  size 0x1000]: can't assign; no space
[    2.760807] pci 0000:00:18.7: bridge window [io  size 0x1000]: failed to assign
[    2.760810] pci 0000:00:18.6: bridge window [io  size 0x1000]: can't assign; no space
[    2.760811] pci 0000:00:18.6: bridge window [io  size 0x1000]: failed to assign
[    2.760813] pci 0000:00:18.5: bridge window [io  size 0x1000]: can't assign; no space
[    2.760814] pci 0000:00:18.5: bridge window [io  size 0x1000]: failed to assign
[    2.760817] pci 0000:00:18.4: bridge window [io  size 0x1000]: can't assign; no space
[    2.760818] pci 0000:00:18.4: bridge window [io  size 0x1000]: failed to assign
[    2.760820] pci 0000:00:18.3: bridge window [io  size 0x1000]: can't assign; no space
[    2.760821] pci 0000:00:18.3: bridge window [io  size 0x1000]: failed to assign
[    2.760823] pci 0000:00:18.2: bridge window [io  size 0x1000]: can't assign; no space
[    2.760825] pci 0000:00:18.2: bridge window [io  size 0x1000]: failed to assign
[    2.760827] pci 0000:00:17.7: bridge window [io  size 0x1000]: can't assign; no space
[    2.760828] pci 0000:00:17.7: bridge window [io  size 0x1000]: failed to assign
[    2.760830] pci 0000:00:17.6: bridge window [io  size 0x1000]: can't assign; no space
[    2.760831] pci 0000:00:17.6: bridge window [io  size 0x1000]: failed to assign
[    2.760833] pci 0000:00:17.5: bridge window [io  size 0x1000]: can't assign; no space
[    2.760835] pci 0000:00:17.5: bridge window [io  size 0x1000]: failed to assign
[    2.760837] pci 0000:00:17.4: bridge window [io  size 0x1000]: can't assign; no space
[    2.760838] pci 0000:00:17.4: bridge window [io  size 0x1000]: failed to assign
[    2.760840] pci 0000:00:17.3: bridge window [io  size 0x1000]: can't assign; no space
[    2.760842] pci 0000:00:17.3: bridge window [io  size 0x1000]: failed to assign
[    2.760844] pci 0000:00:16.7: bridge window [io  size 0x1000]: can't assign; no space
[    2.760845] pci 0000:00:16.7: bridge window [io  size 0x1000]: failed to assign
[    2.760847] pci 0000:00:16.6: bridge window [io  size 0x1000]: can't assign; no space
[    2.760848] pci 0000:00:16.6: bridge window [io  size 0x1000]: failed to assign
[    2.760850] pci 0000:00:16.5: bridge window [io  size 0x1000]: can't assign; no space
[    2.760852] pci 0000:00:16.5: bridge window [io  size 0x1000]: failed to assign
[    2.760854] pci 0000:00:16.4: bridge window [io  size 0x1000]: can't assign; no space
[    2.760855] pci 0000:00:16.4: bridge window [io  size 0x1000]: failed to assign
[    2.760857] pci 0000:00:16.3: bridge window [io  size 0x1000]: can't assign; no space
[    2.760859] pci 0000:00:16.3: bridge window [io  size 0x1000]: failed to assign
[    2.760861] pci 0000:00:15.7: bridge window [io  size 0x1000]: can't assign; no space
[    2.760862] pci 0000:00:15.7: bridge window [io  size 0x1000]: failed to assign
[    2.760864] pci 0000:00:15.6: bridge window [io  size 0x1000]: can't assign; no space
[    2.760865] pci 0000:00:15.6: bridge window [io  size 0x1000]: failed to assign
[    2.760867] pci 0000:00:15.5: bridge window [io  size 0x1000]: can't assign; no space
[    2.760869] pci 0000:00:15.5: bridge window [io  size 0x1000]: failed to assign
[    2.760871] pci 0000:00:15.4: bridge window [io  size 0x1000]: can't assign; no space
[    2.760872] pci 0000:00:15.4: bridge window [io  size 0x1000]: failed to assign
[    2.760874] pci 0000:00:15.3: bridge window [io  size 0x1000]: can't assign; no space
[    2.760875] pci 0000:00:15.3: bridge window [io  size 0x1000]: failed to assign
[    2.760878] pci 0000:00:01.0: PCI bridge to [bus 01]
[    2.761134] pci 0000:02:01.0: ROM [mem 0xfd500000-0xfd50ffff pref]: assigned
[    2.761137] pci 0000:02:04.0: ROM [mem 0xfd510000-0xfd51ffff pref]: assigned
[    2.761140] pci 0000:00:11.0: PCI bridge to [bus 02]
[    2.761168] pci 0000:00:11.0:   bridge window [io  0x2000-0x3fff]
[    2.761242] pci 0000:00:11.0:   bridge window [mem 0xfd500000-0xfdffffff]
[    2.761292] pci 0000:00:11.0:   bridge window [mem 0xe7b00000-0xe7ffffff 64bit pref]
[    2.761389] pci 0000:00:15.0: PCI bridge to [bus 03]
[    2.761417] pci 0000:00:15.0:   bridge window [io  0x4000-0x4fff]
[    2.761497] pci 0000:00:15.0:   bridge window [mem 0xfd400000-0xfd4fffff]
[    2.761547] pci 0000:00:15.0:   bridge window [mem 0xe7a00000-0xe7afffff 64bit pref]
[    2.761671] pci 0000:00:15.1: PCI bridge to [bus 04]
[    2.761698] pci 0000:00:15.1:   bridge window [io  0x8000-0x8fff]
[    2.761771] pci 0000:00:15.1:   bridge window [mem 0xfd000000-0xfd0fffff]
[    2.761822] pci 0000:00:15.1:   bridge window [mem 0xe7600000-0xe76fffff 64bit pref]
[    2.761919] pci 0000:00:15.2: PCI bridge to [bus 05]
[    2.761947] pci 0000:00:15.2:   bridge window [io  0xc000-0xcfff]
[    2.762020] pci 0000:00:15.2:   bridge window [mem 0xfcc00000-0xfccfffff]
[    2.762070] pci 0000:00:15.2:   bridge window [mem 0xe7200000-0xe72fffff 64bit pref]
[    2.762178] pci 0000:00:15.3: PCI bridge to [bus 06]
[    2.762252] pci 0000:00:15.3:   bridge window [mem 0xfc800000-0xfc8fffff]
[    2.762302] pci 0000:00:15.3:   bridge window [mem 0xe6e00000-0xe6efffff 64bit pref]
[    2.762399] pci 0000:00:15.4: PCI bridge to [bus 07]
[    2.762492] pci 0000:00:15.4:   bridge window [mem 0xfc400000-0xfc4fffff]
[    2.762542] pci 0000:00:15.4:   bridge window [mem 0xe6a00000-0xe6afffff 64bit pref]
[    2.762639] pci 0000:00:15.5: PCI bridge to [bus 08]
[    2.762713] pci 0000:00:15.5:   bridge window [mem 0xfc000000-0xfc0fffff]
[    2.762763] pci 0000:00:15.5:   bridge window [mem 0xe6600000-0xe66fffff 64bit pref]
[    2.762860] pci 0000:00:15.6: PCI bridge to [bus 09]
[    2.762959] pci 0000:00:15.6:   bridge window [mem 0xfbc00000-0xfbcfffff]
[    2.763009] pci 0000:00:15.6:   bridge window [mem 0xe6200000-0xe62fffff 64bit pref]
[    2.763118] pci 0000:00:15.7: PCI bridge to [bus 0a]
[    2.763203] pci 0000:00:15.7:   bridge window [mem 0xfb800000-0xfb8fffff]
[    2.763253] pci 0000:00:15.7:   bridge window [mem 0xe5e00000-0xe5efffff 64bit pref]
[    2.763351] pci 0000:00:16.0: PCI bridge to [bus 0b]
[    2.763378] pci 0000:00:16.0:   bridge window [io  0x5000-0x5fff]
[    2.763451] pci 0000:00:16.0:   bridge window [mem 0xfd300000-0xfd3fffff]
[    2.763501] pci 0000:00:16.0:   bridge window [mem 0xe7900000-0xe79fffff 64bit pref]
[    2.763599] pci 0000:00:16.1: PCI bridge to [bus 0c]
[    2.763626] pci 0000:00:16.1:   bridge window [io  0x9000-0x9fff]
[    2.763699] pci 0000:00:16.1:   bridge window [mem 0xfcf00000-0xfcffffff]
[    2.763749] pci 0000:00:16.1:   bridge window [mem 0xe7500000-0xe75fffff 64bit pref]
[    2.763846] pci 0000:00:16.2: PCI bridge to [bus 0d]
[    2.763873] pci 0000:00:16.2:   bridge window [io  0xd000-0xdfff]
[    2.763965] pci 0000:00:16.2:   bridge window [mem 0xfcb00000-0xfcbfffff]
[    2.764016] pci 0000:00:16.2:   bridge window [mem 0xe7100000-0xe71fffff 64bit pref]
[    2.764121] pci 0000:00:16.3: PCI bridge to [bus 0e]
[    2.764195] pci 0000:00:16.3:   bridge window [mem 0xfc700000-0xfc7fffff]
[    2.764245] pci 0000:00:16.3:   bridge window [mem 0xe6d00000-0xe6dfffff 64bit pref]
[    2.764343] pci 0000:00:16.4: PCI bridge to [bus 0f]
[    2.764417] pci 0000:00:16.4:   bridge window [mem 0xfc300000-0xfc3fffff]
[    2.764466] pci 0000:00:16.4:   bridge window [mem 0xe6900000-0xe69fffff 64bit pref]
[    2.764563] pci 0000:00:16.5: PCI bridge to [bus 10]
[    2.764637] pci 0000:00:16.5:   bridge window [mem 0xfbf00000-0xfbffffff]
[    2.764687] pci 0000:00:16.5:   bridge window [mem 0xe6500000-0xe65fffff 64bit pref]
[    2.764801] pci 0000:00:16.6: PCI bridge to [bus 11]
[    2.764875] pci 0000:00:16.6:   bridge window [mem 0xfbb00000-0xfbbfffff]
[    2.764924] pci 0000:00:16.6:   bridge window [mem 0xe6100000-0xe61fffff 64bit pref]
[    2.765027] pci 0000:00:16.7: PCI bridge to [bus 12]
[    2.765109] pci 0000:00:16.7:   bridge window [mem 0xfb700000-0xfb7fffff]
[    2.765159] pci 0000:00:16.7:   bridge window [mem 0xe5d00000-0xe5dfffff 64bit pref]
[    2.765257] pci 0000:00:17.0: PCI bridge to [bus 13]
[    2.765284] pci 0000:00:17.0:   bridge window [io  0x6000-0x6fff]
[    2.765357] pci 0000:00:17.0:   bridge window [mem 0xfd200000-0xfd2fffff]
[    2.765407] pci 0000:00:17.0:   bridge window [mem 0xe7800000-0xe78fffff 64bit pref]
[    2.765504] pci 0000:00:17.1: PCI bridge to [bus 14]
[    2.765531] pci 0000:00:17.1:   bridge window [io  0xa000-0xafff]
[    2.765605] pci 0000:00:17.1:   bridge window [mem 0xfce00000-0xfcefffff]
[    2.765655] pci 0000:00:17.1:   bridge window [mem 0xe7400000-0xe74fffff 64bit pref]
[    2.765751] pci 0000:00:17.2: PCI bridge to [bus 15]
[    2.765778] pci 0000:00:17.2:   bridge window [io  0xe000-0xefff]
[    2.765852] pci 0000:00:17.2:   bridge window [mem 0xfca00000-0xfcafffff]
[    2.765902] pci 0000:00:17.2:   bridge window [mem 0xe7000000-0xe70fffff 64bit pref]
[    2.766004] pci 0000:00:17.3: PCI bridge to [bus 16]
[    2.766085] pci 0000:00:17.3:   bridge window [mem 0xfc600000-0xfc6fffff]
[    2.766136] pci 0000:00:17.3:   bridge window [mem 0xe6c00000-0xe6cfffff 64bit pref]
[    2.766233] pci 0000:00:17.4: PCI bridge to [bus 17]
[    2.766315] pci 0000:00:17.4:   bridge window [mem 0xfc200000-0xfc2fffff]
[    2.766365] pci 0000:00:17.4:   bridge window [mem 0xe6800000-0xe68fffff 64bit pref]
[    2.766462] pci 0000:00:17.5: PCI bridge to [bus 18]
[    2.766536] pci 0000:00:17.5:   bridge window [mem 0xfbe00000-0xfbefffff]
[    2.766586] pci 0000:00:17.5:   bridge window [mem 0xe6400000-0xe64fffff 64bit pref]
[    2.766683] pci 0000:00:17.6: PCI bridge to [bus 19]
[    2.766757] pci 0000:00:17.6:   bridge window [mem 0xfba00000-0xfbafffff]
[    2.766807] pci 0000:00:17.6:   bridge window [mem 0xe6000000-0xe60fffff 64bit pref]
[    2.766905] pci 0000:00:17.7: PCI bridge to [bus 1a]
[    2.766991] pci 0000:00:17.7:   bridge window [mem 0xfb600000-0xfb6fffff]
[    2.767041] pci 0000:00:17.7:   bridge window [mem 0xe5c00000-0xe5cfffff 64bit pref]
[    2.767150] pci 0000:00:18.0: PCI bridge to [bus 1b]
[    2.767176] pci 0000:00:18.0:   bridge window [io  0x7000-0x7fff]
[    2.767250] pci 0000:00:18.0:   bridge window [mem 0xfd100000-0xfd1fffff]
[    2.767300] pci 0000:00:18.0:   bridge window [mem 0xe7700000-0xe77fffff 64bit pref]
[    2.767397] pci 0000:00:18.1: PCI bridge to [bus 1c]
[    2.767424] pci 0000:00:18.1:   bridge window [io  0xb000-0xbfff]
[    2.767497] pci 0000:00:18.1:   bridge window [mem 0xfcd00000-0xfcdfffff]
[    2.767547] pci 0000:00:18.1:   bridge window [mem 0xe7300000-0xe73fffff 64bit pref]
[    2.767644] pci 0000:00:18.2: PCI bridge to [bus 1d]
[    2.767718] pci 0000:00:18.2:   bridge window [mem 0xfc900000-0xfc9fffff]
[    2.767768] pci 0000:00:18.2:   bridge window [mem 0xe6f00000-0xe6ffffff 64bit pref]
[    2.767873] pci 0000:00:18.3: PCI bridge to [bus 1e]
[    2.767952] pci 0000:00:18.3:   bridge window [mem 0xfc500000-0xfc5fffff]
[    2.768002] pci 0000:00:18.3:   bridge window [mem 0xe6b00000-0xe6bfffff 64bit pref]
[    2.768107] pci 0000:00:18.4: PCI bridge to [bus 1f]
[    2.768181] pci 0000:00:18.4:   bridge window [mem 0xfc100000-0xfc1fffff]
[    2.768231] pci 0000:00:18.4:   bridge window [mem 0xe6700000-0xe67fffff 64bit pref]
[    2.768328] pci 0000:00:18.5: PCI bridge to [bus 20]
[    2.768402] pci 0000:00:18.5:   bridge window [mem 0xfbd00000-0xfbdfffff]
[    2.768452] pci 0000:00:18.5:   bridge window [mem 0xe6300000-0xe63fffff 64bit pref]
[    2.768549] pci 0000:00:18.6: PCI bridge to [bus 21]
[    2.768622] pci 0000:00:18.6:   bridge window [mem 0xfb900000-0xfb9fffff]
[    2.768672] pci 0000:00:18.6:   bridge window [mem 0xe5f00000-0xe5ffffff 64bit pref]
[    2.768769] pci 0000:00:18.7: PCI bridge to [bus 22]
[    2.768843] pci 0000:00:18.7:   bridge window [mem 0xfb500000-0xfb5fffff]
[    2.768893] pci 0000:00:18.7:   bridge window [mem 0xe5b00000-0xe5bfffff 64bit pref]
[    2.769003] pci_bus 0000:00: resource 4 [mem 0x000a0000-0x000bffff window]
[    2.769006] pci_bus 0000:00: resource 5 [mem 0x000d0000-0x000dbfff window]
[    2.769008] pci_bus 0000:00: resource 6 [mem 0xc0000000-0xfebfffff window]
[    2.769009] pci_bus 0000:00: resource 7 [io  0x0000-0x0cf7 window]
[    2.769011] pci_bus 0000:00: resource 8 [io  0x0d00-0xfeff window]
[    2.769013] pci_bus 0000:02: resource 0 [io  0x2000-0x3fff]
[    2.769015] pci_bus 0000:02: resource 1 [mem 0xfd500000-0xfdffffff]
[    2.769016] pci_bus 0000:02: resource 2 [mem 0xe7b00000-0xe7ffffff 64bit pref]
[    2.769017] pci_bus 0000:02: resource 4 [mem 0x000a0000-0x000bffff window]
[    2.769019] pci_bus 0000:02: resource 5 [mem 0x000d0000-0x000dbfff window]
[    2.769020] pci_bus 0000:02: resource 6 [mem 0xc0000000-0xfebfffff window]
[    2.769022] pci_bus 0000:02: resource 7 [io  0x0000-0x0cf7 window]
[    2.769023] pci_bus 0000:02: resource 8 [io  0x0d00-0xfeff window]
[    2.769025] pci_bus 0000:03: resource 0 [io  0x4000-0x4fff]
[    2.769026] pci_bus 0000:03: resource 1 [mem 0xfd400000-0xfd4fffff]
[    2.769028] pci_bus 0000:03: resource 2 [mem 0xe7a00000-0xe7afffff 64bit pref]
[    2.769030] pci_bus 0000:04: resource 0 [io  0x8000-0x8fff]
[    2.769031] pci_bus 0000:04: resource 1 [mem 0xfd000000-0xfd0fffff]
[    2.769033] pci_bus 0000:04: resource 2 [mem 0xe7600000-0xe76fffff 64bit pref]
[    2.769034] pci_bus 0000:05: resource 0 [io  0xc000-0xcfff]
[    2.769036] pci_bus 0000:05: resource 1 [mem 0xfcc00000-0xfccfffff]
[    2.769037] pci_bus 0000:05: resource 2 [mem 0xe7200000-0xe72fffff 64bit pref]
[    2.769039] pci_bus 0000:06: resource 1 [mem 0xfc800000-0xfc8fffff]
[    2.769040] pci_bus 0000:06: resource 2 [mem 0xe6e00000-0xe6efffff 64bit pref]
[    2.769042] pci_bus 0000:07: resource 1 [mem 0xfc400000-0xfc4fffff]
[    2.769043] pci_bus 0000:07: resource 2 [mem 0xe6a00000-0xe6afffff 64bit pref]
[    2.769045] pci_bus 0000:08: resource 1 [mem 0xfc000000-0xfc0fffff]
[    2.769046] pci_bus 0000:08: resource 2 [mem 0xe6600000-0xe66fffff 64bit pref]
[    2.769048] pci_bus 0000:09: resource 1 [mem 0xfbc00000-0xfbcfffff]
[    2.769049] pci_bus 0000:09: resource 2 [mem 0xe6200000-0xe62fffff 64bit pref]
[    2.769051] pci_bus 0000:0a: resource 1 [mem 0xfb800000-0xfb8fffff]
[    2.769053] pci_bus 0000:0a: resource 2 [mem 0xe5e00000-0xe5efffff 64bit pref]
[    2.769054] pci_bus 0000:0b: resource 0 [io  0x5000-0x5fff]
[    2.769056] pci_bus 0000:0b: resource 1 [mem 0xfd300000-0xfd3fffff]
[    2.769057] pci_bus 0000:0b: resource 2 [mem 0xe7900000-0xe79fffff 64bit pref]
[    2.769059] pci_bus 0000:0c: resource 0 [io  0x9000-0x9fff]
[    2.769060] pci_bus 0000:0c: resource 1 [mem 0xfcf00000-0xfcffffff]
[    2.769061] pci_bus 0000:0c: resource 2 [mem 0xe7500000-0xe75fffff 64bit pref]
[    2.769063] pci_bus 0000:0d: resource 0 [io  0xd000-0xdfff]
[    2.769064] pci_bus 0000:0d: resource 1 [mem 0xfcb00000-0xfcbfffff]
[    2.769066] pci_bus 0000:0d: resource 2 [mem 0xe7100000-0xe71fffff 64bit pref]
[    2.769067] pci_bus 0000:0e: resource 1 [mem 0xfc700000-0xfc7fffff]
[    2.769069] pci_bus 0000:0e: resource 2 [mem 0xe6d00000-0xe6dfffff 64bit pref]
[    2.769070] pci_bus 0000:0f: resource 1 [mem 0xfc300000-0xfc3fffff]
[    2.769072] pci_bus 0000:0f: resource 2 [mem 0xe6900000-0xe69fffff 64bit pref]
[    2.769073] pci_bus 0000:10: resource 1 [mem 0xfbf00000-0xfbffffff]
[    2.769082] pci_bus 0000:10: resource 2 [mem 0xe6500000-0xe65fffff 64bit pref]
[    2.769083] pci_bus 0000:11: resource 1 [mem 0xfbb00000-0xfbbfffff]
[    2.769085] pci_bus 0000:11: resource 2 [mem 0xe6100000-0xe61fffff 64bit pref]
[    2.769086] pci_bus 0000:12: resource 1 [mem 0xfb700000-0xfb7fffff]
[    2.769088] pci_bus 0000:12: resource 2 [mem 0xe5d00000-0xe5dfffff 64bit pref]
[    2.769089] pci_bus 0000:13: resource 0 [io  0x6000-0x6fff]
[    2.769091] pci_bus 0000:13: resource 1 [mem 0xfd200000-0xfd2fffff]
[    2.769092] pci_bus 0000:13: resource 2 [mem 0xe7800000-0xe78fffff 64bit pref]
[    2.769094] pci_bus 0000:14: resource 0 [io  0xa000-0xafff]
[    2.769095] pci_bus 0000:14: resource 1 [mem 0xfce00000-0xfcefffff]
[    2.769097] pci_bus 0000:14: resource 2 [mem 0xe7400000-0xe74fffff 64bit pref]
[    2.769098] pci_bus 0000:15: resource 0 [io  0xe000-0xefff]
[    2.769100] pci_bus 0000:15: resource 1 [mem 0xfca00000-0xfcafffff]
[    2.769101] pci_bus 0000:15: resource 2 [mem 0xe7000000-0xe70fffff 64bit pref]
[    2.769103] pci_bus 0000:16: resource 1 [mem 0xfc600000-0xfc6fffff]
[    2.769104] pci_bus 0000:16: resource 2 [mem 0xe6c00000-0xe6cfffff 64bit pref]
[    2.769106] pci_bus 0000:17: resource 1 [mem 0xfc200000-0xfc2fffff]
[    2.769107] pci_bus 0000:17: resource 2 [mem 0xe6800000-0xe68fffff 64bit pref]
[    2.769109] pci_bus 0000:18: resource 1 [mem 0xfbe00000-0xfbefffff]
[    2.769110] pci_bus 0000:18: resource 2 [mem 0xe6400000-0xe64fffff 64bit pref]
[    2.769112] pci_bus 0000:19: resource 1 [mem 0xfba00000-0xfbafffff]
[    2.769113] pci_bus 0000:19: resource 2 [mem 0xe6000000-0xe60fffff 64bit pref]
[    2.769115] pci_bus 0000:1a: resource 1 [mem 0xfb600000-0xfb6fffff]
[    2.769116] pci_bus 0000:1a: resource 2 [mem 0xe5c00000-0xe5cfffff 64bit pref]
[    2.769118] pci_bus 0000:1b: resource 0 [io  0x7000-0x7fff]
[    2.769119] pci_bus 0000:1b: resource 1 [mem 0xfd100000-0xfd1fffff]
[    2.769121] pci_bus 0000:1b: resource 2 [mem 0xe7700000-0xe77fffff 64bit pref]
[    2.769122] pci_bus 0000:1c: resource 0 [io  0xb000-0xbfff]
[    2.769124] pci_bus 0000:1c: resource 1 [mem 0xfcd00000-0xfcdfffff]
[    2.769125] pci_bus 0000:1c: resource 2 [mem 0xe7300000-0xe73fffff 64bit pref]
[    2.769127] pci_bus 0000:1d: resource 1 [mem 0xfc900000-0xfc9fffff]
[    2.769128] pci_bus 0000:1d: resource 2 [mem 0xe6f00000-0xe6ffffff 64bit pref]
[    2.769130] pci_bus 0000:1e: resource 1 [mem 0xfc500000-0xfc5fffff]
[    2.769131] pci_bus 0000:1e: resource 2 [mem 0xe6b00000-0xe6bfffff 64bit pref]
[    2.769133] pci_bus 0000:1f: resource 1 [mem 0xfc100000-0xfc1fffff]
[    2.769134] pci_bus 0000:1f: resource 2 [mem 0xe6700000-0xe67fffff 64bit pref]
[    2.769136] pci_bus 0000:20: resource 1 [mem 0xfbd00000-0xfbdfffff]
[    2.769137] pci_bus 0000:20: resource 2 [mem 0xe6300000-0xe63fffff 64bit pref]
[    2.769139] pci_bus 0000:21: resource 1 [mem 0xfb900000-0xfb9fffff]
[    2.769140] pci_bus 0000:21: resource 2 [mem 0xe5f00000-0xe5ffffff 64bit pref]
[    2.769142] pci_bus 0000:22: resource 1 [mem 0xfb500000-0xfb5fffff]
[    2.769143] pci_bus 0000:22: resource 2 [mem 0xe5b00000-0xe5bfffff 64bit pref]
[    2.769391] pci 0000:00:00.0: Limiting direct PCI/PCI transfers
[    2.771356] pci 0000:02:01.0: CLS mismatch (32 != 64), using 64 bytes
[    2.773566] PCI-DMA: Using software bounce buffering for IO (SWIOTLB)
[    2.773568] software IO TLB: mapped [mem 0x00000000b4c00000-0x00000000b8c00000] (64MB)
[    2.773659] clocksource: tsc: mask: 0xffffffffffffffff max_cycles: 0x36a8d32ce31, max_idle_ns: 881590731004 ns
[    2.773819] Trying to unpack rootfs image as initramfs...
[    2.775123] clocksource: Switched to clocksource tsc
[    2.776627] Initialise system trusted keyrings
[    2.776638] Key type blacklist registered
[    2.779156] workingset: timestamp_bits=36 max_order=20 bucket_order=0
[    2.779194] zbud: loaded
[    2.779628] squashfs: version 4.0 (2009/01/31) Phillip Lougher
[    2.779966] fuse: init (API version 7.40)
[    2.780452] integrity: Platform Keyring initialized
[    2.780457] integrity: Machine keyring initialized
[    2.791761] Key type asymmetric registered
[    2.791766] Asymmetric key parser 'x509' registered
[    2.791803] Block layer SCSI generic (bsg) driver version 0.4 loaded (major 243)
[    2.792009] io scheduler mq-deadline registered
[    2.794494] pcieport 0000:00:15.0: PME: Signaling with IRQ 24
[    2.794712] pcieport 0000:00:15.0: pciehp: Slot #160 AttnBtn+ PwrCtrl+ MRL- AttnInd- PwrInd- HotPlug+ Surprise- Interlock- NoCompl+ IbPresDis- LLActRep+
[    2.796953] pcieport 0000:00:15.1: PME: Signaling with IRQ 25
[    2.797133] pcieport 0000:00:15.1: pciehp: Slot #161 AttnBtn+ PwrCtrl+ MRL- AttnInd- PwrInd- HotPlug+ Surprise- Interlock- NoCompl+ IbPresDis- LLActRep+
[    2.799374] pcieport 0000:00:15.2: PME: Signaling with IRQ 26
[    2.799550] pcieport 0000:00:15.2: pciehp: Slot #162 AttnBtn+ PwrCtrl+ MRL- AttnInd- PwrInd- HotPlug+ Surprise- Interlock- NoCompl+ IbPresDis- LLActRep+
[    2.801795] pcieport 0000:00:15.3: PME: Signaling with IRQ 27
[    2.801962] pcieport 0000:00:15.3: pciehp: Slot #163 AttnBtn+ PwrCtrl+ MRL- AttnInd- PwrInd- HotPlug+ Surprise- Interlock- NoCompl+ IbPresDis- LLActRep+
[    2.804236] pcieport 0000:00:15.4: PME: Signaling with IRQ 28
[    2.804432] pcieport 0000:00:15.4: pciehp: Slot #164 AttnBtn+ PwrCtrl+ MRL- AttnInd- PwrInd- HotPlug+ Surprise- Interlock- NoCompl+ IbPresDis- LLActRep+
[    2.806687] pcieport 0000:00:15.5: PME: Signaling with IRQ 29
[    2.806855] pcieport 0000:00:15.5: pciehp: Slot #165 AttnBtn+ PwrCtrl+ MRL- AttnInd- PwrInd- HotPlug+ Surprise- Interlock- NoCompl+ IbPresDis- LLActRep+
[    2.809167] pcieport 0000:00:15.6: PME: Signaling with IRQ 30
[    2.809348] pcieport 0000:00:15.6: pciehp: Slot #166 AttnBtn+ PwrCtrl+ MRL- AttnInd- PwrInd- HotPlug+ Surprise- Interlock- NoCompl+ IbPresDis- LLActRep+
[    2.811586] pcieport 0000:00:15.7: PME: Signaling with IRQ 31
[    2.811751] pcieport 0000:00:15.7: pciehp: Slot #167 AttnBtn+ PwrCtrl+ MRL- AttnInd- PwrInd- HotPlug+ Surprise- Interlock- NoCompl+ IbPresDis- LLActRep+
[    2.813985] pcieport 0000:00:16.0: PME: Signaling with IRQ 32
[    2.814187] pcieport 0000:00:16.0: pciehp: Slot #192 AttnBtn+ PwrCtrl+ MRL- AttnInd- PwrInd- HotPlug+ Surprise- Interlock- NoCompl+ IbPresDis- LLActRep+
[    2.816433] pcieport 0000:00:16.1: PME: Signaling with IRQ 33
[    2.816598] pcieport 0000:00:16.1: pciehp: Slot #193 AttnBtn+ PwrCtrl+ MRL- AttnInd- PwrInd- HotPlug+ Surprise- Interlock- NoCompl+ IbPresDis- LLActRep+
[    2.818787] pcieport 0000:00:16.2: PME: Signaling with IRQ 34
[    2.818953] pcieport 0000:00:16.2: pciehp: Slot #194 AttnBtn+ PwrCtrl+ MRL- AttnInd- PwrInd- HotPlug+ Surprise- Interlock- NoCompl+ IbPresDis- LLActRep+
[    2.821293] pcieport 0000:00:16.3: PME: Signaling with IRQ 35
[    2.821460] pcieport 0000:00:16.3: pciehp: Slot #195 AttnBtn+ PwrCtrl+ MRL- AttnInd- PwrInd- HotPlug+ Surprise- Interlock- NoCompl+ IbPresDis- LLActRep+
[    2.823814] pcieport 0000:00:16.4: PME: Signaling with IRQ 36
[    2.823985] pcieport 0000:00:16.4: pciehp: Slot #196 AttnBtn+ PwrCtrl+ MRL- AttnInd- PwrInd- HotPlug+ Surprise- Interlock- NoCompl+ IbPresDis- LLActRep+
[    2.826339] pcieport 0000:00:16.5: PME: Signaling with IRQ 37
[    2.826507] pcieport 0000:00:16.5: pciehp: Slot #197 AttnBtn+ PwrCtrl+ MRL- AttnInd- PwrInd- HotPlug+ Surprise- Interlock- NoCompl+ IbPresDis- LLActRep+
[    2.828956] pcieport 0000:00:16.6: PME: Signaling with IRQ 38
[    2.829141] pcieport 0000:00:16.6: pciehp: Slot #198 AttnBtn+ PwrCtrl+ MRL- AttnInd- PwrInd- HotPlug+ Surprise- Interlock- NoCompl+ IbPresDis- LLActRep+
[    2.831530] pcieport 0000:00:16.7: PME: Signaling with IRQ 39
[    2.831698] pcieport 0000:00:16.7: pciehp: Slot #199 AttnBtn+ PwrCtrl+ MRL- AttnInd- PwrInd- HotPlug+ Surprise- Interlock- NoCompl+ IbPresDis- LLActRep+
[    2.834272] pcieport 0000:00:17.0: PME: Signaling with IRQ 40
[    2.834439] pcieport 0000:00:17.0: pciehp: Slot #224 AttnBtn+ PwrCtrl+ MRL- AttnInd- PwrInd- HotPlug+ Surprise- Interlock- NoCompl+ IbPresDis- LLActRep+
[    2.836793] pcieport 0000:00:17.1: PME: Signaling with IRQ 41
[    2.836960] pcieport 0000:00:17.1: pciehp: Slot #225 AttnBtn+ PwrCtrl+ MRL- AttnInd- PwrInd- HotPlug+ Surprise- Interlock- NoCompl+ IbPresDis- LLActRep+
[    2.839285] pcieport 0000:00:17.2: PME: Signaling with IRQ 42
[    2.839451] pcieport 0000:00:17.2: pciehp: Slot #226 AttnBtn+ PwrCtrl+ MRL- AttnInd- PwrInd- HotPlug+ Surprise- Interlock- NoCompl+ IbPresDis- LLActRep+
[    2.841962] pcieport 0000:00:17.3: PME: Signaling with IRQ 43
[    2.842140] pcieport 0000:00:17.3: pciehp: Slot #227 AttnBtn+ PwrCtrl+ MRL- AttnInd- PwrInd- HotPlug+ Surprise- Interlock- NoCompl+ IbPresDis- LLActRep+
[    2.844548] pcieport 0000:00:17.4: PME: Signaling with IRQ 44
[    2.844719] pcieport 0000:00:17.4: pciehp: Slot #228 AttnBtn+ PwrCtrl+ MRL- AttnInd- PwrInd- HotPlug+ Surprise- Interlock- NoCompl+ IbPresDis- LLActRep+
[    2.847065] pcieport 0000:00:17.5: PME: Signaling with IRQ 45
[    2.847243] pcieport 0000:00:17.5: pciehp: Slot #229 AttnBtn+ PwrCtrl+ MRL- AttnInd- PwrInd- HotPlug+ Surprise- Interlock- NoCompl+ IbPresDis- LLActRep+
[    2.849937] pcieport 0000:00:17.6: PME: Signaling with IRQ 46
[    2.850116] pcieport 0000:00:17.6: pciehp: Slot #230 AttnBtn+ PwrCtrl+ MRL- AttnInd- PwrInd- HotPlug+ Surprise- Interlock- NoCompl+ IbPresDis- LLActRep+
[    2.852507] pcieport 0000:00:17.7: PME: Signaling with IRQ 47
[    2.852673] pcieport 0000:00:17.7: pciehp: Slot #231 AttnBtn+ PwrCtrl+ MRL- AttnInd- PwrInd- HotPlug+ Surprise- Interlock- NoCompl+ IbPresDis- LLActRep+
[    2.855171] pcieport 0000:00:18.0: PME: Signaling with IRQ 48
[    2.855343] pcieport 0000:00:18.0: pciehp: Slot #256 AttnBtn+ PwrCtrl+ MRL- AttnInd- PwrInd- HotPlug+ Surprise- Interlock- NoCompl+ IbPresDis- LLActRep+
[    2.857895] pcieport 0000:00:18.1: PME: Signaling with IRQ 49
[    2.858074] pcieport 0000:00:18.1: pciehp: Slot #257 AttnBtn+ PwrCtrl+ MRL- AttnInd- PwrInd- HotPlug+ Surprise- Interlock- NoCompl+ IbPresDis- LLActRep+
[    2.860457] pcieport 0000:00:18.2: PME: Signaling with IRQ 50
[    2.860626] pcieport 0000:00:18.2: pciehp: Slot #258 AttnBtn+ PwrCtrl+ MRL- AttnInd- PwrInd- HotPlug+ Surprise- Interlock- NoCompl+ IbPresDis- LLActRep+
[    2.863043] pcieport 0000:00:18.3: PME: Signaling with IRQ 51
[    2.863222] pcieport 0000:00:18.3: pciehp: Slot #259 AttnBtn+ PwrCtrl+ MRL- AttnInd- PwrInd- HotPlug+ Surprise- Interlock- NoCompl+ IbPresDis- LLActRep+
[    2.865732] pcieport 0000:00:18.4: PME: Signaling with IRQ 52
[    2.865902] pcieport 0000:00:18.4: pciehp: Slot #260 AttnBtn+ PwrCtrl+ MRL- AttnInd- PwrInd- HotPlug+ Surprise- Interlock- NoCompl+ IbPresDis- LLActRep+
[    2.868246] pcieport 0000:00:18.5: PME: Signaling with IRQ 53
[    2.868466] pcieport 0000:00:18.5: pciehp: Slot #261 AttnBtn+ PwrCtrl+ MRL- AttnInd- PwrInd- HotPlug+ Surprise- Interlock- NoCompl+ IbPresDis- LLActRep+
[    2.870897] pcieport 0000:00:18.6: PME: Signaling with IRQ 54
[    2.871070] pcieport 0000:00:18.6: pciehp: Slot #262 AttnBtn+ PwrCtrl+ MRL- AttnInd- PwrInd- HotPlug+ Surprise- Interlock- NoCompl+ IbPresDis- LLActRep+
[    2.873599] pcieport 0000:00:18.7: PME: Signaling with IRQ 55
[    2.873767] pcieport 0000:00:18.7: pciehp: Slot #263 AttnBtn+ PwrCtrl+ MRL- AttnInd- PwrInd- HotPlug+ Surprise- Interlock- NoCompl+ IbPresDis- LLActRep+
[    2.875060] shpchp: Standard Hot Plug PCI Controller Driver version: 0.4
[    2.875608] ACPI: AC: AC Adapter [ACAD] (on-line)
[    2.875721] input: Power Button as /devices/LNXSYSTM:00/LNXPWRBN:00/input/input0
[    2.875839] ACPI: button: Power Button [PWRF]
[    2.877644] Serial: 8250/16550 driver, 32 ports, IRQ sharing enabled
[    2.883759] Linux agpgart interface v0.103
[    2.883883] agpgart-intel 0000:00:00.0: Intel 440BX Chipset
[    2.893177] agpgart-intel 0000:00:00.0: AGP aperture is 256M @ 0x0
[    2.928767] loop: module loaded
[    2.929990] ata_piix 0000:00:07.1: version 2.13
[    2.932595] scsi host0: ata_piix
[    2.934351] scsi host1: ata_piix
[    2.934459] ata1: PATA max UDMA/33 cmd 0x1f0 ctl 0x3f6 bmdma 0x1060 irq 14 lpm-pol 0
[    2.934462] ata2: PATA max UDMA/33 cmd 0x170 ctl 0x376 bmdma 0x1068 irq 15 lpm-pol 0
[    2.934553] ACPI: bus type drm_connector registered
[    2.936538] tun: Universal TUN/TAP device driver, 1.6
[    2.936628] PPP generic driver version 2.4.2
[    2.938160] uhci_hcd 0000:02:00.0: UHCI Host Controller
[    2.938196] uhci_hcd 0000:02:00.0: new USB bus registered, assigned bus number 1
[    2.938258] uhci_hcd 0000:02:00.0: detected 2 ports
[    2.938781] uhci_hcd 0000:02:00.0: irq 18, io port 0x00002080
[    2.939241] usb usb1: New USB device found, idVendor=1d6b, idProduct=0001, bcdDevice= 6.11
[    2.939244] usb usb1: New USB device strings: Mfr=3, Product=2, SerialNumber=1
[    2.939246] usb usb1: Product: UHCI Host Controller
[    2.939248] usb usb1: Manufacturer: Linux 6.11.0-19-generic uhci_hcd
[    2.939249] usb usb1: SerialNumber: 0000:02:00.0
[    2.939662] hub 1-0:1.0: USB hub found
[    2.939671] hub 1-0:1.0: 2 ports detected
[    2.940013] ehci-pci 0000:02:03.0: EHCI Host Controller
[    2.940056] ehci-pci 0000:02:03.0: new USB bus registered, assigned bus number 2
[    2.940136] i8042: PNP: PS/2 Controller [PNP0303:KBC,PNP0f13:MOUS] at 0x60,0x64 irq 1,12
[    2.941216] ehci-pci 0000:02:03.0: irq 17, io mem 0xfd5ef000
[    2.941876] serio: i8042 KBD port at 0x60,0x64 irq 1
[    2.941883] serio: i8042 AUX port at 0x60,0x64 irq 12
[    2.942486] mousedev: PS/2 mouse device common for all mice
[    2.944664] rtc_cmos 00:01: registered as rtc0
[    2.944828] rtc_cmos 00:01: setting system clock to 2025-03-16T14:46:43 UTC (1742136403)
[    2.944952] rtc_cmos 00:01: alarms up to one month, y3k, 114 bytes nvram
[    2.945001] i2c_dev: i2c /dev entries driver
[    2.945133] device-mapper: core: CONFIG_IMA_DISABLE_HTABLE is disabled. Duplicate IMA measurements will not be recorded in the IMA log.
[    2.945169] device-mapper: uevent: version 1.0.3
[    2.945841] device-mapper: ioctl: 4.48.0-ioctl (2023-03-01) initialised: dm-devel@lists.linux.dev
[    2.945919] platform eisa.0: Probing EISA bus 0
[    2.945922] platform eisa.0: EISA: Cannot allocate resource for mainboard
[    2.945924] platform eisa.0: Cannot allocate resource for EISA slot 1
[    2.945926] platform eisa.0: Cannot allocate resource for EISA slot 2
[    2.945927] platform eisa.0: Cannot allocate resource for EISA slot 3
[    2.945928] platform eisa.0: Cannot allocate resource for EISA slot 4
[    2.945930] platform eisa.0: Cannot allocate resource for EISA slot 5
[    2.945931] platform eisa.0: Cannot allocate resource for EISA slot 6
[    2.945932] platform eisa.0: Cannot allocate resource for EISA slot 7
[    2.945933] platform eisa.0: Cannot allocate resource for EISA slot 8
[    2.945934] platform eisa.0: EISA: Detected 0 cards
[    2.945937] intel_pstate: CPU model not supported
[    2.946366] ledtrig-cpu: registered to indicate activity on CPUs
[    2.947039] drop_monitor: Initializing network drop monitor service
[    2.947426] NET: Registered PF_INET6 protocol family
[    2.948188] ehci-pci 0000:02:03.0: USB 2.0 started, EHCI 1.00
[    2.948383] input: AT Translated Set 2 keyboard as /devices/platform/i8042/serio0/input/input1
[    2.948709] usb usb2: New USB device found, idVendor=1d6b, idProduct=0002, bcdDevice= 6.11
[    2.948713] usb usb2: New USB device strings: Mfr=3, Product=2, SerialNumber=1
[    2.948715] usb usb2: Product: EHCI Host Controller
[    2.948808] usb usb2: Manufacturer: Linux 6.11.0-19-generic ehci_hcd
[    2.948810] usb usb2: SerialNumber: 0000:02:03.0
[    2.949287] hub 2-0:1.0: USB hub found
[    2.949325] hub 2-0:1.0: 6 ports detected
[    3.166117] usb 1-1: new full-speed USB device number 2 using uhci_hcd
[    3.231417] Freeing initrd memory: 66768K
[    3.246618] Segment Routing with IPv6
[    3.246639] In-situ OAM (IOAM) with IPv6
[    3.246699] NET: Registered PF_PACKET protocol family
[    3.247139] Key type dns_resolver registered
[    3.248898] IPI shorthand broadcast: enabled
[    3.253531] sched_clock: Marking stable (3214004943, 39074634)->(3259016045, -5936468)
[    3.254120] registered taskstats version 1
[    3.266879] Loading compiled-in X.509 certificates
[    3.267700] Loaded X.509 cert 'Build time autogenerated kernel key: 81facc2b0c2c6f4a0b463946bfa0b8ef0d12a9eb'
[    3.268170] Loaded X.509 cert 'Canonical Ltd. Live Patch Signing: 14df34d1a87cf37625abec039ef2bf521249b969'
[    3.268619] Loaded X.509 cert 'Canonical Ltd. Kernel Module Signing: 88f752e560a1e0737e31163a466ad7b70a850c19'
[    3.268621] blacklist: Loading compiled-in revocation X.509 certificates
[    3.268640] Loaded X.509 cert 'Canonical Ltd. Secure Boot Signing: 61482aa2830d0ab2ad5af10b7250da9033ddcef0'
[    3.268683] Loaded X.509 cert 'Canonical Ltd. Secure Boot Signing (2017): 242ade75ac4a15e50d50c84b0d45ff3eae707a03'
[    3.268746] Loaded X.509 cert 'Canonical Ltd. Secure Boot Signing (ESM 2018): 365188c1d374d6b07c3c8f240f8ef722433d6a8b'
[    3.268760] Loaded X.509 cert 'Canonical Ltd. Secure Boot Signing (2019): c0746fd6c5da3ae827864651ad66ae47fe24b3e8'
[    3.268802] Loaded X.509 cert 'Canonical Ltd. Secure Boot Signing (2021 v1): a8d54bbb3825cfb94fa13c9f8a594a195c107b8d'
[    3.268816] Loaded X.509 cert 'Canonical Ltd. Secure Boot Signing (2021 v2): 4cf046892d6fd3c9a5b03f98d845f90851dc6a8c'
[    3.268854] Loaded X.509 cert 'Canonical Ltd. Secure Boot Signing (2021 v3): 100437bb6de6e469b581e61cd66bce3ef4ed53af'
[    3.268869] Loaded X.509 cert 'Canonical Ltd. Secure Boot Signing (Ubuntu Core 2019): c1d57b8f6b743f23ee41f4f7ee292f06eecadfb9'
[    3.283886] Demotion targets for Node 0: null
[    3.285537] Key type .fscrypt registered
[    3.285540] Key type fscrypt-provisioning registered
[    3.310904] usb 1-1: New USB device found, idVendor=0e0f, idProduct=0003, bcdDevice= 1.03
[    3.310911] usb 1-1: New USB device strings: Mfr=1, Product=2, SerialNumber=0
[    3.310913] usb 1-1: Product: VMware Virtual USB Mouse
[    3.310914] usb 1-1: Manufacturer: VMware
[    3.315600] Key type encrypted registered
[    3.315608] AppArmor: AppArmor sha256 policy hashing enabled
[    3.315619] ima: No TPM chip found, activating TPM-bypass!
[    3.315624] Loading compiled-in module X.509 certificates
[    3.316054] Loaded X.509 cert 'Build time autogenerated kernel key: 81facc2b0c2c6f4a0b463946bfa0b8ef0d12a9eb'
[    3.316057] ima: Allocated hash algorithm: sha256
[    3.316066] ima: No architecture policies found
[    3.316216] evm: Initialising EVM extended attributes:
[    3.316218] evm: security.selinux
[    3.316219] evm: security.SMACK64
[    3.316220] evm: security.SMACK64EXEC
[    3.316221] evm: security.SMACK64TRANSMUTE
[    3.316221] evm: security.SMACK64MMAP
[    3.316222] evm: security.apparmor
[    3.316223] evm: security.ima
[    3.316224] evm: security.capability
