{"version": 2, "width": 80, "height": 24, "timestamp": 1742141895, "env": {"SHELL": "/bin/bash", "TERM": "xterm-256color"}}
[0.074201, "o", "\u001b[?2004h\u001b]0;amindenizer@amindenizer-VMware: ~\u0007\u001b[01;32mamindenizer@amindenizer-VMware\u001b[00m:\u001b[01;34m~\u001b[00m$ "]
[1.190594, "o", "s"]
[1.403823, "o", "u"]
[1.546589, "o", "d"]
[1.712481, "o", "o"]
[1.867142, "o", " "]
[3.199563, "o", "d"]
[3.509165, "o", "m"]
[3.649625, "o", "e"]
[3.835427, "o", "s"]
[4.136492, "o", "g"]
[4.26414, "o", " "]
[4.75019, "o", "|"]
[4.911559, "o", " "]
[5.647166, "o", "l"]
[5.864976, "o", "e"]
[6.037369, "o", "s"]
[6.162889, "o", "s"]
[6.287682, "o", "\r\n\u001b[?2004l\r"]
[6.29114, "o", "\u001b[?1049h\u001b[22;0;0t\u001b[?1h\u001b=\r"]
[6.300753, "o", "[sudo] password for amindenizer: "]
[8.448489, "o", "\r\n"]
[8.469185, "o", "[    0.000000] Linux version 6.11.0-19-generic (buildd@lcy02-amd64-014) (x86_64- \blinux-gnu-gcc-13 (Ubuntu 13.3.0-6ubuntu2~24.04) 13.3.0, GNU ld (GNU Binutils for \b Ubuntu) 2.42) #19~24.04.1-Ubuntu SMP PREEMPT_DYNAMIC Mon Feb 17 11:51:52 UTC 2  \b(Ubuntu 6.11.0-19.19~24.04.1-generic 6.11.11)\r\n[    0.000000] Command line: BOOT_IMAGE=/boot/vmlinuz-6.11.0-19-generic root=UUI \bD=8d0dde75-d3dc-49a7-99f5-c2afe75af60b ro quiet splash\r\n[    0.000000] KERNEL supported cpus:\r\n[    0.000000]   Intel GenuineIntel\r\n[    0.000000]   AMD AuthenticAMD\r\n[    0.000000]   Hygon HygonGenuine\r\n[    0.000000]   Centaur CentaurHauls\r\n[    0.000000]   zhaoxin   Shanghai  \r\n[    0.000000] Disabled fast string operations\r\n[    0.000000] BIOS-provided physical RAM map:\r\n[    0.000000] BIOS-e820: [mem 0x0000000000000000-0x000000000009e7ff] usable\r\n[    0.000000] BIOS-e820: [mem 0x000000000009e800-0x000000000009ffff] reserved\r\n[    0.000000] BIOS-e820: [mem 0x00000000000dc000-0x00000000000fffff] reserved\r\n[    0.000000] BIOS-e820: [mem 0x0000000000100000-0x00000000bfecffff] usable\r\n[    0.000000] BIOS-e820: [mem 0x00000000bfed0000-0x00000000bfefefff] ACPI data\r\n[    0.000000] BIOS-e820: [mem 0x00000000bfeff000-0x00000000bfefffff] ACPI NVS\r\n[    0.000000] BIOS-e820: [mem 0x00000000bff00000-0x00000000bfffffff] usable\r\n[    0.000000] BIOS-e820: [mem 0x00000000f0000000-0x00000000f7ffffff] reserved\r\n[    0.000000] BIOS-e820: [mem 0x00000000fec00000-0x00000000fec0ffff] reserved\r\n:\u001b[K"]
[9.459741, "o", "\r\u001b[K[    0.000000] BIOS-e820: [mem 0x00000000fee00000-0x00000000fee00fff] reserved\r\n[    0.000000] BIOS-e820: [mem 0x00000000fffe0000-0x00000000ffffffff] reserved\r\n[    0.000000] BIOS-e820: [mem 0x0000000100000000-0x0000000101ffffff] usable\r\n[    0.000000] NX (Execute Disable) protection: active\r\n[    0.000000] APIC: Static calls initialized\r\n[    0.000000] SMBIOS 2.7 present.\r\n[    0.000000] DMI: VMware, Inc. VMware Virtual Platform/440BX Desktop Reference \b Platform, BIOS 6.00 11/12/2020\r\n[    0.000000] DMI: Memory slots populated: 3/128\r\n[    0.000000] vmware: hypercall mode: 0x02\r\n[    0.000000] Hypervisor detected: VMware\r\n[    0.000000] vmware: TSC freq read from hypervisor : 1896.000 MHz\r\n[    0.000000] vmware: Host bus clock speed read from hypervisor : 66000000 Hz\r\n[    0.000000] vmware: using clock offset of 20502572603 ns\r\n[    0.000029] tsc: Detected 1896.000 MHz processor\r\n[    0.002004] e820: update [mem 0x00000000-0x00000fff] usable ==> reserved\r\n[    0.002009] e820: remove [mem 0x000a0000-0x000fffff] usable\r\n[    0.002015] last_pfn = 0x102000 max_arch_pfn = 0x400000000\r\n[    0.002040] total RAM covered: 64512M\r\n[    0.002159] Found optimal setting for mtrr clean up\r\n[    0.002160]  gran_size: 64K  chunk_size: 64K         num_reg: 6      lose cov \ber RAM: 0G\r\n[    0.002164] MTRR map: 7 entries (5 fixed + 2 variable; max 21), built from 8  \b:\u001b[K"]
[9.599388, "o", "\r\u001b[Kvariable MTRRs\r\n[    0.002167] x86/PAT: Configuration [0-7]: WB  WC  UC- UC  WB  WP  UC- WT  \r\n[    0.002204] e820: update [mem 0xc0000000-0xffffffff] usable ==> reserved\r\n[    0.002210] last_pfn = 0xc0000 max_arch_pfn = 0x400000000\r\n[    0.010299] found SMP MP-table at [mem 0x000f6a70-0x000f6a7f]\r\n[    0.010317] Using GB pages for direct mapping\r\n[    0.010716] RAMDISK: [mem 0x2fd87000-0x33ebafff]\r\n[    0.011068] ACPI: Early table checksum verification disabled\r\n[    0.011074] ACPI: RSDP 0x00000000000F6A00 000024 (v02 PTLTD )\r\n[    0.011079] ACPI: XSDT 0x00000000BFEDF633 00005C (v01 INTEL  440BX    0604000 \b0 VMW  01324272)\r\n[    0.011086] ACPI: FACP 0x00000000BFEFEE73 0000F4 (v04 INTEL  440BX    0604000 \b0 PTL  000F4240)\r\n[    0.011093] ACPI: DSDT 0x00000000BFEE0CE2 01E191 (v01 PTLTD  Custom   0604000 \b0 MSFT 03000001)\r\n[    0.011139] ACPI: FACS 0x00000000BFEFFFC0 000040\r\n[    0.011143] ACPI: FACS 0x00000000BFEFFFC0 000040\r\n[    0.011148] ACPI: BOOT 0x00000000BFEE0CBA 000028 (v01 PTLTD  $SBFTBL$ 0604000 \b0  LTP 00000001)\r\n[    0.011152] ACPI: APIC 0x00000000BFEE0578 000742 (v01 PTLTD  ? APIC   0604000 \b0  LTP 00000000)\r\n[    0.011156] ACPI: MCFG 0x00000000BFEE053C 00003C (v01 PTLTD  $PCITBL$ 0604000 \b0  LTP 00000001)\r\n:\u001b[K"]
[9.730146, "o", "\r\u001b[K[    0.011160] ACPI: SRAT 0x00000000BFEDF72F 0008D0 (v02 VMWARE MEMPLUG  0604000 \b0 VMW  00000001)\r\n[    0.011164] ACPI: HPET 0x00000000BFEDF6F7 000038 (v01 VMWARE VMW HPET 0604000 \b0 VMW  00000001)\r\n[    0.011168] ACPI: WAET 0x00000000BFEDF6CF 000028 (v01 VMWARE VMW WAET 0604000 \b0 VMW  00000001)\r\n[    0.011171] ACPI: Reserving FACP table memory at [mem 0xbfefee73-0xbfefef66]\r\n[    0.011172] ACPI: Reserving DSDT table memory at [mem 0xbfee0ce2-0xbfefee72]\r\n[    0.011173] ACPI: Reserving FACS table memory at [mem 0xbfefffc0-0xbfefffff]\r\n[    0.011174] ACPI: Reserving FACS table memory at [mem 0xbfefffc0-0xbfefffff]\r\n[    0.011175] ACPI: Reserving BOOT table memory at [mem 0xbfee0cba-0xbfee0ce1]\r\n[    0.011176] ACPI: Reserving APIC table memory at [mem 0xbfee0578-0xbfee0cb9]\r\n[    0.011176] ACPI: Reserving MCFG table memory at [mem 0xbfee053c-0xbfee0577]\r\n[    0.011177] ACPI: Reserving SRAT table memory at [mem 0xbfedf72f-0xbfedfffe]\r\n[    0.011178] ACPI: Reserving HPET table memory at [mem 0xbfedf6f7-0xbfedf72e]\r\n[    0.011179] ACPI: Reserving WAET table memory at [mem 0xbfedf6cf-0xbfedf6f6]\r\n[    0.011291] SRAT: PXM 0 -> APIC 0x00 -> Node 0\r\n[    0.011293] SRAT: PXM 0 -> APIC 0x02 -> Node 0\r\n[    0.011294] SRAT: PXM 0 -> APIC 0x04 -> Node 0\r\n[    0.011295] SRAT: PXM 0 -> APIC 0x06 -> Node 0\r\n[    0.011295] SRAT: PXM 0 -> APIC 0x08 -> Node 0\r\n[    0.011296] SRAT: PXM 0 -> APIC 0x0a -> Node 0\r\n[    0.011297] SRAT: PXM 0 -> APIC 0x0c -> Node 0\r\n:\u001b[K"]
[9.867244, "o", "\r\u001b[K"]
[9.869076, "o", "[    0.011297] SRAT: PXM 0 -> APIC 0x0e -> Node 0\r\n[    0.011298] SRAT: PXM 0 -> APIC 0x10 -> Node 0\r\n[    0.011299] SRAT: PXM 0 -> APIC 0x12 -> Node 0"]
[9.87008, "o", "\r\n[    0.011300] SRAT: PXM 0 -> APIC 0x14 -> Node 0\r\n[    0.011300] SRAT: PXM 0 -> APIC 0x16 -> Node 0\r\n[    0.011301] SRAT: PXM 0 -> APIC 0x18 -> Node 0\r\n[    0.011302] SRAT: PXM 0 -> APIC 0x1a -> Node 0\r\n[    0.011302] SRAT: PXM 0 -> APIC 0x1c -> Node 0"]
[9.870679, "o", "\r\n[    0.011303] SRAT: PXM 0 -> APIC 0x1e -> Node 0\r\n[    0.011304] SRAT: PXM 0 -> APIC 0x20 -> Node 0\r\n[    0.011304] SRAT: PXM 0 -> APIC 0x22 -> Node 0\r\n[    0.011305] SRAT: PXM 0 -> APIC 0x24 -> Node 0\r\n[    0.011306] SRAT: PXM 0 -> APIC 0x26 -> Node 0\r\n[    0.011306] SRAT: PXM 0 -> APIC 0x28 -> Node 0\r\n[    0.011307] SRAT: PXM 0 -> APIC 0x2a -> Node 0\r\n[    0.011308] SRAT: PXM 0 -> APIC 0x2c -> Node 0\r\n[    0.011308] SRAT: PXM 0 -> APIC 0x2e -> Node 0\r\n[    0.011309] SRAT: PXM 0 -> APIC 0x30 -> Node 0\r\n[    0.011310] SRAT: PXM 0 -> APIC 0x32 -> Node 0\r\n[    0.011311] SRAT: PXM 0 -> APIC 0x34 -> Node 0\r\n[    0.011311] SRAT: PXM 0 -> APIC 0x36 -> Node 0\r\n[    0.011312] SRAT: PXM 0 -> APIC 0x38 -> Node 0\r\n[    0.011313] SRAT: PXM 0 -> APIC 0x3a -> Node 0\r\n:\u001b[K"]
[9.992624, "o", "\r\u001b[K[    0.011313] SRAT: PXM 0 -> APIC 0x3c -> Node 0\r\n[    0.011314] SRAT: PXM 0 -> APIC 0x3e -> Node 0\r\n[    0.011315] SRAT: PXM 0 -> APIC 0x40 -> Node 0\r\n[    0.011315] SRAT: PXM 0 -> APIC 0x42 -> Node 0\r\n[    0.011316] SRAT: PXM 0 -> APIC 0x44 -> Node 0\r\n[    0.011317] SRAT: PXM 0 -> APIC 0x46 -> Node 0\r\n[    0.011317] SRAT: PXM 0 -> APIC 0x48 -> Node 0\r\n[    0.011318] SRAT: PXM 0 -> APIC 0x4a -> Node 0\r\n[    0.011319] SRAT: PXM 0 -> APIC 0x4c -> Node 0\r\n[    0.011319] SRAT: PXM 0 -> APIC 0x4e -> Node 0\r\n[    0.011320] SRAT: PXM 0 -> APIC 0x50 -> Node 0\r\n[    0.011321] SRAT: PXM 0 -> APIC 0x52 -> Node 0\r\n[    0.011322] SRAT: PXM 0 -> APIC 0x54 -> Node 0\r\n[    0.011322] SRAT: PXM 0 -> APIC 0x56 -> Node 0\r\n[    0.011323] SRAT: PXM 0 -> APIC 0x58 -> Node 0\r\n[    0.011324] SRAT: PXM 0 -> APIC 0x5a -> Node 0\r\n[    0.011324] SRAT: PXM 0 -> APIC 0x5c -> Node 0\r\n[    0.011325] SRAT: PXM 0 -> APIC 0x5e -> Node 0\r\n[    0.011326] SRAT: PXM 0 -> APIC 0x60 -> Node 0\r\n[    0.011326] SRAT: PXM 0 -> APIC 0x62 -> Node 0\r\n[    0.011327] SRAT: PXM 0 -> APIC 0x64 -> Node 0\r\n[    0.011328] SRAT: PXM 0 -> APIC 0x66 -> Node 0\r\n[    0.011328] SRAT: PXM 0 -> APIC 0x68 -> Node 0\r\n:\u001b[K"]
[10.102922, "o", "\r\u001b[K[    0.011329] SRAT: PXM 0 -> APIC 0x6a -> Node 0\r\n[    0.011330] SRAT: PXM 0 -> APIC 0x6c -> Node 0\r\n[    0.011330] SRAT: PXM 0 -> APIC 0x6e -> Node 0\r\n[    0.011331] SRAT: PXM 0 -> APIC 0x70 -> Node 0\r\n[    0.011332] SRAT: PXM 0 -> APIC 0x72 -> Node 0\r\n[    0.011333] SRAT: PXM 0 -> APIC 0x74 -> Node 0\r\n[    0.011333] SRAT: PXM 0 -> APIC 0x76 -> Node 0\r\n[    0.011334] SRAT: PXM 0 -> APIC 0x78 -> Node 0\r\n[    0.011335] SRAT: PXM 0 -> APIC 0x7a -> Node 0\r\n[    0.011335] SRAT: PXM 0 -> APIC 0x7c -> Node 0\r\n[    0.011336] SRAT: PXM 0 -> APIC 0x7e -> Node 0\r\n[    0.011337] SRAT: PXM 0 -> APIC 0x80 -> Node 0\r\n[    0.011337] SRAT: PXM 0 -> APIC 0x82 -> Node 0\r\n[    0.011338] SRAT: PXM 0 -> APIC 0x84 -> Node 0\r\n[    0.011339] SRAT: PXM 0 -> APIC 0x86 -> Node 0\r\n[    0.011339] SRAT: PXM 0 -> APIC 0x88 -> Node 0\r\n[    0.011340] SRAT: PXM 0 -> APIC 0x8a -> Node 0\r\n[    0.011341] SRAT: PXM 0 -> APIC 0x8c -> Node 0\r\n[    0.011341] SRAT: PXM 0 -> APIC 0x8e -> Node 0\r\n[    0.011342] SRAT: PXM 0 -> APIC 0x90 -> Node 0\r\n[    0.011343] SRAT: PXM 0 -> APIC 0x92 -> Node 0\r\n[    0.011343] SRAT: PXM 0 -> APIC 0x94 -> Node 0\r\n[    0.011344] SRAT: PXM 0 -> APIC 0x96 -> Node 0\r\n:\u001b[K"]
[10.245199, "o", "\r\u001b[K[    0.011345] SRAT: PXM 0 -> APIC 0x98 -> Node 0\r\n[    0.011346] SRAT: PXM 0 -> APIC 0x9a -> Node 0\r\n[    0.011346] SRAT: PXM 0 -> APIC 0x9c -> Node 0\r\n[    0.011347] SRAT: PXM 0 -> APIC 0x9e -> Node 0\r\n[    0.011348] SRAT: PXM 0 -> APIC 0xa0 -> Node 0\r\n[    0.011348] SRAT: PXM 0 -> APIC 0xa2 -> Node 0\r\n[    0.011349] SRAT: PXM 0 -> APIC 0xa4 -> Node 0\r\n[    0.011350] SRAT: PXM 0 -> APIC 0xa6 -> Node 0\r\n[    0.011350] SRAT: PXM 0 -> APIC 0xa8 -> Node 0\r\n[    0.011351] SRAT: PXM 0 -> APIC 0xaa -> Node 0\r\n[    0.011352] SRAT: PXM 0 -> APIC 0xac -> Node 0\r\n[    0.011352] SRAT: PXM 0 -> APIC 0xae -> Node 0\r\n[    0.011353] SRAT: PXM 0 -> APIC 0xb0 -> Node 0\r\n[    0.011354] SRAT: PXM 0 -> APIC 0xb2 -> Node 0\r\n[    0.011354] SRAT: PXM 0 -> APIC 0xb4 -> Node 0\r\n[    0.011355] SRAT: PXM 0 -> APIC 0xb6 -> Node 0\r\n[    0.011356] SRAT: PXM 0 -> APIC 0xb8 -> Node 0\r\n[    0.011357] SRAT: PXM 0 -> APIC 0xba -> Node 0\r\n[    0.011357] SRAT: PXM 0 -> APIC 0xbc -> Node 0\r\n[    0.011358] SRAT: PXM 0 -> APIC 0xbe -> Node 0\r\n[    0.011359] SRAT: PXM 0 -> APIC 0xc0 -> Node 0\r\n[    0.011359] SRAT: PXM 0 -> APIC 0xc2 -> Node 0\r\n[    0.011360] SRAT: PXM 0 -> APIC 0xc4 -> Node 0\r\n:\u001b[K"]
[10.442319, "o", "\r\u001b[K[    0.011361] SRAT: PXM 0 -> APIC 0xc6 -> Node 0\r\n[    0.011361] SRAT: PXM 0 -> APIC 0xc8 -> Node 0\r\n[    0.011362] SRAT: PXM 0 -> APIC 0xca -> Node 0\r\n[    0.011363] SRAT: PXM 0 -> APIC 0xcc -> Node 0\r\n[    0.011363] SRAT: PXM 0 -> APIC 0xce -> Node 0\r\n[    0.011364] SRAT: PXM 0 -> APIC 0xd0 -> Node 0\r\n[    0.011365] SRAT: PXM 0 -> APIC 0xd2 -> Node 0\r\n[    0.011365] SRAT: PXM 0 -> APIC 0xd4 -> Node 0\r\n[    0.011366] SRAT: PXM 0 -> APIC 0xd6 -> Node 0\r\n[    0.011367] SRAT: PXM 0 -> APIC 0xd8 -> Node 0\r\n[    0.011367] SRAT: PXM 0 -> APIC 0xda -> Node 0\r\n[    0.011368] SRAT: PXM 0 -> APIC 0xdc -> Node 0\r\n[    0.011369] SRAT: PXM 0 -> APIC 0xde -> Node 0\r\n[    0.011369] SRAT: PXM 0 -> APIC 0xe0 -> Node 0\r\n[    0.011370] SRAT: PXM 0 -> APIC 0xe2 -> Node 0\r\n[    0.011371] SRAT: PXM 0 -> APIC 0xe4 -> Node 0\r\n[    0.011372] SRAT: PXM 0 -> APIC 0xe6 -> Node 0\r\n[    0.011372] SRAT: PXM 0 -> APIC 0xe8 -> Node 0\r\n[    0.011373] SRAT: PXM 0 -> APIC 0xea -> Node 0\r\n[    0.011374] SRAT: PXM 0 -> APIC 0xec -> Node 0\r\n[    0.011374] SRAT: PXM 0 -> APIC 0xee -> Node 0\r\n[    0.011375] SRAT: PXM 0 -> APIC 0xf0 -> Node 0\r\n[    0.011376] SRAT: PXM 0 -> APIC 0xf2 -> Node 0\r\n:\u001b[K"]
[10.599382, "o", "\r\u001b[K[    0.011376] SRAT: PXM 0 -> APIC 0xf4 -> Node 0\r\n[    0.011377] SRAT: PXM 0 -> APIC 0xf6 -> Node 0\r\n[    0.011378] SRAT: PXM 0 -> APIC 0xf8 -> Node 0\r\n[    0.011378] SRAT: PXM 0 -> APIC 0xfa -> Node 0\r\n[    0.011379] SRAT: PXM 0 -> APIC 0xfc -> Node 0\r\n[    0.011380] SRAT: PXM 0 -> APIC 0xfe -> Node 0\r\n[    0.011383] ACPI: SRAT: Node 0 PXM 0 [mem 0x00000000-0x0009ffff]\r\n[    0.011385] ACPI: SRAT: Node 0 PXM 0 [mem 0x00100000-0xbfffffff]\r\n[    0.011386] ACPI: SRAT: Node 0 PXM 0 [mem 0x100000000-0x101ffffff]\r\n[    0.011387] ACPI: SRAT: Node 0 PXM 0 [mem 0x102000000-0xc5fffffff] hotplug\r\n[    0.011391] NUMA: Node 0 [mem 0x00000000-0x0009ffff] + [mem 0x00100000-0xbfff \bffff] -> [mem 0x00000000-0xbfffffff]\r\n[    0.011393] NUMA: Node 0 [mem 0x00000000-0xbfffffff] + [mem 0x100000000-0x101 \bffffff] -> [mem 0x00000000-0x101ffffff]\r\n[    0.011402] NODE_DATA(0) allocated [mem 0x101fd5000-0x101ffffff]\r\n[    0.012768] Zone ranges:\r\n[    0.012769]   DMA      [mem 0x0000000000001000-0x0000000000ffffff]\r\n[    0.012771]   DMA32    [mem 0x0000000001000000-0x00000000ffffffff]\r\n[    0.012773]   Normal   [mem 0x0000000100000000-0x0000000101ffffff]\r\n[    0.012774]   Device   empty\r\n[    0.012775] Movable zone start for each node\r\n[    0.012777] Early memory node ranges\r\n[    0.012778]   node   0: [mem 0x0000000000001000-0x000000000009dfff]\r\n:\u001b[K"]
[10.730833, "o", "\r\u001b[K[    0.012779]   node   0: [mem 0x0000000000100000-0x00000000bfecffff]\r\n[    0.012780]   node   0: [mem 0x00000000bff00000-0x00000000bfffffff]\r\n[    0.012781]   node   0: [mem 0x0000000100000000-0x0000000101ffffff]\r\n[    0.012782] Initmem setup node 0 [mem 0x0000000000001000-0x0000000101ffffff]\r\n[    0.012880] On node 0, zone DMA: 1 pages in unavailable ranges\r\n[    0.014317] On node 0, zone DMA: 98 pages in unavailable ranges\r\n[    0.102648] On node 0, zone DMA32: 48 pages in unavailable ranges\r\n[    0.102648] On node 0, zone Normal: 24576 pages in unavailable ranges\r\n[    0.124770] ACPI: PM-Timer IO Port: 0x1008\r\n[    0.124815] ACPI: LAPIC_NMI (acpi_id[0x00] high edge lint[0x1])\r\n[    0.124818] ACPI: LAPIC_NMI (acpi_id[0x01] high edge lint[0x1])\r\n[    0.124820] ACPI: LAPIC_NMI (acpi_id[0x02] high edge lint[0x1])\r\n[    0.124822] ACPI: LAPIC_NMI (acpi_id[0x03] high edge lint[0x1])\r\n[    0.124823] ACPI: LAPIC_NMI (acpi_id[0x04] high edge lint[0x1])\r\n[    0.124824] ACPI: LAPIC_NMI (acpi_id[0x05] high edge lint[0x1])\r\n[    0.124825] ACPI: LAPIC_NMI (acpi_id[0x06] high edge lint[0x1])\r\n[    0.124826] ACPI: LAPIC_NMI (acpi_id[0x07] high edge lint[0x1])\r\n[    0.124827] ACPI: LAPIC_NMI (acpi_id[0x08] high edge lint[0x1])\r\n[    0.124828] ACPI: LAPIC_NMI (acpi_id[0x09] high edge lint[0x1])\r\n[    0.124830] ACPI: LAPIC_NMI (acpi_id[0x0a] high edge lint[0x1])\r\n[    0.124831] ACPI: LAPIC_NMI (acpi_id[0x0b] high edge lint[0x1])\r\n[    0.124832] ACPI: LAPIC_NMI (acpi_id[0x0c] high edge lint[0x1])\r\n[    0.124833] ACPI: LAPIC_NMI (acpi_id[0x0d] high edge lint[0x1])\r\n:\u001b[K"]
[10.865004, "o", "\r\u001b[K"]
[10.866146, "o", "[    0.124834] ACPI: LAPIC_NMI (acpi_id[0x0e] high edge lint[0x1])\r\n[    0.124836] ACPI: LAPIC_NMI (acpi_id[0x0f] high edge lint[0x1])\r\n[    0.124837] ACPI: LAPIC_NMI (acpi_id[0x10] high edge lint[0x1])\r\n[    0.124838] ACPI: LAPIC_NMI (acpi_id[0x11] high edge lint[0x1])\r\n[    0.124839] ACPI: LAPIC_NMI (acpi_id[0x12] high edge lint[0x1])\r\n[    0.124841] ACPI: LAPIC_NMI (acpi_id[0x13] high edge lint[0x1])\r\n[    0.124843] ACPI: LAPIC_NMI (acpi_id[0x14] high edge lint[0x1])\r\n[    0.124844] ACPI: LAPIC_NMI (acpi_id[0x15] high edge lint[0x1])\r\n[    0.124845] ACPI: LAPIC_NMI (acpi_id[0x16] high edge lint[0x1])\r\n[    0.124846] ACPI: LAPIC_NMI (acpi_id[0x17] high edge lint[0x1])\r\n[    0.124847] ACPI: LAPIC_NMI (acpi_id[0x18] high edge lint[0x1])\r\n[    0.124849] ACPI: LAPIC_NMI (acpi_id[0x19] high edge lint[0x1])\r\n[    0.124850] ACPI: LAPIC_NMI (acpi_id[0x1a] high edge lint[0x1])\r\n[    0.124851] ACPI: LAPIC_NMI (acpi_id[0x1b] high edge lint[0x1])\r\n[    0.124853] ACPI: LAPIC_NMI (acpi_id[0x1c] high edge lint[0x1])\r\n[    0.124854] ACPI: LAPIC_NMI (acpi_id[0x1d] high edge lint[0x1])\r\n[    0.124855] ACPI: LAPIC_NMI (acpi_id[0x1e] high edge lint[0x1])\r\n[    0.124857] ACPI: LAPIC_NMI (acpi_id[0x1f] high edge lint[0x1])\r\n[    0.124858] ACPI: LAPIC_NMI (acpi_id[0x20] high edge lint[0x1])\r\n[    0.124859] ACPI: LAPIC_NMI (acpi_id[0x21] high edge lint[0x1])\r\n[    0.124861] ACPI: LAPIC_NMI (acpi_id[0x22] high edge lint[0x1])\r\n[    0.124862] ACPI: LAPIC_NMI (acpi_id[0x23] high edge lint[0x1])\r\n[    0.124863] ACPI: LAPIC_NMI (acpi_id[0x24] high edge lint[0x1])\r\n:\u001b[K"]
[11.005787, "o", "\r\u001b[K[    0.124865] ACPI: LAPIC_NMI (acpi_id[0x25] high edge lint[0x1])\r\n[    0.124866] ACPI: LAPIC_NMI (acpi_id[0x26] high edge lint[0x1])\r\n[    0.124868] ACPI: LAPIC_NMI (acpi_id[0x27] high edge lint[0x1])\r\n[    0.124869] ACPI: LAPIC_NMI (acpi_id[0x28] high edge lint[0x1])\r\n[    0.124870] ACPI: LAPIC_NMI (acpi_id[0x29] high edge lint[0x1])\r\n[    0.124872] ACPI: LAPIC_NMI (acpi_id[0x2a] high edge lint[0x1])\r\n[    0.124873] ACPI: LAPIC_NMI (acpi_id[0x2b] high edge lint[0x1])\r\n[    0.124875] ACPI: LAPIC_NMI (acpi_id[0x2c] high edge lint[0x1])\r\n[    0.124876] ACPI: LAPIC_NMI (acpi_id[0x2d] high edge lint[0x1])\r\n[    0.124878] ACPI: LAPIC_NMI (acpi_id[0x2e] high edge lint[0x1])\r\n[    0.124879] ACPI: LAPIC_NMI (acpi_id[0x2f] high edge lint[0x1])\r\n[    0.124881] ACPI: LAPIC_NMI (acpi_id[0x30] high edge lint[0x1])\r\n[    0.124882] ACPI: LAPIC_NMI (acpi_id[0x31] high edge lint[0x1])\r\n[    0.124884] ACPI: LAPIC_NMI (acpi_id[0x32] high edge lint[0x1])\r\n[    0.124885] ACPI: LAPIC_NMI (acpi_id[0x33] high edge lint[0x1])\r\n[    0.124887] ACPI: LAPIC_NMI (acpi_id[0x34] high edge lint[0x1])\r\n[    0.124888] ACPI: LAPIC_NMI (acpi_id[0x35] high edge lint[0x1])\r\n[    0.124890] ACPI: LAPIC_NMI (acpi_id[0x36] high edge lint[0x1])\r\n[    0.124891] ACPI: LAPIC_NMI (acpi_id[0x37] high edge lint[0x1])\r\n[    0.124893] ACPI: LAPIC_NMI (acpi_id[0x38] high edge lint[0x1])\r\n[    0.124894] ACPI: LAPIC_NMI (acpi_id[0x39] high edge lint[0x1])\r\n[    0.124896] ACPI: LAPIC_NMI (acpi_id[0x3a] high edge lint[0x1])\r\n[    0.124897] ACPI: LAPIC_NMI (acpi_id[0x3b] high edge lint[0x1])\r\n:\u001b[K"]
[11.139898, "o", "\r\u001b[K[    0.124898] ACPI: LAPIC_NMI (acpi_id[0x3c] high edge lint[0x1])\r\n[    0.124900] ACPI: LAPIC_NMI (acpi_id[0x3d] high edge lint[0x1])\r\n"]
[11.140177, "o", "[    0.124901] ACPI: LAPIC_NMI (acpi_id[0x3e] high edge lint[0x1])\r\n[    0.124902] ACPI: LAPIC_NMI (acpi_id[0x3f] high edge lint[0x1])\r\n[    0.124904] ACPI: LAPIC_NMI (acpi_id[0x40] high edge lint[0x1])\r\n[    0.124905] ACPI: LAPIC_NMI (acpi_id[0x41] high edge lint[0x1])\r\n[    0.124907] ACPI: LAPIC_NMI (acpi_id[0x42] high edge lint[0x1])\r\n[    0.124908] ACPI: LAPIC_NMI (acpi_id[0x43] high edge lint[0x1])\r\n[    0.124910] ACPI: LAPIC_NMI (acpi_id[0x44] high edge lint[0x1])\r\n[    0.124911] ACPI: LAPIC_NMI (acpi_id[0x45] high edge lint[0x1])\r\n[    0.124913] ACPI: LAPIC_NMI (acpi_id[0x46] high edge lint[0x1])\r\n[    0.124914] ACPI: LAPIC_NMI (acpi_id[0x47] high edge lint[0x1])\r\n[    0.124916] ACPI: LAPIC_NMI (acpi_id[0x48] high edge lint[0x1])\r\n[    0.124918] ACPI: LAPIC_NMI (acpi_id[0x49] high edge lint[0x1])\r\n[    0.124919] ACPI: LAPIC_NMI (acpi_id[0x4a] high edge lint[0x1])\r\n[    0.124921] ACPI: LAPIC_NMI (acpi_id[0x4b] high edge lint[0x1])\r\n[    0.124922] ACPI: LAPIC_NMI (acpi_id[0x4c] high edge lint[0x1])\r\n[    0.124923] ACPI: LAPIC_NMI (acpi_id[0x4d] high edge lint[0x1])\r\n[    0.124925] ACPI: LAPIC_NMI (acpi_id[0x4e] high edge lint[0x1])\r\n[    0.124926] ACPI: LAPIC_NMI (acpi_id[0x4f] high edge lint[0x1])\r\n[    0.124928] ACPI: LAPIC_NMI (acpi_id[0x50] high edge lint[0x1])\r\n[    0.124929] ACPI: LAPIC_NMI (acpi_id[0x51] high edge lint[0x1])\r\n[    0.124931] ACPI: LAPIC_NMI (acpi_id[0x52] high edge lint[0x1])\r\n:\u001b[K"]
[11.268848, "o", "\r\u001b[K"]
[11.269107, "o", "[    0.124932] ACPI: LAPIC_NMI (acpi_id[0x53] high edge lint[0x1])\r\n"]
[11.269212, "o", "[    0.124933] ACPI: LAPIC_NMI (acpi_id[0x54] high edge lint[0x1])\r\n[    0.124935] ACPI: LAPIC_NMI (acpi_id[0x55] high edge lint[0x1])\r\n[    0.124936] ACPI: LAPIC_NMI (acpi_id[0x56] high edge lint[0x1])\r\n[    0.124937] ACPI: LAPIC_NMI (acpi_id[0x57] high edge lint[0x1])\r\n[    0.124938] ACPI: LAPIC_NMI (acpi_id[0x58] high edge lint[0x1])\r\n[    0.124939] ACPI: LAPIC_NMI (acpi_id[0x59] high edge lint[0x1])\r\n[    0.124941] ACPI: LAPIC_NMI (acpi_id[0x5a] high edge lint[0x1])"]
[11.270924, "o", "\r\n[    0.124942] ACPI: LAPIC_NMI (acpi_id[0x5b] high edge lint[0x1])\r\n[    0.124944] ACPI: LAPIC_NMI (acpi_id[0x5c] high edge lint[0x1])\r\n[    0.124945] ACPI: LAPIC_NMI (acpi_id[0x5d] high edge lint[0x1])\r\n[    0.124947] ACPI: LAPIC_NMI (acpi_id[0x5e] high edge lint[0x1])"]
[11.271242, "o", "\r\n[    0.124948] ACPI: LAPIC_NMI (acpi_id[0x5f] high edge lint[0x1])\r\n[    0.124950] ACPI: LAPIC_NMI (acpi_id[0x60] high edge lint[0x1])\r\n[    0.124951] ACPI: LAPIC_NMI (acpi_id[0x61] high edge lint[0x1])\r\n[    0.124953] ACPI: LAPIC_NMI (acpi_id[0x62] high edge lint[0x1])\r\n[    0.124954] ACPI: LAPIC_NMI (acpi_id[0x63] high edge lint[0x1])\r\n[    0.124956] ACPI: LAPIC_NMI (acpi_id[0x64] high edge lint[0x1])\r\n[    0.124957] ACPI: LAPIC_NMI (acpi_id[0x65] high edge lint[0x1])\r\n[    0.124959] ACPI: LAPIC_NMI (acpi_id[0x66] high edge lint[0x1])\r\n[    0.124961] ACPI: LAPIC_NMI (acpi_id[0x67] high edge lint[0x1])\r\n[    0.124962] ACPI: LAPIC_NMI (acpi_id[0x68] high edge lint[0x1])\r\n[    0.124963] ACPI: LAPIC_NMI (acpi_id[0x69] high edge lint[0x1])\r\n:\u001b[K"]
[11.400256, "o", "\r\u001b[K[    0.124964] ACPI: LAPIC_NMI (acpi_id[0x6a] high edge lint[0x1])"]
[11.400385, "o", "\r\n[    0.124965] ACPI: LAPIC_NMI (acpi_id[0x6b] high edge lint[0x1])\r\n[    0.124967] ACPI: LAPIC_NMI (acpi_id[0x6c] high edge lint[0x1])\r\n[    0.124968] ACPI: LAPIC_NMI (acpi_id[0x6d] high edge lint[0x1])\r\n[    0.124970] ACPI: LAPIC_NMI (acpi_id[0x6e] high edge lint[0x1])\r\n[    0.124971] ACPI: LAPIC_NMI (acpi_id[0x6f] high edge lint[0x1])\r\n[    0.124972] ACPI: LAPIC_NMI (acpi_id[0x70] high edge lint[0x1])\r\n[    0.124974] ACPI: LAPIC_NMI (acpi_id[0x71] high edge lint[0x1])\r\n[    0.124975] ACPI: LAPIC_NMI (acpi_id[0x72] high edge lint[0x1])\r\n"]
[11.401004, "o", "[    0.124976] ACPI: LAPIC_NMI (acpi_id[0x73] high edge lint[0x1])\r\n[    0.124978] ACPI: LAPIC_NMI (acpi_id[0x74] high edge lint[0x1])\r\n[    0.124979] ACPI: LAPIC_NMI (acpi_id[0x75] high edge lint[0x1])\r\n[    0.124980] ACPI: LAPIC_NMI (acpi_id[0x76] high edge lint[0x1])\r\n[    0.124982] ACPI: LAPIC_NMI (acpi_id[0x77] high edge lint[0x1])\r\n[    0.124983] ACPI: LAPIC_NMI (acpi_id[0x78] high edge lint[0x1])\r\n[    0.124985] ACPI: LAPIC_NMI (acpi_id[0x79] high edge lint[0x1])\r\n[    0.124986] ACPI: LAPIC_NMI (acpi_id[0x7a] high edge lint[0x1])\r\n[    0.124988] ACPI: LAPIC_NMI (acpi_id[0x7b] high edge lint[0x1])\r\n[    0.124989] ACPI: LAPIC_NMI (acpi_id[0x7c] high edge lint[0x1])\r\n[    0.124991] ACPI: LAPIC_NMI (acpi_id[0x7d] high edge lint[0x1])\r\n[    0.124992] ACPI: LAPIC_NMI (acpi_id[0x7e] high edge lint[0x1])\r\n[    0.124994] ACPI: LAPIC_NMI (acpi_id[0x7f] high edge lint[0x1])\r\n[    0.125179] IOAPIC[0]: apic_id 1, version 32, address 0xfec00000, GSI 0-23\r\n:\u001b[K"]
[11.53606, "o", "\r\u001b[K"]
[11.536791, "o", "[    0.125188] ACPI: INT_SRC_OVR (bus 0 bus_irq 0 global_irq 2 high edge)"]
[11.537137, "o", "\r\n[    0.125202] ACPI: Using ACPI (MADT) for SMP configuration information\r\n[    0.125204] ACPI: HPET id: 0x8086af01 base: 0xfed00000\r\n[    0.125216] CPU topo: Max. logical packages: 128\r\n[    0.125218] CPU topo: Max. logical dies:     128\r\n[    0.125219] CPU topo: Max. dies per package:   1\r\n[    0.125225] CPU topo: Max. threads per core:   1\r\n[    0.125226] CPU topo: Num. cores per package:     1\r\n[    0.125227] CPU topo: Num. threads per package:   1\r\n[    0.125228] CPU topo: Allowing 3 present CPUs plus 125 hotplug CPUs\r\n[    0.125250] PM: hibernation: Registered nosave memory: [mem 0x00000000-0x0000 \b0fff]\r\n[    0.125293] PM: hibernation: Registered nosave memory: [mem 0x0009e000-0x0009 \befff]\r\n[    0.125296] PM: hibernation: Registered nosave memory: [mem 0x0009f000-0x0009 \bffff]\r\n[    0.125297] PM: hibernation: Registered nosave memory: [mem 0x000a0000-0x000d \bbfff]\r\n[    0.125298] PM: hibernation: Registered nosave memory: [mem 0x000dc000-0x000f \bffff]\r\n[    0.125301] PM: hibernation: Registered nosave memory: [mem 0xbfed0000-0xbfef \befff]\r\n[    0.125303] PM: hibernation: Registered nosave memory: [mem 0xbfeff000-0xbfef \b:\u001b[K"]
[11.666248, "o", "\r\u001b[Kffff]"]
[11.666783, "o", "\r\n[    0.125305] PM: hibernation: Registered nosave memory: [mem 0xc0000000-0xefff \bffff]\r\n[    0.125307] PM: hibernation: Registered nosave memory: [mem 0xf0000000-0xf7ff \bffff]\r\n[    0.125308] PM: hibernation: Registered nosave memory: [mem 0xf8000000-0xfebf \bffff]\r\n[    0.125309] PM: hibernation: Registered nosave memory: [mem 0xfec00000-0xfec0 \bffff]\r\n[    0.125311] PM: hibernation: Registered nosave memory: [mem 0xfec10000-0xfedf \bffff]\r\n[    0.125312] PM: hibernation: Registered nosave memory: [mem 0xfee00000-0xfee0 \b0fff]\r\n[    0.125314] PM: hibernation: Registered nosave memory: [mem 0xfee01000-0xfffd \bffff]\r\n[    0.125315] PM: hibernation: Registered nosave memory: [mem 0xfffe0000-0xffff \bffff]\r\n[    0.125317] [mem 0xc0000000-0xefffffff] available for PCI devices\r\n[    0.125319] Booting paravirtualized kernel on VMware hypervisor\r\n[    0.125323] clocksource: refined-jiffies: mask: 0xffffffff max_cycles: 0xffff \bffff, max_idle_ns: 1910969940391419 ns\r\n[    0.125332] setup_percpu: NR_CPUS:8192 nr_cpumask_bits:128 nr_cpu_ids:128 nr_ \bnode_ids:1\r\n:\u001b[K"]
[11.815553, "o", "\r\u001b[K"]
[11.816327, "o", "[    0.515686] percpu: Embedded 88 pages/cpu s237568 r8192 d114688 u524288\r\n[    0.515700] pcpu-alloc: s237568 r8192 d114688 u524288 alloc=1*2097152\r\n[    0.515703] pcpu-alloc: [0] 000 001 002 003 [0] 004 005 006 007 \r\n[    0.515708] pcpu-alloc: [0] 008 009 010 011 [0] 012 013 014 015 \r\n[    0.515713] pcpu-alloc: [0] 016 017 018 019 [0] 020 021 022 023 \r\n[    0.515718] pcpu-alloc: [0] 024 025 026 027 [0] 028 029 030 031 \r\n[    0.515723] pcpu-alloc: [0] 032 033 034 035 [0] 036 037 038 039 \r\n[    0.515727] pcpu-alloc: [0] 040 041 042 043 [0] 044 045 046 047 \r\n[    0.515732] pcpu-alloc: [0] 048 049 050 051 [0] 052 053 054 055 "]
[11.816566, "o", "\r\n[    0.515737] pcpu-alloc: [0] 056 057 058 059 [0] 060 061 062 063 \r\n[    0.515742] pcpu-alloc: [0] 064 065 066 067 [0] 068 069 070 071 \r\n[    0.515747] pcpu-alloc: [0] 072 073 074 075 [0] 076 077 078 079 \r\n[    0.515752] pcpu-alloc: [0] 080 081 082 083 [0] 084 085 086 087 \r\n[    0.515756] pcpu-alloc: [0] 088 089 090 091 [0] 092 093 094 095 \r\n[    0.515761] pcpu-alloc: [0] 096 097 098 099 [0] 100 101 102 103 \r\n[    0.515766] pcpu-alloc: [0] 104 105 106 107 [0] 108 109 110 111 \r\n[    0.515771] pcpu-alloc: [0] 112 113 114 115 [0] 116 117 118 119 \r\n[    0.515776] pcpu-alloc: [0] 120 121 122 123 [0] 124 125 126 127 \r\n[    0.515868] Kernel command line: BOOT_IMAGE=/boot/vmlinuz-6.11.0-19-generic r \boot=UUID=8d0dde75-d3dc-49a7-99f5-c2afe75af60b ro quiet splash\r\n[    0.515951] Unknown kernel command line parameters \"splash BOOT_IMAGE=/boot/v \bmlinuz-6.11.0-19-generic\", will be passed to user space.\r\n[    0.515978] random: crng init done\r\n:\u001b[K"]
[11.955175, "o", "\r\u001b[K"]
[11.956175, "o", "[    0.515979] printk: log_buf_len individual max cpu contribution: 4096 bytes\r\n[    0.515980] printk: log_buf_len total cpu_extra contributions: 520192 bytes\r\n[    0.515981] printk: log_buf_len min size: 262144 bytes\r\n[    0.543287] printk: log_buf_len: 1048576 bytes\r\n[    0.543291] printk: early log buf free: 237752(90%)\r\n[    0.567029] Dentry cache hash table entries: 524288 (order: 10, 4194304 bytes \b, linear)\r\n[    0.579151] Inode-cache hash table entries: 262144 (order: 9, 2097152 bytes,  \blinear)\r\n"]
[11.956657, "o", "[    0.589470] Fallback order for Node 0: 0 \r\n[    0.589493] Built 1 zonelists, mobility grouping on.  Total pages: 794477\r\n[    0.589496] Policy zone: Normal\r\n[    0.589505] mem auto-init: stack:all(zero), heap alloc:on, heap free:off\r\n[    0.589511] software IO TLB: area num 128.\r\n[    0.989161] SLUB: HWalign=64, Order=0-3, MinObjects=0, CPUs=128, Nodes=1\r\n[    0.995310] Kernel/User page tables isolation: enabled\r\n[    0.996727] ftrace: allocating 59199 entries in 232 pages\r\n[    1.012041] ftrace: allocated 232 pages with 4 groups\r\n[    1.015627] Dynamic Preempt: voluntary\r\n[    1.020428] rcu: Preemptible hierarchical RCU implementation.\r\n[    1.020431] rcu:     RCU restricting CPUs from NR_CPUS=8192 to nr_cpu_ids=128 \b.\r\n[    1.020432]  Trampoline variant of Tasks RCU enabled.\r\n:\u001b[K"]
[12.098295, "o", "\r\u001b[K[    1.020433]  Rude variant of Tasks RCU enabled.\r\n[    1.020433]  Tracing variant of Tasks RCU enabled.\r\n[    1.020434] rcu: RCU calculated value of scheduler-enlistment delay is 100 ji \bffies.\r\n[    1.020435] rcu: Adjusting geometry for rcu_fanout_leaf=16, nr_cpu_ids=128\r\n[    1.021365] RCU Tasks: Setting shift to 7 and lim to 1 rcu_task_cb_adjust=1 r \bcu_task_cpu_ids=128.\r\n[    1.021375] RCU Tasks Rude: Setting shift to 7 and lim to 1 rcu_task_cb_adjus \bt=1 rcu_task_cpu_ids=128.\r\n[    1.021384] RCU Tasks Trace: Setting shift to 7 and lim to 1 rcu_task_cb_adju \bst=1 rcu_task_cpu_ids=128.\r\n[    1.027409] NR_IRQS: 524544, nr_irqs: 1448, preallocated irqs: 16\r\n[    1.028318] rcu: srcu_init: Setting srcu_struct sizes to big.\r\n[    1.062009] Console: colour VGA+ 80x25\r\n[    1.062016] printk: legacy console [tty0] enabled\r\n[    1.062235] ACPI: Core revision 20240322\r\n[    1.063950] clocksource: hpet: mask: 0xffffffff max_cycles: 0xffffffff, max_i \bdle_ns: 133484882848 ns\r\n[    1.064404] APIC: Switch to symmetric I/O mode setup\r\n[    1.065645] x2apic enabled\r\n[    1.066947] APIC: Switched APIC routing to: physical x2apic\r\n[    1.070186] ..TIMER: vector=0x30 apic1=0 pin1=2 apic2=-1 pin2=-1\r\n[    1.070732] clocksource: tsc-early: mask: 0xffffffffffffffff max_cycles: 0x36 \b:\u001b[K"]
[12.25169, "o", "\r\u001b[Ka8d32ce31, max_idle_ns: 881590731004 ns\r\n[    1.070740] Calibrating delay loop (skipped) preset value.. 3792.00 BogoMIPS  \b(lpj=1896000)\r\n[    1.071929] Disabled fast string operations\r\n[    1.072688] Last level iTLB entries: 4KB 64, 2MB 8, 4MB 8\r\n[    1.072697] Last level dTLB entries: 4KB 64, 2MB 0, 4MB 0, 1GB 4\r\n[    1.072713] Spectre V1 : Mitigation: usercopy/swapgs barriers and __user poin \bter sanitization\r\n[    1.072717] Spectre V2 : Spectre BHI mitigation: SW BHB clearing on syscall a \bnd VM exit\r\n[    1.072718] Spectre V2 : Mitigation: IBRS\r\n[    1.072719] Spectre V2 : Spectre v2 / SpectreRSB mitigation: Filling RSB on c \bontext switch\r\n[    1.072720] Spectre V2 : Spectre v2 / SpectreRSB : Filling RSB on VMEXIT\r\n[    1.072721] RETBleed: Mitigation: IBRS\r\n[    1.072736] Spectre V2 : mitigation: Enabling conditional Indirect Branch Pre \bdiction Barrier\r\n[    1.072736] Speculative Store Bypass: Mitigation: Speculative Store Bypass di \bsabled via prctl\r\n[    1.072736] MDS: Mitigation: Clear CPU buffers\r\n[    1.072736] MMIO Stale Data: Mitigation: Clear CPU buffers\r\n[    1.072736] SRBDS: Unknown: Dependent on hypervisor status\r\n[    1.072736] GDS: Unknown: Dependent on hypervisor status\r\n:\u001b[K"]
[12.424804, "o", "\r\u001b[K[    1.072736] x86/fpu: Supporting XSAVE feature 0x001: 'x87 floating point regi \bsters'"]
[12.425891, "o", "\r\n[    1.072736] x86/fpu: Supporting XSAVE feature 0x002: 'SSE registers'\r\n[    1.072736] x86/fpu: Supporting XSAVE feature 0x004: 'AVX registers'\r\n[    1.072736] x86/fpu: xstate_offset[2]:  576, xstate_sizes[2]:  256\r\n[    1.072736] x86/fpu: Enabled xstate features 0x7, context size is 832 bytes,  \busing 'compacted' format.\r\n[    1.111495] Freeing SMP alternatives memory: 48K\r\n[    1.111503] pid_max: default: 131072 minimum: 1024\r\n[    1.111714] LSM: initializing lsm=lockdown,capability,landlock,yama,apparmor, \bima,evm\r\n[    1.111736] landlock: Up and running.\r\n[    1.111736] Yama: becoming mindful.\r\n[    1.112170] AppArmor: AppArmor initialized\r\n[    1.112738] Mount-cache hash table entries: 8192 (order: 4, 65536 bytes, line \bar)\r\n[    1.113110] Mountpoint-cache hash table entries: 8192 (order: 4, 65536 bytes, \b linear)\r\n[    1.118736] smpboot: CPU0: Intel(R) Core(TM) i5-8350U CPU @ 1.70GHz (family:  \b0x6, model: 0x8e, stepping: 0xa)\r\n[    1.121980] Performance Events: Skylake events, core PMU driver.\r\n[    1.122425] core: CPUID marked event: 'cpu cycles' unavailable\r\n[    1.122427] core: CPUID marked event: 'instructions' unavailable\r\n:\u001b[K"]
[12.567365, "o", "\r\u001b[K"]
[12.568062, "o", "[    1.122427] core: CPUID marked event: 'bus cycles' unavailable\r\n[    1.122428] core: CPUID marked event: 'cache references' unavailable\r\n[    1.122429] core: CPUID marked event: 'cache misses' unavailable\r\n[    1.122430] core: CPUID marked event: 'branch instructions' unavailable\r\n[    1.122431] core: CPUID marked event: 'branch misses' unavailable\r\n[    1.122433] ... version:                1\r\n[    1.122435] ... bit width:              48\r\n[    1.122436] ... generic registers:      4\r\n[    1.122437] ... value mask:             0000ffffffffffff\r\n[    1.122438] ... max period:             000000007fffffff\r\n[    1.122439] ... fixed-purpose events:   0\r\n[    1.122440] ... event mask:             000000000000000f\r\n[    1.122877] signal: max sigframe size: 1776\r\n[    1.123499] rcu: Hierarchical SRCU implementation.\r\n[    1.123502] rcu:     Max phase no-delay instances is 400.\r\n[    1.124189] Timer migration: 3 hierarchy levels; 8 children per group; 3 cros \bsnode level\r\n[    1.125432] NMI watchdog: Perf NMI watchdog permanently disabled\r\n[    1.155362] smp: Bringing up secondary CPUs ...\r\n[    1.157374] smpboot: x86: Booting SMP configuration:\r\n[    1.157378] .... node  #0, CPUs:          #1   #2\r\n[    0.040074] Disabled fast string operations\r\n[    0.040074] Disabled fast string operations\r\n:\u001b[K"]
[12.713257, "o", "\r\u001b[K"]
[12.713337, "o", "[    1.164833] smp: Brought up 1 node, 3 CPUs\r\n[    1.164841] smpboot: Total of 3 processors activated (11376.00 BogoMIPS)\r\n[    1.168358] Memory: 2871280K/3177908K available (22528K kernel code, 4518K rw \bdata, 14876K rodata, 5096K init, 4528K bss, 295268K reserved, 0K cma-reserved)\r\n[    1.169772] devtmpfs: initialized\r\n[    1.170849] x86/mm: Memory block size: 128MB\r\n[    1.174848] ACPI: PM: Registering ACPI NVS region [mem 0xbfeff000-0xbfefffff] \b (4096 bytes)\r\n[    1.175898] clocksource: jiffies: mask: 0xffffffff max_cycles: 0xffffffff, ma \bx_idle_ns: 1911260446275000 ns\r\n[    1.190496] futex hash table entries: 32768 (order: 9, 2097152 bytes, linear)\r\n[    1.193329] pinctrl core: initialized pinctrl subsystem\r\n"]
[12.713395, "o", "[    1.194004] PM: RTC time: 14:46:41, date: 2025-03-16\r\n[    1.212406] NET: Registered PF_NETLINK/PF_ROUTE protocol family\r\n[    1.216490] DMA: preallocated 512 KiB GFP_KERNEL pool for atomic allocations\r\n[    1.216589] DMA: preallocated 512 KiB GFP_KERNEL|GFP_DMA pool for atomic allo \bcations\r\n[    1.216704] DMA: preallocated 512 KiB GFP_KERNEL|GFP_DMA32 pool for atomic al \blocations\r\n[    1.216766] audit: initializing netlink subsys (disabled)\r\n[    1.217083] audit: type=2000 audit(1742136401.149:1): state=initialized audit \b_enabled=0 res=1\r\n[    1.218461] thermal_sys: Registered thermal governor 'fair_share'\r\n:\u001b[K"]
[12.884618, "o", "\r\u001b[K[    1.218464] thermal_sys: Registered thermal governor 'bang_bang'\r\n[    1.218466] thermal_sys: Registered thermal governor 'step_wise'\r\n[    1.218467] thermal_sys: Registered thermal governor 'user_space'\r\n[    1.218468] thermal_sys: Registered thermal governor 'power_allocator'\r\n[    1.218506] EISA bus registered\r\n[    1.218529] cpuidle: using governor ladder\r\n[    1.218535] cpuidle: using governor menu\r\n[    1.218649] Simple Boot Flag at 0x36 set to 0x80\r\n[    1.218744] acpiphp: ACPI Hot Plug PCI Controller Driver version: 0.5\r\n[    1.219912] PCI: ECAM [mem 0xf0000000-0xf7ffffff] (base 0xf0000000) for domai \bn 0000 [bus 00-7f]\r\n[    1.219932] PCI: Using configuration type 1 for base access\r\n[    1.220985] kprobes: kprobe jump-optimization is enabled. All kprobes are opt \bimized if possible.\r\n[    1.231821] HugeTLB: registered 1.00 GiB page size, pre-allocated 0 pages\r\n[    1.231826] HugeTLB: 16380 KiB vmemmap can be freed for a 1.00 GiB page\r\n[    1.231828] HugeTLB: registered 2.00 MiB page size, pre-allocated 0 pages\r\n[    1.231829] HugeTLB: 28 KiB vmemmap can be freed for a 2.00 MiB page\r\n[    1.238347] ACPI: Added _OSI(Module Device)\r\n[    1.238351] ACPI: Added _OSI(Processor Device)\r\n[    1.238353] ACPI: Added _OSI(3.0 _SCP Extensions)\r\n[    1.238355] ACPI: Added _OSI(Processor Aggregator Device)\r\n[    1.268611] ACPI: 1 ACPI AML tables successfully acquired and loaded\r\n:\u001b[K"]
[13.040257, "o", "\r\u001b[K"]
[13.040511, "o", "[    1.273077] ACPI: [Firmware Bug]: BIOS _OSI(Linux) query ignored"]
[13.041012, "o", "\r\n[    1.304978] ACPI: Interpreter enabled\r\n[    1.305040] ACPI: PM: (supports S0 S1 S4 S5)\r\n[    1.305046] ACPI: Using IOAPIC for interrupt routing\r\n[    1.308458] PCI: Using host bridge windows from ACPI; if necessary, use \"pci= \bnocrs\" and report a bug\r\n[    1.308462] PCI: Using E820 reservations for host bridge windows\r\n[    1.310415] ACPI: Enabled 4 GPEs in block 00 to 0F\r\n[    1.606016] ACPI: PCI Root Bridge [PCI0] (domain 0000 [bus 00-7f])\r\n[    1.606028] acpi PNP0A03:00: _OSC: OS supports [ExtendedConfig ASPM ClockPM S \begments MSI EDR HPX-Type3]\r\n[    1.606175] acpi PNP0A03:00: _OSC: platform does not support [AER LTR DPC]\r\n[    1.606465] acpi PNP0A03:00: _OSC: OS now controls [PCIeHotplug SHPCHotplug P \bME PCIeCapability]\r\n[    1.610855] PCI host bridge to bus 0000:00\r\n[    1.610860] pci_bus 0000:00: root bus resource [mem 0x000a0000-0x000bffff win \bdow]\r\n[    1.610862] pci_bus 0000:00: root bus resource [mem 0x000d0000-0x000dbfff win \bdow]\r\n[    1.610864] pci_bus 0000:00: root bus resource [mem 0xc0000000-0xfebfffff win \bdow]\r\n[    1.610866] pci_bus 0000:00: root bus resource [io  0x0000-0x0cf7 window]\r\n[    1.610867] pci_bus 0000:00: root bus resource [io  0x0d00-0xfeff window]\r\n:\u001b[K"]
[13.191154, "o", "\r\u001b[K"]
[13.192651, "o", "[    1.610869] pci_bus 0000:00: root bus resource [bus 00-7f]\r\n[    1.611094] pci 0000:00:00.0: [8086:7190] type 00 class 0x060000 conventional \b PCI endpoint\r\n[    1.612555] pci 0000:00:01.0: [8086:7191] type 01 class 0x060400 conventional \b PCI bridge\r\n[    1.613214] pci 0000:00:01.0: PCI bridge to [bus 01]\r\n[    1.629348] pci 0000:00:07.0: [8086:7110] type 00 class 0x060100 conventional \b PCI endpoint\r\n[    1.631230] pci 0000:00:07.1: [8086:7111] type 00 class 0x01018a conventional \b PCI endpoint\r\n[    1.633334] pci 0000:00:07.1: BAR 4 [io  0x1060-0x106f]\r\n[    1.634184] pci 0000:00:07.1: BAR 0 [io  0x01f0-0x01f7]: legacy IDE quirk\r\n[    1.634186] pci 0000:00:07.1: BAR 1 [io  0x03f6]: legacy IDE quirk\r\n[    1.634188] pci 0000:00:07.1: BAR 2 [io  0x0170-0x0177]: legacy IDE quirk\r\n[    1.634189] pci 0000:00:07.1: BAR 3 [io  0x0376]: legacy IDE quirk\r\n[    1.634591] pci 0000:00:07.3: [8086:7113] type 00 class 0x068000 conventional \b PCI endpoint\r\n[    1.637124] pci 0000:00:07.3: quirk: [io  0x1000-0x103f] claimed by PIIX4 ACP \bI\r\n[    1.637152] pci 0000:00:07.3: quirk: [io  0x1040-0x104f] claimed by PIIX4 SMB\r\n[    1.638840] pci 0000:00:07.7: [15ad:0740] type 00 class 0x088000 conventional \b PCI endpoint\r\n[    1.639421] pci 0000:00:07.7: BAR 0 [io  0x1080-0x10bf]\r\n:\u001b[K"]
[13.34344, "o", "\r\u001b[K[    1.639961] pci 0000:00:07.7: BAR 1 [mem 0xfebc0000-0xfebfffff 64bit]\r\n[    1.663459] pci 0000:00:0f.0: [15ad:0405] type 00 class 0x030000 conventional \b PCI endpoint\r\n[    1.664739] pci 0000:00:0f.0: BAR 0 [io  0x1070-0x107f]\r\n[    1.665739] pci 0000:00:0f.0: BAR 1 [mem 0xe8000000-0xefffffff pref]\r\n[    1.667310] pci 0000:00:0f.0: BAR 2 [mem 0xfe000000-0xfe7fffff]\r\n[    1.671280] pci 0000:00:0f.0: ROM [mem 0x00000000-0x00007fff pref]\r\n[    1.671420] pci 0000:00:0f.0: Video device with shadowed ROM at [mem 0x000c00 \b00-0x000dffff]\r\n[    1.672458] pci 0000:00:10.0: [1000:0030] type 00 class 0x010000 conventional \b PCI endpoint\r\n[    1.672997] pci 0000:00:10.0: BAR 0 [io  0x1400-0x14ff]\r\n[    1.673537] pci 0000:00:10.0: BAR 1 [mem 0xfeb80000-0xfeb9ffff 64bit]\r\n[    1.674084] pci 0000:00:10.0: BAR 3 [mem 0xfeba0000-0xfebbffff 64bit]\r\n[    1.674984] pci 0000:00:10.0: ROM [mem 0x00000000-0x00003fff pref]\r\n[    1.675776] pci 0000:00:11.0: [15ad:0790] type 01 class 0x060401 conventional \b PCI bridge\r\n[    1.676418] pci 0000:00:11.0: PCI bridge to [bus 02] (subtractive decode)\r\n[    1.676472] pci 0000:00:11.0:   bridge window [io  0x2000-0x3fff]\r\n[    1.676523] pci 0000:00:11.0:   bridge window [mem 0xfd500000-0xfdffffff]\r\n[    1.677738] pci 0000:00:11.0:   bridge window [mem 0xe7b00000-0xe7ffffff 64bi \bt pref]\r\n[    1.687156] pci 0000:00:15.0: [15ad:07a0] type 01 class 0x060400 PCIe Root Po \b:\u001b[K"]
[13.468208, "o", "\r\u001b[Krt\r\n[    1.687785] pci 0000:00:15.0: PCI bridge to [bus 03]\r\n[    1.687839] pci 0000:00:15.0:   bridge window [io  0x4000-0x4fff]\r\n[    1.687889] pci 0000:00:15.0:   bridge window [mem 0xfd400000-0xfd4fffff]\r\n[    1.688102] pci 0000:00:15.0:   bridge window [mem 0xe7a00000-0xe7afffff 64bi \bt pref]\r\n[    1.689344] pci 0000:00:15.0: PME# supported from D0 D3hot D3cold\r\n[    1.690298] pci 0000:00:15.1: [15ad:07a0] type 01 class 0x060400 PCIe Root Po \brt\r\n[    1.690971] pci 0000:00:15.1: PCI bridge to [bus 04]\r\n[    1.691025] pci 0000:00:15.1:   bridge window [io  0x8000-0x8fff]\r\n[    1.691075] pci 0000:00:15.1:   bridge window [mem 0xfd000000-0xfd0fffff]\r\n[    1.691288] pci 0000:00:15.1:   bridge window [mem 0xe7600000-0xe76fffff 64bi \bt pref]\r\n[    1.692504] pci 0000:00:15.1: PME# supported from D0 D3hot D3cold\r\n[    1.693461] pci 0000:00:15.2: [15ad:07a0] type 01 class 0x060400 PCIe Root Po \brt\r\n[    1.694088] pci 0000:00:15.2: PCI bridge to [bus 05]\r\n[    1.694142] pci 0000:00:15.2:   bridge window [io  0xc000-0xcfff]\r\n[    1.694192] pci 0000:00:15.2:   bridge window [mem 0xfcc00000-0xfccfffff]\r\n[    1.694405] pci 0000:00:15.2:   bridge window [mem 0xe7200000-0xe72fffff 64bi \bt pref]\r\n[    1.695634] pci 0000:00:15.2: PME# supported from D0 D3hot D3cold\r\n:\u001b[K"]
[13.604012, "o", "\r\u001b[K[    1.696587] pci 0000:00:15.3: [15ad:07a0] type 01 class 0x060400 PCIe Root Po \brt\r\n[    1.697228] pci 0000:00:15.3: PCI bridge to [bus 06]\r\n[    1.697328] pci 0000:00:15.3:   bridge window [mem 0xfc800000-0xfc8fffff]\r\n[    1.697541] pci 0000:00:15.3:   bridge window [mem 0xe6e00000-0xe6efffff 64bi \bt pref]\r\n[    1.698764] pci 0000:00:15.3: PME# supported from D0 D3hot D3cold\r\n[    1.699698] pci 0000:00:15.4: [15ad:07a0] type 01 class 0x060400 PCIe Root Po \brt\r\n[    1.700334] pci 0000:00:15.4: PCI bridge to [bus 07]\r\n[    1.700434] pci 0000:00:15.4:   bridge window [mem 0xfc400000-0xfc4fffff]\r\n[    1.700662] pci 0000:00:15.4:   bridge window [mem 0xe6a00000-0xe6afffff 64bi \bt pref]\r\n[    1.701872] pci 0000:00:15.4: PME# supported from D0 D3hot D3cold\r\n[    1.702824] pci 0000:00:15.5: [15ad:07a0] type 01 class 0x060400 PCIe Root Po \brt\r\n[    1.703446] pci 0000:00:15.5: PCI bridge to [bus 08]\r\n[    1.703556] pci 0000:00:15.5:   bridge window [mem 0xfc000000-0xfc0fffff]\r\n[    1.703785] pci 0000:00:15.5:   bridge window [mem 0xe6600000-0xe66fffff 64bi \bt pref]\r\n[    1.704983] pci 0000:00:15.5: PME# supported from D0 D3hot D3cold\r\n[    1.705943] pci 0000:00:15.6: [15ad:07a0] type 01 class 0x060400 PCIe Root Po \brt\r\n:\u001b[K"]
[13.719402, "o", "\r\u001b[K"]
[13.719762, "o", "[    1.706583] pci 0000:00:15.6: PCI bridge to [bus 09]\r\n[    1.706683] pci 0000:00:15.6:   bridge window [mem 0xfbc00000-0xfbcfffff]\r\n"]
[13.719935, "o", "[    1.706902] pci 0000:00:15.6:   bridge window [mem 0xe6200000-0xe62fffff 64bi \bt pref]"]
[13.720585, "o", "\r\n"]
[13.720795, "o", "[    1.708114] pci 0000:00:15.6: PME# supported from D0 D3hot D3cold\r\n[    1.709061] pci 0000:00:15.7: [15ad:07a0] type 01 class 0x060400 PCIe Root Po \brt\r\n[    1.709695] pci 0000:00:15.7: PCI bridge to [bus 0a]\r\n[    1.709799] pci 0000:00:15.7:   bridge window [mem 0xfb800000-0xfb8fffff]\r\n[    1.710012] pci 0000:00:15.7:   bridge window [mem 0xe5e00000-0xe5efffff 64bi \bt pref]\r\n[    1.711244] pci 0000:00:15.7: PME# supported from D0 D3hot D3cold\r\n[    1.712175] pci 0000:00:16.0: [15ad:07a0] type 01 class 0x060400 PCIe Root Po \brt\r\n[    1.712809] pci 0000:00:16.0: PCI bridge to [bus 0b]\r\n[    1.712862] pci 0000:00:16.0:   bridge window [io  0x5000-0x5fff]\r\n[    1.712912] pci 0000:00:16.0:   bridge window [mem 0xfd300000-0xfd3fffff]\r\n[    1.713125] pci 0000:00:16.0:   bridge window [mem 0xe7900000-0xe79fffff 64bi \bt pref]\r\n[    1.714353] pci 0000:00:16.0: PME# supported from D0 D3hot D3cold\r\n[    1.715281] pci 0000:00:16.1: [15ad:07a0] type 01 class 0x060400 PCIe Root Po \brt\r\n[    1.715926] pci 0000:00:16.1: PCI bridge to [bus 0c]\r\n:\u001b[K"]
[13.849551, "o", "\r\u001b[K[    1.715979] pci 0000:00:16.1:   bridge window [io  0x9000-0x9fff]\r\n[    1.716030] pci 0000:00:16.1:   bridge window [mem 0xfcf00000-0xfcffffff]\r\n[    1.716243] pci 0000:00:16.1:   bridge window [mem 0xe7500000-0xe75fffff 64bi \bt pref]\r\n[    1.717482] pci 0000:00:16.1: PME# supported from D0 D3hot D3cold\r\n[    1.718422] pci 0000:00:16.2: [15ad:07a0] type 01 class 0x060400 PCIe Root Po \brt\r\n[    1.719088] pci 0000:00:16.2: PCI bridge to [bus 0d]\r\n[    1.719142] pci 0000:00:16.2:   bridge window [io  0xd000-0xdfff]\r\n[    1.719192] pci 0000:00:16.2:   bridge window [mem 0xfcb00000-0xfcbfffff]\r\n[    1.719405] pci 0000:00:16.2:   bridge window [mem 0xe7100000-0xe71fffff 64bi \bt pref]\r\n[    1.720629] pci 0000:00:16.2: PME# supported from D0 D3hot D3cold\r\n[    1.721608] pci 0000:00:16.3: [15ad:07a0] type 01 class 0x060400 PCIe Root Po \brt\r\n[    1.722228] pci 0000:00:16.3: PCI bridge to [bus 0e]\r\n[    1.722328] pci 0000:00:16.3:   bridge window [mem 0xfc700000-0xfc7fffff]\r\n[    1.722549] pci 0000:00:16.3:   bridge window [mem "]
[13.85058, "o", "0xe6d00000-0xe6dfffff 64bi \bt pref]\r\n[    1.723882] pci 0000:00:16.3: PME# supported from D0 D3hot D3cold\r\n[    1.724909] pci 0000:00:16.4: [15ad:07a0] type 01 class 0x060400 PCIe Root Po \brt\r\n[    1.725625] pci 0000:00:16.4: PCI bridge to [bus 0f]\r\n:\u001b[K"]
[14.023938, "o", "\r\u001b[K"]
[14.02565, "o", "[    1.725788] pci 0000:00:16.4:   bridge window [mem 0xfc300000-0xfc3fffff]"]
[14.026843, "o", "\r\n[    1.726042] pci 0000:00:16.4:   bridge window [mem 0xe6900000-0xe69fffff 64bi \bt pref]\r\n[    1.727274] pci 0000:00:16.4: PME# supported from D0 D3hot D3cold\r\n[    1.728257] pci 0000:00:16.5: [15ad:07a0] type 01 class 0x060400 PCIe Root Po \brt\r\n[    1.728902] pci 0000:00:16.5: PCI bridge to [bus 10]\r\n[    1.729002] pci 0000:00:16.5:   bridge window [mem 0xfbf00000-0xfbffffff]\r\n[    1.729223] pci 0000:00:16.5:   bridge window [mem 0xe6500000-0xe65fffff 64bi \bt pref]\r\n[    1.730424] pci 0000:00:16.5: PME# supported from D0 D3hot D3cold\r\n[    1.731391] pci 0000:00:16.6: [15ad:07a0] type 01 class 0x060400 PCIe Root Po \brt\r\n[    1.732740] pci 0000:00:16.6: PCI bridge to [bus 11]\r\n[    1.732740] pci 0000:00:16.6:   bridge window [mem 0xfbb00000-0xfbbfffff]\r\n[    1.732740] pci 0000:00:16.6:   bridge window [mem 0xe6100000-0xe61fffff 64bi \bt pref]\r\n[    1.733556] pci 0000:00:16.6: PME# supported from D0 D3hot D3cold\r\n[    1.734515] pci 0000:00:16.7: [15ad:07a0] type 01 class 0x060400 PCIe Root Po \brt\r\n[    1.735167] pci 0000:00:16.7: PCI bridge to [bus 12]\r\n[    1.735267] pci 0000:00:16.7:   bridge window [mem 0xfb700000-0xfb7fffff]\r\n[    1.735480] pci 0000:00:16.7:   bridge window [mem 0xe5d00000-0xe5dfffff 64bi \b:\u001b[K"]
[14.16682, "o", "\r\u001b[Kt pref]\r\n[    1.736721] pci 0000:00:16.7: PME# supported from D0 D3hot D3cold\r\n[    1.737640] pci 0000:00:17.0: [15ad:07a0] type 01 class 0x060400 PCIe Root Po \brt\r\n[    1.738298] pci 0000:00:17.0: PCI bridge to [bus 13]\r\n[    1.738352] pci 0000:00:17.0:   bridge window [io  0x6000-0x6fff]\r\n[    1.738402] pci 0000:00:17.0:   bridge window [mem 0xfd200000-0xfd2fffff]\r\n[    1.738629] pci 0000:00:17.0:   bridge window [mem 0xe7800000-0xe78fffff 64bi \bt pref]\r\n[    1.739848] pci 0000:00:17.0: PME# supported from D0 D3hot D3cold\r\n[    1.740791] pci 0000:00:17.1: [15ad:07a0] type 01 class 0x060400 PCIe Root Po \brt\r\n[    1.741423] pci 0000:00:17.1: PCI bridge to [bus 14]\r\n[    1.741477] pci 0000:00:17.1:   bridge window [io  0xa000-0xafff]\r\n[    1.741527] pci 0000:00:17.1:   bridge window [mem 0xfce00000-0xfcefffff]\r\n[    1.741738] pci 0000:00:17.1:   bridge window [mem 0xe7400000-0xe74fffff 64bi \bt pref]\r\n[    1.742975] pci 0000:00:17.1: PME# supported from D0 D3hot D3cold\r\n[    1.743921] pci 0000:00:17.2: [15ad:07a0] type 01 class 0x060400 PCIe Root Po \brt\r\n[    1.744555] pci 0000:00:17.2: PCI bridge to [bus 15]\r\n[    1.744617] pci 0000:00:17.2:   bridge window [io  0xe000-0xefff]\r\n[    1.744668] pci 0000:00:17.2:   bridge window [mem 0xfca00000-0xfcafffff]\r\n:\u001b[K"]
[14.32762, "o", "\r\u001b[K"]
[14.328159, "o", "[    1.744902] pci 0000:00:17.2:   bridge window [mem 0xe7000000-0xe70fffff 64bi \bt pref]\r\n[    1.746105] pci 0000:00:17.2: PME# supported from D0 D3hot D3cold\r\n[    1.747057] pci 0000:00:17.3: [15ad:07a0] type 01 class 0x060400 PCIe Root Po \brt\r\n[    1.747691] pci 0000:00:17.3: PCI bridge to [bus 16]\r\n[    1.747799] pci 0000:00:17.3:   bridge window [mem 0xfc600000-0xfc6fffff]\r\n[    1.748012] pci 0000:00:17.3:   bridge window [mem 0xe6c00000-0xe6cfffff 64bi \bt pref]\r\n[    1.749212] pci 0000:00:17.3: PME# supported from D0 D3hot D3cold\r\n[    1.750177] pci 0000:00:17.4: [15ad:07a0] type 01 class 0x060400 PCIe Root Po \brt\r\n[    1.750809] pci 0000:00:17.4: PCI bridge to [bus 17]\r\n[    1.750940] pci 0000:00:17.4:   bridge window [mem 0xfc200000-0xfc2fffff]\r\n[    1.751153] pci 0000:00:17.4:   bridge window [mem 0xe6800000-0xe68fffff 64bi \bt pref]\r\n[    1.752370] pci 0000:00:17.4: PME# supported from D0 D3hot D3cold\r\n[    1.753320] pci 0000:00:17.5: [15ad:07a0] type 01 class 0x060400 PCIe Root Po \brt\r\n[    1.753949] pci 0000:00:17.5: PCI bridge to [bus 18]\r\n[    1.754067] pci 0000:00:17.5:   bridge window [mem 0xfbe00000-0xfbefffff]\r\n[    1.754280] pci 0000:00:17.5:   bridge window [mem 0xe6400000-0xe64fffff 64bi \bt pref]\r\n:\u001b[K"]
[14.466164, "o", "\r\u001b[K[    1.755521] pci 0000:00:17.5: PME# supported from D0 D3hot D3cold"]
[14.466783, "o", "\r\n[    1.756471] pci 0000:00:17.6: [15ad:07a0] type 01 class 0x060400 PCIe Root Po \brt"]
[14.466924, "o", "\r\n[    1.757112] pci 0000:00:17.6: PCI bridge to [bus 19]\r\n[    1.757213] pci 0000:00:17.6:   bridge window [mem 0xfba00000-0xfbafffff]\r\n[    1.757426] pci 0000:00:17.6:   bridge window [mem 0xe6000000-0xe60fffff 64bi \bt pref]\r\n[    1.758649] pci 0000:00:17.6: PME# supported from D0 D3hot D3cold\r\n[    1.759608] pci 0000:00:17.7: [15ad:07a0] type 01 class 0x060400 PCIe Root Po \brt\r\n[    1.760228] pci 0000:00:17.7: PCI bridge to [bus 1a]\r\n[    1.760328] pci 0000:00:17.7:   bridge window [mem 0xfb600000-0xfb6fffff]\r\n[    1.760541] pci 0000:00:17.7:   bridge window [mem 0xe5c00000-0xe5cfffff 64bi \bt pref]\r\n[    1.761787] pci 0000:00:17.7: PME# supported from D0 D3hot D3cold\r\n[    1.762753] pci 0000:00:18.0: [15ad:07a0] type 01 class 0x060400 PCIe Root Po \brt\r\n[    1.763379] pci 0000:00:18.0: PCI bridge to [bus 1b]\r\n[    1.763432] pci 0000:00:18.0:   bridge window [io  0x7000-0x7fff]\r\n[    1.763483] pci 0000:00:18.0:   bridge window [mem 0xfd100000-0xfd1fffff]\r\n[    1.763713] pci 0000:00:18.0:   bridge window [mem 0xe7700000-0xe77fffff 64bi \bt pref]\r\n[    1.764928] pci 0000:00:18.0: PME# supported from D0 D3hot D3cold\r\n:\u001b[K"]
[14.600852, "o", "\r\u001b[K[    1.765897] pci 0000:00:18.1: [15ad:07a0] type 01 class 0x060400 PCIe Root Po \brt"]
[14.601086, "o", "\r\n[    1.766521] pci 0000:00:18.1: PCI bridge to [bus 1c]\r\n[    1.766584] pci 0000:00:18.1:   bridge window [io  0xb000-0xbfff]\r\n[    1.766634] pci 0000:00:18.1:   bridge window [mem 0xfcd00000-0xfcdfffff]\r\n[    1.766855] pci 0000:00:18.1:   bridge window [mem 0xe7300000-0xe73fffff 64bi \bt pref]\r\n[    1.768067] pci 0000:00:18.1: PME# supported from D0 D3hot D3cold\r\n[    1.769016] pci 0000:00:18.2: [15ad:07a0] type 01 class 0x060400 PCIe Root Po \brt\r\n[    1.769670] pci 0000:00:18.2: PCI bridge to [bus 1d]\r\n[    1.769808] pci 0000:00:18.2:   bridge window [mem 0xfc900000-0xfc9fffff]\r\n[    1.770067] pci 0000:00:18.2:   bridge window [mem 0xe6f00000-0xe6ffffff 64bi \bt pref]\r\n[    1.772197] pci 0000:00:18.2: PME# supported from D0 D3hot D3cold\r\n[    1.773944] pci 0000:00:18.3: [15ad:07a0] type 01 class 0x060400 PCIe Root Po \brt"]
[14.601136, "o", "\r\n[    1.775017] pci 0000:00:18.3: PCI bridge to [bus 1e]\r\n[    1.775128] pci 0000:00:18.3:   bridge window [mem 0xfc500000-0xfc5fffff]\r\n[    1.775342] pci 0000:00:18.3:   bridge window [mem 0xe6b00000-0xe6bfffff 64bi \bt pref]\r\n[    1.776592] pci 0000:00:18.3: PME# supported from D0 D3hot D3cold\r\n"]
[14.601192, "o", "[    1.777553] pci 0000:00:18.4: [15ad:07a0] type 01 class 0x060400 PCIe Root Po \b:\u001b[K"]
[14.742155, "o", "\r\u001b[K"]
[14.742239, "o", "rt"]
[14.742609, "o", "\r\n[    1.778191] pci 0000:00:18.4: PCI bridge to [bus 1f]\r\n[    1.778292] pci 0000:00:18.4:   bridge window [mem 0xfc100000-0xfc1fffff]\r\n[    1.778506] pci 0000:00:18.4:   bridge window [mem 0xe6700000-0xe67fffff 64bi \bt pref]\r\n[    1.779739] pci 0000:00:18.4: PME# supported from D0 D3hot D3cold\r\n"]
[14.742698, "o", "[    1.780738] pci 0000:00:18.5: [15ad:07a0] type 01 class 0x060400 PCIe Root Po \brt\r\n[    1.781375] pci 0000:00:18.5: PCI bridge to [bus 20]\r\n[    1.781476] pci 0000:00:18.5:   bridge window [mem 0xfbd00000-0xfbdfffff]\r\n[    1.781690] pci 0000:00:18.5:   bridge window [mem 0xe6300000-0xe63fffff 64bi \bt pref]\r\n[    1.782942] pci 0000:00:18.5: PME# supported from D0 D3hot D3cold\r\n[    1.783872] pci 0000:00:18.6: [15ad:07a0] type 01 class 0x060400 PCIe Root Po \brt\r\n[    1.784508] pci 0000:00:18.6: PCI bridge to [bus 21]\r\n[    1.784609] pci 0000:00:18.6:   bridge window [mem 0xfb900000-0xfb9fffff]\r\n[    1.785836] pci 0000:00:18.6:   bridge window [mem 0xe5f00000-0xe5ffffff 64bi \bt pref]\r\n[    1.786083] pci 0000:00:18.6: PME# supported from D0 D3hot D3cold\r\n[    1.787025] pci 0000:00:18.7: [15ad:07a0] type 01 class 0x060400 PCIe Root Po \brt\r\n[    1.787659] pci 0000:00:18.7: PCI bridge to [bus 22]\r\n:\u001b[K"]
[14.904448, "o", "\r\u001b[K[    1.787799] pci 0000:00:18.7:   bridge window [mem 0xfb500000-0xfb5fffff]"]
[14.904647, "o", "\r\n[    1.788013] pci 0000:00:18.7:   bridge window [mem 0xe5b00000-0xe5bfffff 64bi \bt pref]\r\n[    1.789219] pci 0000:00:18.7: PME# supported from D0 D3hot D3cold\r\n[    1.811684] pci_bus 0000:01: extended config space not accessible\r\n[    1.910788] pci 0000:00:01.0: PCI bridge to [bus 01]\r\n"]
[14.904886, "o", "[    1.911290] pci_bus 0000:02: extended config space not accessible\r\n[    1.911878] acpiphp: Slot [32] registered\r\n[    1.911928] acpiphp: Slot [33] registered\r\n[    1.911969] acpiphp: Slot [34] registered\r\n[    1.912009] acpiphp: Slot [35] registered\r\n[    1.912050] acpiphp: Slot [36] registered\r\n[    1.912091] acpiphp: Slot [37] registered\r\n[    1.912131] acpiphp: Slot [38] registered\r\n[    1.912170] acpiphp: Slot [39] registered\r\n[    1.912211] acpiphp: Slot [40] registered\r\n[    1.912255] acpiphp: Slot [41] registered\r\n[    1.912295] acpiphp: Slot [42] registered\r\n"]
[14.905549, "o", "[    1.912337] acpiphp: Slot [43] registered\r\n[    1.912379] acpiphp: Slot [44] registered\r\n[    1.912417] acpiphp: Slot [45] registered\r\n[    1.912453] acpiphp: Slot [46] registered\r\n[    1.912491] acpiphp: Slot [47] registered\r\n:\u001b[K"]
[15.051382, "o", "\r\u001b[K[    1.912528] acpiphp: Slot [48] registered\r\n[    1.912565] acpiphp: Slot [49] registered\r\n[    1.912601] acpiphp: Slot [50] registered\r\n[    1.912640] acpiphp: Slot [51] registered\r\n[    1.912677] acpiphp: Slot [52] registered\r\n[    1.912713] acpiphp: Slot [53] registered\r\n[    1.912774] acpiphp: Slot [54] registered\r\n[    1.912811] acpiphp: Slot [55] registered\r\n[    1.912848] acpiphp: Slot [56] registered\r\n[    1.912885] acpiphp: Slot [57] registered\r\n[    1.912923] acpiphp: Slot [58] registered\r\n[    1.912972] acpiphp: Slot [59] registered\r\n[    1.913009] acpiphp: Slot [60] registered\r\n[    1.913046] acpiphp: Slot [61] registered\r\n[    1.913085] acpiphp: Slot [62] registered\r\n[    1.913132] acpiphp: Slot [63] registered\r\n[    1.913303] pci 0000:02:00.0: [15ad:0774] type 00 class 0x0c0300 conventional \b PCI endpoint\r\n[    1.915610] pci 0000:02:00.0: BAR 4 [io  0x2080-0x209f]\r\n[    1.917835] pci 0000:02:01.0: [8086:100f] type 00 class 0x020000 conventional \b PCI endpoint\r\n[    1.918506] pci 0000:02:01.0: BAR 0 [mem 0xfd5c0000-0xfd5dffff 64bit]\r\n[    1.920014] pci 0000:02:01.0: BAR 2 [mem 0xfdff0000-0xfdffffff 64bit]\r\n:\u001b[K"]
[15.193692, "o", "\r\u001b[K"]
[15.194328, "o", "[    1.920486] pci 0000:02:01.0: BAR 4 [io  0x2000-0x203f]\r\n[    1.920486] pci 0000:02:01.0: ROM [mem 0x00000000-0x0000ffff pref]\r\n[    1.921987] pci 0000:02:01.0: PME# supported from D0 D3hot D3cold\r\n[    1.923031] pci 0000:02:02.0: [1274:1371] type 00 class 0x040100 conventional \b PCI endpoint\r\n[    1.923547] pci 0000:02:02.0: BAR 0 [io  0x2040-0x207f]\r\n[    1.926277] pci 0000:02:03.0: [15ad:0770] type 00 class 0x0c0320 conventional \b PCI endpoint\r\n[    1.926738] pci 0000:02:03.0: BAR 0 [mem 0xfd5ef000-0xfd5effff]\r\n[    1.930560] pci 0000:02:04.0: [15ad:07e0] type 00 class 0x010601 conventional \b PCI endpoint\r\n[    1.932997] pci 0000:02:04.0: BAR 5 [mem 0xfd5ee000-0xfd5eefff]\r\n[    1.933402] pci 0000:02:04.0: ROM [mem 0x00000000-0x0000ffff pref]\r\n[    1.934335] pci 0000:02:04.0: PME# supported from D3hot\r\n[    2.022093] pci 0000:00:11.0: PCI bridge to [bus 02] (subtractive decode)\r\n[    2.022276] pci 0000:00:11.0:   bridge window [mem 0x000a0000-0x000bffff wind \bow] (subtractive decode)\r\n[    2.022279] pci 0000:00:11.0:   bridge window [mem 0x000d0000-0x000dbfff wind \bow] (subtractive decode)\r\n[    2.022281] pci 0000:00:11.0:   bridge window [mem 0xc0000000-0xfebfffff wind \bow] (subtractive decode)\r\n[    2.022283] pci 0000:00:11.0:   bridge window [io  0x0000-0x0cf7 window] (sub \btractive decode)\r\n:\u001b[K"]
[15.344457, "o", "\r\u001b[K[    2.022284] pci 0000:00:11.0:   bridge window [io  0x0d00-0xfeff window] (sub \btractive decode)"]
[15.344993, "o", "\r\n[    2.026167] pci 0000:00:15.0: PCI bridge to [bus 03]\r\n[    2.030162] pci 0000:00:15.1: PCI bridge to [bus 04]\r\n[    2.034114] pci 0000:00:15.2: PCI bridge to [bus 05]\r\n[    2.038076] pci 0000:00:15.3: PCI bridge to [bus 06]\r\n[    2.042042] pci 0000:00:15.4: PCI bridge to [bus 07]\r\n[    2.046009] pci 0000:00:15.5: PCI bridge to [bus 08]\r\n[    2.049971] pci 0000:00:15.6: PCI bridge to [bus 09]\r\n[    2.053967] pci 0000:00:15.7: PCI bridge to [bus 0a]\r\n[    2.057928] pci 0000:00:16.0: PCI bridge to [bus 0b]\r\n[    2.061882] pci 0000:00:16.1: PCI bridge to [bus 0c]\r\n[    2.065847] pci 0000:00:16.2: PCI bridge to [bus 0d]\r\n[    2.069812] pci 0000:00:16.3: PCI bridge to [bus 0e]\r\n[    2.073803] pci 0000:00:16.4: PCI bridge to [bus 0f]\r\n[    2.077752] pci 0000:00:16.5: PCI bridge to [bus 10]\r\n[    2.081752] pci 0000:00:16.6: PCI bridge to [bus 11]\r\n[    2.085767] pci 0000:00:16.7: PCI bridge to [bus 12]\r\n[    2.089739] pci 0000:00:17.0: PCI bridge to [bus 13]\r\n[    2.093676] pci 0000:00:17.1: PCI bridge to [bus 14]\r\n[    2.097653] pci 0000:00:17.2: PCI bridge to [bus 15]\r\n[    2.101619] pci 0000:00:17.3: PCI bridge to [bus 16]\r\n[    2.105575] pci 0000:00:17.4: PCI bridge to [bus 17]\r\n:\u001b[K"]
[15.512625, "o", "\r\u001b[K"]
[15.512867, "o", "[    2.109537] pci 0000:00:17.5: PCI bridge to [bus 18]\r\n[    2.113767] pci 0000:00:17.6: PCI bridge to [bus 19]\r\n[    2.117984] pci 0000:00:17.7: PCI bridge to [bus 1a]\r\n[    2.121975] pci 0000:00:18.0: PCI bridge to [bus 1b]\r\n[    2.126254] pci 0000:00:18.1: PCI bridge to [bus 1c]\r\n[    2.130420] pci 0000:00:18.2: PCI bridge to [bus 1d]\r\n[    2.134988] pci 0000:00:18.3: PCI bridge to [bus 1e]\r\n[    2.139680] pci 0000:00:18.4: PCI bridge to [bus 1f]\r\n[    2.144366] pci 0000:00:18.5: PCI bridge to [bus 20]\r\n[    2.148751] pci 0000:00:18.6: PCI bridge to [bus 21]\r\n[    2.152708] pci 0000:00:18.7: PCI bridge to [bus 22]\r\n[    2.158100] ACPI: PCI: Interrupt link LNKA configured for IRQ 9\r\n[    2.158238] ACPI: PCI: Interrupt link LNKB configured for IRQ 11\r\n[    2.158359] ACPI: PCI: Interrupt link LNKC configured for IRQ 10\r\n[    2.158479] ACPI: PCI: Interrupt link LNKD configured for IRQ 7\r\n[    2.205767] iommu: Default domain type: Translated\r\n[    2.205771] iommu: DMA domain TLB invalidation policy: lazy mode\r\n[    2.205968] SCSI subsystem initialized\r\n[    2.206039] libata version 3.00 loaded.\r\n[    2.206039] ACPI: bus type USB registered\r\n[    2.206039] usbcore: registered new interface driver usbfs\r\n[    2.206039] usbcore: registered new interface driver hub\r\n[    2.206039] usbcore: registered new device driver usb\r\n:\u001b[K"]
[15.676132, "o", "\r\u001b[K"]
[15.676451, "o", "[    2.206039] pps_core: LinuxPPS API ver. 1 registered\r\n[    2.206039] pps_core: Software ver. 5.3.6 - Copyright 2005-2007 Rodolfo Giome \btti <giometti@linux.it>\r\n[    2.206039] PTP clock support registered\r\n[    2.206862] EDAC MC: Ver: 3.0.0\r\n[    2.210013] NetLabel: Initializing\r\n[    2.210016] NetLabel:  domain hash size = 128\r\n[    2.210017] NetLabel:  protocols = UNLABELED CIPSOv4 CALIPSO\r\n[    2.210037] NetLabel:  unlabeled traffic allowed by default\r\n[    2.210765] mctp: management component transport protocol core\r\n[    2.210765] NET: Registered PF_MCTP protocol family\r\n[    2.210768] PCI: Using ACPI for IRQ routing\r\n[    2.683944] PCI: pci_cache_line_size set to 64 bytes\r\n[    2.687358] e820: reserve RAM buffer [mem 0x0009e800-0x0009ffff]\r\n[    2.687367] e820: reserve RAM buffer [mem 0xbfed0000-0xbfffffff]\r\n[    2.687369] e820: reserve RAM buffer [mem 0x102000000-0x103ffffff]\r\n[    2.687846] pci 0000:00:0f.0: vgaarb: setting as boot VGA device\r\n[    2.687856] pci 0000:00:0f.0: vgaarb: bridge control possible\r\n[    2.687858] pci 0000:00:0f.0: vgaarb: VGA device added: decodes=io+mem,owns=i \bo+mem,locks=none\r\n[    2.687858] vgaarb: loaded\r\n[    2.689002] hpet0: at MMIO 0xfed00000, IRQs 2, 8, 0, 0, 0, 0, 0, 0, 0, 0, 0,  \b0, 0, 0, 0, 0\r\n:\u001b[K"]
[15.856983, "o", "\r\u001b[K[    2.689017] hpet0: 16 comparators, 64-bit 14.318180 MHz counter\r\n[    2.691878] clocksource: Switched to clocksource tsc-early\r\n[    2.694241] VFS: Disk quotas dquot_6.6.0\r\n[    2.694257] VFS: Dquot-cache hash table entries: 512 (order 0, 4096 bytes)\r\n[    2.694413] AppArmor: AppArmor Filesystem Enabled\r\n[    2.694436] pnp: PnP ACPI init\r\n[    2.694684] system 00:00: [io  0x1000-0x103f] has been reserved\r\n[    2.694688] system 00:00: [io  0x1040-0x104f] has been reserved\r\n[    2.694690] system 00:00: [io  0x0cf0-0x0cf1] has been reserved\r\n[    2.695044] system 00:04: [mem 0xfed00000-0xfed003ff] has been reserved\r\n[    2.697666] pnp 00:05: [dma 2]\r\n[    2.698032] system 00:06: [io  0xfce0-0xfcff] has been reserved\r\n[    2.698036] system 00:06: [mem 0xf0000000-0xf7ffffff] has been reserved\r\n[    2.698038] system 00:06: [mem 0xfe800000-0xfe9fffff] has been reserved\r\n[    2.730639] pnp: PnP ACPI: found 7 devices\r\n[    2.744594] clocksource: acpi_pm: mask: 0xffffff max_cycles: 0xffffff, max_id \ble_ns: 2085701024 ns\r\n[    2.744843] NET: Registered PF_INET protocol family\r\n[    2.744912] IP idents hash table entries: 65536 (order: 7, 524288 bytes, line \bar)\r\n[    2.759890] tcp_listen_portaddr_hash hash table entries: 2048 (order: 3, 3276 \b8 bytes, linear)\r\n[    2.759912] Table-perturb hash table entries: 65536 (order: 6, 262144 bytes,  \b:\u001b[K"]
[16.020509, "o", "\r\u001b[Klinear)\r\n"]
[16.020937, "o", "[    2.759959] TCP established hash table entries: 32768 (order: 6, 262144 bytes \b, linear)\r\n[    2.760053] TCP bind hash table entries: 32768 (order: 8, 1048576 bytes, line \bar)\r\n[    2.760192] TCP: Hash tables configured (established 32768 bind 32768)\r\n[    2.760451] MPTCP token hash table entries: 4096 (order: 4, 98304 bytes, line \bar)\r\n[    2.760477] UDP hash table entries: 2048 (order: 4, 65536 bytes, linear)\r\n[    2.760494] UDP-Lite hash table entries: 2048 (order: 4, 65536 bytes, linear)"]
[16.021646, "o", "\r\n[    2.760646] NET: Registered PF_UNIX/PF_LOCAL protocol family\r\n[    2.760653] NET: Registered PF_XDP protocol family\r\n[    2.760668] pci 0000:00:15.3: bridge window [io  0x1000-0x0fff] to [bus 06] a \bdd_size 1000\r\n[    2.760673] pci 0000:00:15.4: bridge window [io  0x1000-0x0fff] to [bus 07] a \bdd_size 1000\r\n[    2.760675] pci 0000:00:15.5: bridge window [io  0x1000-0x0fff] to [bus 08] a \bdd_size 1000\r\n[    2.760677] pci 0000:00:15.6: bridge window [io  0x1000-0x0fff] to [bus 09] a \bdd_size 1000\r\n[    2.760679] pci 0000:00:15.7: bridge window [io  0x1000-0x0fff] to [bus 0a] a \bdd_size 1000"]
[16.02208, "o", "\r\n[    2.760681] pci 0000:00:16.3: bridge window [io  0x1000-0x0fff] to [bus 0e] a \b:\u001b[K"]
[16.172195, "o", "\r\u001b[K"]
[16.17319, "o", "dd_size 1000\r\n[    2.760683] pci 0000:00:16.4: bridge window [io  0x1000-0x0fff] to [bus 0f] a \bdd_size 1000\r\n[    2.760685] pci 0000:00:16.5: bridge window [io  0x1000-0x0fff] to [bus 10] a \bdd_size 1000\r\n[    2.760687] pci 0000:00:16.6: bridge window [io  0x1000-0x0fff] to [bus 11] a \bdd_size 1000\r\n[    2.760689] pci 0000:00:16.7: bridge window [io  0x1000-0x0fff] to [bus 12] a \bdd_size 1000\r\n"]
[16.173644, "o", "[    2.760691] pci 0000:00:17.3: bridge window [io  0x1000-0x0fff] to [bus 16] a \bdd_size 1000\r\n[    2.760693] pci 0000:00:17.4: bridge window [io  0x1000-0x0fff] to [bus 17] a \bdd_size 1000\r\n[    2.760695] pci 0000:00:17.5: bridge window [io  0x1000-0x0fff] to [bus 18] a \bdd_size 1000\r\n[    2.760697] pci 0000:00:17.6: bridge window [io  0x1000-0x0fff] to [bus 19] a \bdd_size 1000\r\n[    2.760698] pci 0000:00:17.7: bridge window [io  0x1000-0x0fff] to [bus 1a] a \bdd_size 1000\r\n[    2.760701] pci 0000:00:18.2: bridge window [io  0x1000-0x0fff] to [bus 1d] a \bdd_size 1000\r\n[    2.760702] pci 0000:00:18.3: bridge window [io  0x1000-0x0fff] to [bus 1e] a \bdd_size 1000\r\n:\u001b[K"]
[16.344602, "o", "\r\u001b[K"]
[16.34514, "o", "[    2.760704] pci 0000:00:18.4: bridge window [io  0x1000-0x0fff] to [bus 1f] a \bdd_size 1000\r\n[    2.760706] pci 0000:00:18.5: bridge window [io  0x1000-0x0fff] to [bus 20] a \bdd_size 1000\r\n[    2.760708] pci 0000:00:18.6: bridge window [io  0x1000-0x0fff] to [bus 21] a \bdd_size 1000\r\n[    2.760710] pci 0000:00:18.7: bridge window [io  0x1000-0x0fff] to [bus 22] a \bdd_size 1000\r\n[    2.760726] pci 0000:00:10.0: ROM [mem 0xc0000000-0xc0003fff pref]: assigned\r\n[    2.760730] pci 0000:00:15.3: bridge window [io  size 0x1000]: can't assign;  \bno space\r\n[    2.760733] pci 0000:00:15.3: bridge window [io  size 0x1000]: failed to assi \bgn\r\n[    2.760735] pci 0000:00:15.4: bridge window [io  size 0x1000]: can't assign;  \bno space\r\n[    2.760736] pci 0000:00:15.4: bridge window [io  size 0x1000]: failed to assi \bgn\r\n[    2.760739] pci 0000:00:15.5: bridge window [io  size 0x1000]: can't assign;  \bno space\r\n[    2.760740] pci 0000:00:15.5: bridge window [io  size 0x1000]: failed to assi \bgn\r\n[    2.760742] pci 0000:00:15.6: bridge window [io  size 0x1000]: can't assign;  \bno space\r\n:\u001b[K"]
[16.513161, "o", "\r\u001b[K"]
[16.513259, "o", "[    2.760744] pci 0000:00:15.6: bridge window [io  size 0x1000]: failed to assi \bgn\r\n[    2.760746] pci 0000:00:15.7: bridge window [io  size 0x1000]: can't assign;  \bno space\r\n[    2.760747] pci 0000:00:15.7: bridge window [io  size 0x1000]: failed to assi \bgn\r\n[    2.760749] pci 0000:00:16.3: bridge window [io  size 0x1000]: can't assign;  \bno space\r\n[    2.760751] pci 0000:00:16.3: bridge window [io  size 0x1000]: failed to assi \bgn\r\n[    2.760753] pci 0000:00:16.4: bridge window [io  size 0x1000]: can't assign;  \bno space\r\n[    2.760754] pci 0000:00:16.4: bridge window [io  size 0x1000]: failed to assi \bgn\r\n[    2.760756] pci 0000:00:16.5: bridge window [io  size 0x1000]: can't assign;  \bno space\r\n[    2.760758] pci 0000:00:16.5: bridge window [io  size 0x1000]: failed to assi \bgn\r\n[    2.760760] pci 0000:00:16.6: bridge window [io  size 0x1000]: can't assign;  \bno space\r\n[    2.760761] pci 0000:00:16.6: bridge window [io  size 0x1000]: failed to assi \bgn\r\n[    2.760763] pci 0000:00:16.7: bridge window [io  size 0x1000]: can't assign;  \b:\u001b[K"]
[16.681012, "o", "\r\u001b[K"]
[16.682051, "o", "no space\r\n[    2.760764] pci 0000:00:16.7: bridge window [io  size 0x1000]: failed to assi \bgn\r\n[    2.760766] pci 0000:00:17.3: bridge window [io  size 0x1000]: can't assign;  \bno space\r\n[    2.760768] pci 0000:00:17.3: bridge window [io  size 0x1000]: failed to assi \bgn\r\n[    2.760770] pci 0000:00:17.4: bridge window [io  size 0x1000]: can't assign;  \bno space\r\n[    2.760771] pci 0000:00:17.4: bridge window [io  size 0x1000]: failed to assi \bgn\r\n[    2.760773] pci 0000:00:17.5: bridge window [io  size 0x1000]: can't assign;  \bno space\r\n[    2.760775] pci 0000:00:17.5: bridge window [io  size 0x1000]: failed to assi \bgn\r\n[    2.760777] pci 0000:00:17.6: bridge window [io  size 0x1000]: can't assign;  \bno space\r\n[    2.760778] pci 0000:00:17.6: bridge window [io  size 0x1000]: failed to assi \bgn\r\n[    2.760780] pci 0000:00:17.7: bridge window [io  size 0x1000]: can't assign;  \bno space\r\n[    2.760782] pci 0000:00:17.7: bridge window [io  size 0x1000]: failed to assi \bgn\r\n:\u001b[K"]
[16.822356, "o", "\r\u001b[K[    2.760784] pci 0000:00:18.2: bridge window [io  size 0x1000]: can't assign;  \bno space\r\n[    2.760785] pci 0000:00:18.2: bridge window [io  size 0x1000]: failed to assi \bgn\r\n[    2.760787] pci 0000:00:18.3: bridge window [io  size 0x1000]: can't assign;  \bno space\r\n[    2.760788] pci 0000:00:18.3: bridge window [io  size 0x1000]: failed to assi \bgn\r\n[    2.760790] pci 0000:00:18.4: bridge window [io  size 0x1000]: can't assign;  \bno space\r\n[    2.760792] pci 0000:00:18.4: bridge window [io  size 0x1000]: failed to assi \bgn\r\n[    2.760794] pci 0000:00:18.5: bridge window [io  size 0x1000]: can't assign;  \bno space\r\n[    2.760795] pci 0000:00:18.5: bridge window [io  size 0x1000]: failed to assi \bgn\r\n[    2.760797] pci 0000:00:18.6: bridge window [io  size 0x1000]: can't assign;  \bno space\r\n[    2.760799] pci 0000:00:18.6: bridge window [io  size 0x1000]: failed to assi \bgn\r\n"]
[16.822445, "o", "[    2.760801] pci 0000:00:18.7: bridge window [io  size 0x1000]: can't assign;  \bno space\r\n[    2.760802] pci 0000:00:18.7: bridge window [io  size 0x1000]: failed to assi \b:\u001b[K"]
[17.001432, "o", "\r\u001b[Kgn\r\n[    2.760806] pci 0000:00:18.7: bridge window [io  size 0x1000]: can't assign;  \bno space\r\n[    2.760807] pci 0000:00:18.7: bridge window [io  size 0x1000]: failed to assi \bgn\r\n[    2.760810] pci 0000:00:18.6: bridge window [io  size 0x1000]: can't assign;  \bno space\r\n[    2.760811] pci 0000:00:18.6: bridge window [io  size 0x1000]: failed to assi \bgn\r\n[    2.760813] pci 0000:00:18.5: bridge window [io  size 0x1000]: can't assign;  \bno space\r\n[    2.760814] pci 0000:00:18.5: bridge window [io  size 0x1000]: failed to assi \bgn\r\n[    2.760817] pci 0000:00:18.4: bridge window [io  size 0x1000]: can't assign;  \bno space\r\n[    2.760818] pci 0000:00:18.4: bridge window [io  size 0x1000]: failed to assi \bgn\r\n[    2.760820] pci 0000:00:18.3: bridge window [io  size 0x1000]: can't assign;  \bno space\r\n[    2.760821] pci 0000:00:18.3: bridge window [io  size 0x1000]: failed to assi \bgn\r\n[    2.760823] pci 0000:00:18.2: bridge window [io  size 0x1000]: can't assign;  \bno space\r\n:\u001b[K"]
[17.18064, "o", "\r\u001b[K[    2.760825] pci 0000:00:18.2: bridge window [io  size 0x1000]: failed to assi \bgn\r\n[    2.760827] pci 0000:00:17.7: bridge window [io  size 0x1000]: can't assign;  \bno space\r\n[    2.760828] pci 0000:00:17.7: bridge window [io  size 0x1000]: failed to assi \bgn\r\n[    2.760830] pci 0000:00:17.6: bridge window [io  size 0x1000]: can't assign;  \bno space\r\n[    2.760831] pci 0000:00:17.6: bridge window [io  size 0x1000]: failed to assi \bgn\r\n[    2.760833] pci 0000:00:17.5: bridge window [io  size 0x1000]: can't assign;  \bno space\r\n[    2.760835] pci 0000:00:17.5: bridge window [io  size 0x1000]: failed to assi \bgn\r\n[    2.760837] pci 0000:00:17.4: bridge window [io  size 0x1000]: can't assign;  \bno space\r\n[    2.760838] pci 0000:00:17.4: bridge window [io  size 0x1000]: failed to assi \bgn\r\n[    2.760840] pci 0000:00:17.3: bridge window [io  size 0x1000]: can't assign;  \bno space\r\n[    2.760842] pci 0000:00:17.3: bridge window [io  size 0x1000]: failed to assi \bgn\r\n[    2.760844] pci 0000:00:16.7: bridge window [io  size 0x1000]: can't assign;  \b:\u001b[K"]
[17.336116, "o", "\r\u001b[K"]
[17.336658, "o", "no space"]
[17.337091, "o", "\r\n"]
[17.337562, "o", "[    2.760845] pci 0000:00:16.7: bridge window [io  size 0x1000]: failed to assi \bgn\r\n[    2.760847] pci 0000:00:16.6: bridge window [io  size 0x1000]: can't assign;  \bno space\r\n[    2.760848] pci 0000:00:16.6: bridge window [io  size 0x1000]: failed to assi \bgn\r\n[    2.760850] pci 0000:00:16.5: bridge window [io  size 0x1000]: can't assign;  \bno space\r\n[    2.760852] pci 0000:00:16.5: bridge window [io  size 0x1000]: failed to assi \bgn\r\n[    2.760854] pci 0000:00:16.4: bridge window [io  size 0x1000]: can't assign;  \bno space\r\n[    2.760855] pci 0000:00:16.4: bridge window [io  size 0x1000]: failed to assi \bgn\r\n"]
[17.337825, "o", "[    2.760857] pci 0000:00:16.3: bridge window [io  size 0x1000]: can't assign;  \bno space\r\n[    2.760859] pci 0000:00:16.3: bridge window [io  size 0x1000]: failed to assi \bgn\r\n[    2.760861] pci 0000:00:15.7: bridge window [io  size 0x1000]: can't assign;  \bno space\r\n[    2.760862] pci 0000:00:15.7: bridge window [io  size 0x1000]: failed to assi \bgn\r\n:\u001b[K"]
[17.50397, "o", "\r\u001b[K[    2.760864] pci 0000:00:15.6: bridge window [io  size 0x1000]: can't assign;  \bno space"]
[17.50407, "o", "\r\n"]
[17.504389, "o", "[    2.760865] pci 0000:00:15.6: bridge window [io  size 0x1000]: failed to assi \bgn"]
[17.504539, "o", "\r\n[    2.760867] pci 0000:00:15.5: bridge window [io  size 0x1000]: can't assign;  \bno space\r\n[    2.760869] pci 0000:00:15.5: bridge window [io  size 0x1000]: failed to assi \bgn\r\n[    2.760871] pci 0000:00:15.4: bridge window [io  size 0x1000]: can't assign;  \bno space\r\n[    2.760872] pci 0000:00:15.4: bridge window [io  size 0x1000]: failed to assi \bgn\r\n[    2.760874] pci 0000:00:15.3: bridge window [io  size 0x1000]: can't assign;  \bno space\r\n[    2.760875] pci 0000:00:15.3: bridge window [io  size 0x1000]: failed to assi \bgn\r\n[    2.760878] pci 0000:00:01.0: PCI bridge to [bus 01]\r\n[    2.761134] pci 0000:02:01.0: ROM [mem 0xfd500000-0xfd50ffff pref]: assigned\r\n[    2.761137] pci 0000:02:04.0: ROM [mem 0xfd510000-0xfd51ffff pref]: assigned\r\n[    2.761140] pci 0000:00:11.0: PCI bridge to [bus 02]\r\n[    2.761168] pci 0000:00:11.0:   bridge window [io  0x2000-0x3fff]\r\n[    2.761242] pci 0000:00:11.0:   bridge window [mem 0xfd500000-0xfdffffff]\r\n[    2.761292] pci 0000:00:11.0:   bridge window [mem 0xe7b00000-0xe7ffffff 64bi \b:\u001b[K"]
[17.673496, "o", "\r\u001b[K"]
[17.674755, "o", "t pref]\r\n"]
[17.675042, "o", "[    2.761389] pci 0000:00:15.0: PCI bridge to [bus 03]\r\n[    2.761417] pci 0000:00:15.0:   bridge window [io  0x4000-0x4fff]\r\n[    2.761497] pci 0000:00:15.0:   bridge window [mem 0xfd400000-0xfd4fffff]\r\n[    2.761547] pci 0000:00:15.0:   bridge window [mem 0xe7a00000-0xe7afffff 64bi \bt pref]\r\n[    2.761671] pci 0000:00:15.1: PCI bridge to [bus 04]\r\n[    2.761698] pci 0000:00:15.1:   bridge window [io  0x8000-0x8fff]\r\n[    2.761771] pci 0000:00:15.1:   bridge window [mem 0xfd000000-0xfd0fffff]\r\n[    2.761822] pci 0000:00:15.1:   bridge window [mem 0xe7600000-0xe76fffff 64bi \bt pref]\r\n[    2.761919] pci 0000:00:15.2: PCI bridge to [bus 05]\r\n[    2.761947] pci 0000:00:15.2:   bridge window [io  0xc000-0xcfff]\r\n[    2.762020] pci 0000:00:15.2:   bridge window [mem 0xfcc00000-0xfccfffff]\r\n[    2.762070] pci 0000:00:15.2:   bridge window [mem 0xe7200000-0xe72fffff 64bi \bt pref]\r\n[    2.762178] pci 0000:00:15.3: PCI bridge to [bus 06]\r\n[    2.762252] pci 0000:00:15.3:   bridge window [mem 0xfc800000-0xfc8fffff]"]
[17.675093, "o", "\r\n[    2.762302] pci 0000:00:15.3:   bridge window [mem 0xe6e00000-0xe6efffff 64bi \bt pref]\r\n[    2.762399] pci 0000:00:15.4: PCI bridge to [bus 07]\r\n[    2.762492] pci 0000:00:15.4:   bridge window [mem 0xfc400000-0xfc4fffff]\r\n[    2.762542] pci 0000:00:15.4:   bridge window [mem 0xe6a00000-0xe6afffff 64bi \b:\u001b[K"]
[17.828412, "o", "\r\u001b[Kt pref]"]
[17.828833, "o", "\r\n[    2.762639] pci 0000:00:15.5: PCI bridge to [bus 08]\r\n[    2.762713] pci 0000:00:15.5:   bridge window [mem 0xfc000000-0xfc0fffff]\r\n[    2.762763] pci 0000:00:15.5:   bridge window [mem 0xe6600000-0xe66fffff 64bi \bt pref]\r\n[    2.762860] pci 0000:00:15.6: PCI bridge to [bus 09]\r\n[    2.762959] pci 0000:00:15.6:   bridge window [mem 0xfbc00000-0xfbcfffff]\r\n[    2.763009] pci 0000:00:15.6:   bridge window [mem 0xe6200000-0xe62fffff 64bi \bt pref]\r\n[    2.763118] pci 0000:00:15.7: PCI bridge to [bus 0a]\r\n[    2.763203] pci 0000:00:15.7:   bridge window [mem 0xfb800000-0xfb8fffff]\r\n[    2.763253] pci 0000:00:15.7:   bridge window [mem 0xe5e00000-0xe5efffff 64bi \bt pref]\r\n[    2.763351] pci 0000:00:16.0: PCI bridge to [bus 0b]\r\n[    2.763378] pci 0000:00:16.0:   bridge window [io  0x5000-0x5fff]\r\n[    2.763451] pci 0000:00:16.0:   bridge window [mem 0xfd300000-0xfd3fffff]\r\n[    2.763501] pci 0000:00:16.0:   bridge window [mem 0xe7900000-0xe79fffff 64bi \bt pref]\r\n[    2.763599] pci 0000:00:16.1: PCI bridge to [bus 0c]\r\n[    2.763626] pci 0000:00:16.1:   bridge window [io  0x9000-0x9fff]\r\n[    2.763699] pci 0000:00:16.1:   bridge window [mem 0xfcf00000-0xfcffffff]\r\n[    2.763749] pci 0000:00:16.1:   bridge window [mem 0xe7500000-0xe75fffff 64bi \bt pref]\r\n:\u001b[K"]
[17.989751, "o", "\r\u001b[K[    2.763846] pci 0000:00:16.2: PCI bridge to [bus 0d]"]
[17.989953, "o", "\r\n[    2.763873] pci 0000:00:16.2:   bridge window [io  0xd000-0xdfff]"]
[17.990156, "o", "\r\n[    2.763965] pci 0000:00:16.2:   bridge window [mem 0xfcb00000-0xfcbfffff]\r\n[    2.764016] pci 0000:00:16.2:   bridge window [mem 0xe7100000-0xe71fffff 64bi \bt pref]\r\n[    2.764121] pci 0000:00:16.3: PCI bridge to [bus 0e]\r\n[    2.764195] pci 0000:00:16.3:   bridge window [mem 0xfc700000-0xfc7fffff]\r\n[    2.764245] pci 0000:00:16.3:   bridge window [mem 0xe6d00000-0xe6dfffff 64bi \bt pref]\r\n[    2.764343] pci 0000:00:16.4: PCI bridge to [bus 0f]\r\n[    2.764417] pci 0000:00:16.4:   bridge window [mem 0xfc300000-0xfc3fffff]\r\n[    2.764466] pci 0000:00:16.4:   bridge window [mem 0xe6900000-0xe69fffff 64bi \bt pref]\r\n[    2.764563] pci 0000:00:16.5: PCI bridge to [bus 10]\r\n[    2.764637] pci 0000:00:16.5:   bridge window [mem 0xfbf00000-0xfbffffff]\r\n[    2.764687] pci 0000:00:16.5:   bridge window [mem 0xe6500000-0xe65fffff 64bi \bt pref]\r\n[    2.764801] pci 0000:00:16.6: PCI bridge to [bus 11]\r\n[    2.764875] pci 0000:00:16.6:   bridge window [mem 0xfbb00000-0xfbbfffff]\r\n[    2.764924] pci 0000:00:16.6:   bridge window [mem 0xe6100000-0xe61fffff 64bi \bt pref]\r\n[    2.765027] pci 0000:00:16.7: PCI bridge to [bus 12]\r\n[    2.765109] pci 0000:00:16.7:   bridge window [mem 0xfb700000-0xfb7fffff]\r\n:\u001b[K"]
[18.165119, "o", "\r\u001b[K"]
[18.165397, "o", "[    2.765159] pci 0000:00:16.7:   bridge window [mem 0xe5d00000-0xe5dfffff 64bi \bt pref]\r\n[    2.765257] pci 0000:00:17.0: PCI bridge to [bus 13]\r\n[    2.765284] pci 0000:00:17.0:   bridge window [io  0x6000-0x6fff]\r\n[    2.765357] pci 0000:00:17.0:   bridge window [mem 0xfd200000-0xfd2fffff]\r\n"]
[18.165553, "o", "[    2.765407] pci 0000:00:17.0:   bridge window [mem 0xe7800000-0xe78fffff 64bi \bt pref]\r\n[    2.765504] pci 0000:00:17.1: PCI bridge to [bus 14]\r\n[    2.765531] pci 0000:00:17.1:   bridge window [io  0xa000-0xafff]\r\n[    2.765605] pci 0000:00:17.1:   bridge window [mem 0xfce00000-0xfcefffff]\r\n[    2.765655] pci 0000:00:17.1:   bridge window [mem 0xe7400000-0xe74fffff 64bi \bt pref]\r\n[    2.765751] pci 0000:00:17.2: PCI bridge to [bus 15]\r\n[    2.765778] pci 0000:00:17.2:   bridge window [io  0xe000-0xefff]\r\n[    2.765852] pci 0000:00:17.2:   bridge window [mem 0xfca00000-0xfcafffff]"]
[18.167551, "o", "\r\n[    2.765902] pci 0000:00:17.2:   bridge window [mem 0xe7000000-0xe70fffff 64bi \bt pref]\r\n[    2.766004] pci 0000:00:17.3: PCI bridge to [bus 16]\r\n[    2.766085] pci 0000:00:17.3:   bridge window [mem 0xfc600000-0xfc6fffff]\r\n[    2.766136] pci 0000:00:17.3:   bridge window [mem 0xe6c00000-0xe6cfffff 64bi \bt pref]\r\n[    2.766233] pci 0000:00:17.4: PCI bridge to [bus 17]\r\n[    2.766315] pci 0000:00:17.4:   bridge window [mem 0xfc200000-0xfc2fffff]\r\n:\u001b[K"]
[18.32507, "o", "\r\u001b[K"]
[18.325145, "o", "[    2.766365] pci 0000:00:17.4:   bridge window [mem 0xe6800000-0xe68fffff 64bi \bt pref]\r\n[    2.766462] pci 0000:00:17.5: PCI bridge to [bus 18]\r\n[    2.766536] pci 0000:00:17.5:   bridge window [mem 0xfbe00000-0xfbefffff]\r\n[    2.766586] pci 0000:00:17.5:   bridge window [mem 0xe6400000-0xe64fffff 64bi \bt pref]\r\n[    2.766683] pci 0000:00:17.6: PCI bridge to [bus 19]\r\n[    2.766757] pci 0000:00:17.6:   bridge window [mem 0xfba00000-0xfbafffff]\r\n[    2.766807] pci 0000:00:17.6:   bridge window [mem 0xe6000000-0xe60fffff 64bi \bt pref]\r\n[    2.766905] pci 0000:00:17.7: PCI bridge to [bus 1a]\r\n[    2.766991] pci 0000:00:17.7:   bridge window [mem 0xfb600000-0xfb6fffff]\r\n"]
[18.325188, "o", "[    2.767041] pci 0000:00:17.7:   bridge window [mem 0xe5c00000-0xe5cfffff 64bi \bt pref]\r\n[    2.767150] pci 0000:00:18.0: PCI bridge to [bus 1b]\r\n[    2.767176] pci 0000:00:18.0:   bridge window [io  0x7000-0x7fff]\r\n[    2.767250] pci 0000:00:18.0:   bridge window [mem 0xfd100000-0xfd1fffff]\r\n"]
[18.325237, "o", "[    2.767300] pci 0000:00:18.0:   bridge window [mem 0xe77000"]
[18.325285, "o", "00-0xe77fffff 64bi \bt pref]\r\n"]
[18.326105, "o", "[    2.767397] pci 0000:00:18.1: PCI bridge to [bus 1c]\r\n[    2.767424] pci 0000:00:18.1:   bridge window [io  0xb000-0xbfff]\r\n[    2.767497] pci 0000:00:18.1:   bridge window [mem 0xfcd00000-0xfcdfffff]\r\n[    2.767547] pci 0000:00:18.1:   bridge window [mem 0xe7300000-0xe73fffff 64bi \b:\u001b[K"]
[18.486689, "o", "\r\u001b[Kt pref]\r\n[    2.767644] pci 0000:00:18.2: PCI bridge to [bus 1d]\r\n[    2.767718] pci 0000:00:18.2:   bridge window [mem 0xfc900000-0xfc9fffff]\r\n[    2.767768] pci 0000:00:18.2:   bridge window [mem 0xe6f00000-0xe6ffffff 64bi \bt pref]\r\n[    2.767873] pci 0000:00:18.3: PCI bridge to [bus 1e]\r\n[    2.767952] pci 0000:00:18.3:   bridge window [mem 0xfc500000-0xfc5fffff]\r\n[    2.768002] pci 0000:00:18.3:   bridge window [mem 0xe6b00000-0xe6bfffff 64bi \bt pref]\r\n[    2.768107] pci 0000:00:18.4: PCI bridge to [bus 1f]\r\n[    2.768181] pci 0000:00:18.4:   bridge window [mem 0xfc100000-0xfc1fffff]\r\n[    2.768231] pci 0000:00:18.4:   bridge window [mem 0xe6700000-0xe67fffff 64bi \bt pref]\r\n[    2.768328] pci 0000:00:18.5: PCI bridge to [bus 20]\r\n[    2.768402] pci 0000:00:18.5:   bridge window [mem 0xfbd00000-0xfbdfffff]\r\n[    2.768452] pci 0000:00:18.5:   bridge window [mem 0xe6300000-0xe63fffff 64bi \bt pref]\r\n[    2.768549] pci 0000:00:18.6: PCI bridge to [bus 21]\r\n[    2.768622] pci 0000:00:18.6:   bridge window [mem 0xfb900000-0xfb9fffff]"]
[18.487418, "o", "\r\n"]
[18.488548, "o", "[    2.768672] pci 0000:00:18.6:   bridge window [mem 0xe5f00000-0xe5ffffff 64bi \bt pref]\r\n"]
[18.48932, "o", "[    2.768769] pci 0000:00:18.7: PCI bridge to [bus 22]\r\n[    2.768843] pci 0000:00:18.7:   bridge window [mem 0xfb500000-0xfb5fffff]\r\n:\u001b[K"]
[18.639419, "o", "\r\u001b[K"]
[18.639685, "o", "[    2.768893] pci 0000:00:18.7:   bridge window [mem 0xe5b00000-0xe5bfffff 64bi \bt pref]"]
[18.642969, "o", "\r\n[    2.769003] pci_bus 0000:00: resource 4 [mem 0x000a0000-0x000bffff window]\r\n[    2.769006] pci_bus 0000:00: resource 5 [mem 0x000d0000-0x000dbfff window]\r\n[    2.769008] pci_bus 0000:00: resource 6 [mem 0xc0000000-0xfebfffff window]\r\n[    2.769009] pci_bus 0000:00: resource 7 [io  0x0000-0x0cf7 window]\r\n[    2.769011] pci_bus 0000:00: resource 8 [io  0x0d00-0xfeff window]\r\n[    2.769013] pci_bus 0000:02: resource 0 [io  0x2000-0x3fff]\r\n[    2.769015] pci_bus 0000:02: resource 1 [mem 0xfd500000-0xfdffffff]\r\n[    2.769016] pci_bus 0000:02: resource 2 [mem 0xe7b00000-0xe7ffffff 64bit pref \b]\r\n[    2.769017] pci_bus 0000:02: resource 4 [mem 0x000a0000-0x000bffff window]\r\n[    2.769019] pci_bus 0000:02: resource 5 [mem 0x000d0000-0x000dbfff window]\r\n[    2.769020] pci_bus 0000:02: resource 6 [mem 0xc0000000-0xfebfffff window]\r\n[    2.769022] pci_bus 0000:02: resource 7 [io  0x0000-0x0cf7 window]\r\n[    2.769023] pci_bus 0000:02: resource 8 [io  0x0d00-0xfeff window]\r\n[    2.769025] pci_bus 0000:03: resource 0 [io  0x4000-0x4fff]\r\n[    2.769026] pci_bus 0000:03: resource 1 [mem 0xfd400000-0xfd4fffff]\r\n[    2.769028] pci_bus 0000:03: resource 2 [mem 0xe7a00000-0xe7afffff 64bit pref \b]\r\n[    2.769030] pci_bus 0000:04: resource 0 [io  0x8000-0x8fff]\r\n[    2.769031] pci_bus 0000:04: resource 1 [mem 0xfd000000-0xfd0fffff]\r\n[    2.769033] pci_bus 0000:04: resource 2 [mem 0xe7600000-0xe76fffff 64bit pref \b:\u001b[K"]
[18.786756, "o", "\r\u001b[K"]
[18.786833, "o", "]\r\n[    2.769034] pci_bus 0000:05: resource 0 [io  0xc000-0xcfff]\r\n[    2.769036] pci_bus 0000:05: resource 1 [mem 0xfcc00000-0xfccfffff]\r\n[    2.769037] pci_bus 0000:05: resource 2 [mem 0xe7200000-0xe72fffff 64bit pref \b]\r\n[    2.769039] pci_bus 0000:06: resource 1 [mem 0xfc800000-0xfc8fffff]\r\n[    2.769040] pci_bus 0000:06: resource 2 [mem 0xe6e00000-0xe6efffff 64bit pref \b]\r\n[    2.769042] pci_bus 0000:07: resource 1 [mem 0xfc400000-0xfc4fffff]\r\n[    2.769043] pci_bus 0000:07: resource 2 [mem 0xe6a00000-0xe6afffff 64bit pref \b]\r\n[    2.769045] pci_bus 0000:08: resource 1 [mem 0xfc000000-0xfc0fffff]\r\n[    2.769046] pci_bus 0000:08: resource 2 [mem 0xe6600000-0xe66fffff 64bit pref \b]\r\n[    2.769048] pci_bus 0000:09: resource 1 [mem 0xfbc00000-0xfbcfffff]\r\n[    2.769049] pci_bus 0000:09: resource 2 [mem 0xe6200000-0xe62fffff 64bit pref \b]\r\n[    2.769051] pci_bus 0000:0a: resource 1 [mem 0xfb800000-0xfb8fffff]\r\n[    2.769053] pci_bus 0000:0a: resource 2 [mem 0xe5e00000-0xe5efffff 64bit pref \b]\r\n[    2.769054] pci_bus 0000:0b: resource 0 [io  0x5000-0x5fff]\r\n[    2.769056] pci_bus 0000:0b: resource 1 [mem 0xfd300000-0xfd3fffff]\r\n[    2.769057] pci_bus 0000:0b: resource 2 [mem 0xe7900000-0xe79fffff 64bit pref \b:\u001b[K"]
[18.961064, "o", "\r\u001b[K]\r\n[    2.769059] pci_bus 0000:0c: resource 0 [io  0x9000-0x9fff]\r\n[    2.769060] pci_bus 0000:0c: resource 1 [mem 0xfcf00000-0xfcffffff]\r\n[    2.769061] pci_bus 0000:0c: resource 2 [mem 0xe7500000-0xe75fffff 64bit pref \b]\r\n[    2.769063] pci_bus 0000:0d: resource 0 [io  0xd000-0xdfff]\r\n[    2.769064] pci_bus 0000:0d: resource 1 [mem 0xfcb00000-0xfcbfffff]\r\n[    2.769066] pci_bus 0000:0d: resource 2 [mem 0xe7100000-0xe71fffff 64bit pref \b]\r\n[    2.769067] pci_bus 0000:0e: resource 1 [mem 0xfc700000-0xfc7fffff]\r\n[    2.769069] pci_bus 0000:0e: resource 2 [mem 0xe6d00000-0xe6dfffff 64bit pref \b]\r\n[    2.769070] pci_bus 0000:0f: resource 1 [mem 0xfc300000-0xfc3fffff]\r\n[    2.769072] pci_bus 0000:0f: resource 2 [mem 0xe6900000-0xe69fffff 64bit pref \b]\r\n[    2.769073] pci_bus 0000:10: resource 1 [mem 0xfbf00000-0xfbffffff]\r\n[    2.769082] pci_bus 0000:10: resource 2 [mem 0xe6500000-0xe65fffff 64bit pref \b]\r\n[    2.769083] pci_bus 0000:11: resource 1 [mem 0xfbb00000-0xfbbfffff]\r\n[    2.769085] pci_bus 0000:11: resource 2 [mem 0xe6100000-0xe61fffff 64bit pref \b]\r\n[    2.769086] pci_bus 0000:12: resource 1 [mem 0xfb700000-0xfb7fffff]\r\n[    2.769088] pci_bus 0000:12: resource 2 [mem 0xe5d00000-0xe5dfffff 64bit pref \b:\u001b[K"]
[19.09748, "o", "\r\u001b[K"]
[19.097918, "o", "]\r\n[    2.769089] pci_bus 0000:13: resource 0 [io  0x6000-0x6fff]\r\n[    2.769091] pci_bus 0000:13: resource 1 [mem 0xfd200000-0xfd2fffff]\r\n[    2.769092] pci_bus 0000:13: resource 2 [mem 0xe7800000-0xe78fffff 64bit pref \b]\r\n[    2.769094] pci_bus 0000:14: resource 0 [io  0xa000-0xafff]\r\n[    2.769095] pci_bus 0000:14: resource 1 [mem 0xfce00000-0xfcefffff]\r\n[    2.769097] pci_bus 0000:14: resource 2 [mem 0xe7400000-0xe74fffff 64bit pref \b]\r\n"]
[19.09805, "o", "[    2.769098] pci_bus 0000:15: resource 0 [io  0xe000-0xefff]"]
[19.099142, "o", "\r\n[    2.769100] pci_bus 0000:15: resource 1 [mem 0xfca00000-0xfcafffff]\r\n[    2.769101] pci_bus 0000:15: resource 2 [mem 0xe7000000-0xe70fffff 64bit pref \b]\r\n[    2.769103] pci_bus 0000:16: resource 1 [mem 0xfc600000-0xfc6fffff]\r\n[    2.769104] pci_bus 0000:16: resource 2 [mem 0xe6c00000-0xe6cfffff 64bit pref \b]\r\n[    2.769106] pci_bus 0000:17: resource 1 [mem 0xfc200000-0xfc2fffff]\r\n[    2.769107] pci_bus 0000:17: resource 2 [mem 0xe6800000-0xe68fffff 64bit pref \b]\r\n[    2.769109] pci_bus 0000:18: resource 1 [mem 0xfbe00000-0xfbefffff]\r\n[    2.769110] pci_bus 0000:18: resource 2 [mem 0xe6400000-0xe64fffff 64bit pref \b]\r\n[    2.769112] pci_bus 0000:19: resource 1 [mem 0xfba00000-0xfbafffff]\r\n:\u001b[K"]
[19.258456, "o", "\r\u001b[K[    2.769113] pci_bus 0000:19: resource 2 [mem 0xe6000000-0xe60fffff 64bit pref \b]"]
[19.258914, "o", "\r\n[    2.769115] pci_bus 0000:1a: resource 1 [mem 0xfb600000-0xfb6fffff]\r\n[    2.769116] pci_bus 0000:1a: resource 2 [mem 0xe5c00000-0xe5cfffff 64bit pref \b]\r\n[    2.769118] pci_bus 0000:1b: resource 0 [io  0x7000-0x7fff]\r\n[    2.769119] pci_bus 0000:1b: resource 1 [mem 0xfd100000-0xfd1fffff]\r\n[    2.769121] pci_bus 0000:1b: resource 2 [mem 0xe7700000-0xe77fffff 64bit pref \b]\r\n[    2.769122] pci_bus 0000:1c: resource 0 [io  0xb000-0xbfff]\r\n[    2.769124] pci_bus 0000:1c: resource 1 [mem 0xfcd00000-0xfcdfffff]\r\n"]
[19.261044, "o", "[    2.769125] pci_bus 0000:1c: resource 2 [mem 0xe7300000-0xe73fffff 64bit pref \b]\r\n[    2.769127] pci_bus 0000:1d: resource 1 [mem 0xfc900000-0xfc9fffff]\r\n[    2.769128] pci_bus 0000:1d: resource 2 [mem 0xe6f00000-0xe6ffffff 64bit pref \b]\r\n[    2.769130] pci_bus 0000:1e: resource 1 [mem 0xfc500000-0xfc5fffff]\r\n[    2.769131] pci_bus 0000:1e: resource 2 [mem 0xe6b00000-0xe6bfffff 64bit pref \b]\r\n[    2.769133] pci_bus 0000:1f: resource 1 [mem 0xfc100000-0xfc1fffff]\r\n[    2.769134] pci_bus 0000:1f: resource 2 [mem 0xe6700000-0xe67fffff 64bit pref \b]\r\n[    2.769136] pci_bus 0000:20: resource 1 [mem 0xfbd00000-0xfbdfffff]\r\n:\u001b[K"]
[19.407539, "o", "\r\u001b[K[    2.769137] pci_bus 0000:20: resource 2 [mem 0xe6300000-0xe63fffff 64bit pref \b]\r\n[    2.769139] pci_bus 0000:21: resource 1 [mem 0xfb900000-0xfb9fffff]\r\n[    2.769140] pci_bus 0000:21: resource 2 [mem 0xe5f00000-0xe5ffffff 64bit pref \b]\r\n[    2.769142] pci_bus 0000:22: resource 1 [mem 0xfb500000-0xfb5fffff]\r\n[    2.769143] pci_bus 0000:22: resource 2 [mem 0xe5b00000-0xe5bfffff 64bit pref \b]\r\n[    2.769391] pci 0000:00:00.0: Limiting direct PCI/PCI transfers\r\n[    2.771356] pci 0000:02:01.0: CLS mismatch (32 != 64), using 64 bytes\r\n[    2.773566] PCI-DMA: Using software bounce buffering for IO (SWIOTLB)\r\n[    2.773568] software IO TLB: mapped [mem 0x00000000b4c00000-0x00000000b8c0000 \b0] (64MB)\r\n[    2.773659] clocksource: tsc: mask: 0xffffffffffffffff max_cycles: 0x36a8d32c \be31, max_idle_ns: 881590731004 ns\r\n[    2.773819] Trying to unpack rootfs image as initramfs...\r\n[    2.775123] clocksource: Switched to clocksource tsc\r\n[    2.776627] Initialise system trusted keyrings\r\n[    2.776638] Key type blacklist registered\r\n[    2.779156] workingset: timestamp_bits=36 max_order=20 bucket_order=0\r\n[    2.779194] zbud: loaded\r\n[    2.779628] squashfs: version 4.0 (2009/01/31) Phillip Lougher\r\n[    2.779966] fuse: init (API version 7.40)\r\n:\u001b[K"]
[19.734898, "o", "\r\u001b[K"]
[19.73506, "o", "[    2.780452] integrity: Platform Keyring initialized\r\n[    2.780457] integrity: Machine keyring initialized\r\n[    2.791761] Key type asymmetric registered\r\n[    2.791766] Asymmetric key parser 'x509' registered\r\n[    2.791803] Block layer SCSI generic (bsg) driver version 0.4 loaded (major 2 \b43)\r\n[    2.792009] io scheduler mq-deadline registered\r\n[    2.794494] pcieport 0000:00:15.0: PME: Signaling with IRQ 24\r\n[    2.794712] pcieport 0000:00:15.0: pciehp: Slot #160 AttnBtn+ PwrCtrl+ MRL- A \bttnInd- PwrInd- HotPlug+ Surprise- Interlock- NoCompl+ IbPresDis- LLActRep+\r\n[    2.796953] pcieport 0000:00:15.1: PME: Signaling with IRQ 25\r\n[    2.797133] pcieport 0000:00:15.1: pciehp: Slot #161 AttnBtn+ PwrCtrl+ MRL- A \bttnInd- PwrInd- HotPlug+ Surprise- Interlock- NoCompl+ IbPresDis- LLActRep+\r\n[    2.799374] pcieport 0000:00:15.2: PME: Signaling with IRQ 26\r\n[    2.799550] pcieport 0000:00:15.2: pciehp: Slot #162 AttnBtn+ PwrCtrl+ MRL- A \bttnInd- PwrInd- HotPlug+ Surprise- Interlock- NoCompl+ IbPresDis- LLActRep+\r\n[    2.801795] pcieport 0000:00:15.3: PME: Signaling with IRQ 27\r\n[    2.801962] pcieport 0000:00:15.3: pciehp: Slot #163 AttnBtn+ PwrCtrl+ MRL- A \bttnInd- PwrInd- HotPlug+ Surprise- Interlock- NoCompl+ IbPresDis- LLActRep+\r\n[    2.804236] pcieport 0000:00:15.4: PME: Signaling with IRQ 28\r\n[    2.804432] pcieport 0000:00:15.4: pciehp: Slot #164 AttnBtn+ PwrCtrl+ MRL- A \bttnInd- PwrInd- HotPlug+ Surprise- Interlock- NoCompl+ IbPresDis- LLActRep+\r\n[    2.806687] pcieport 0000:00:15.5: PME: Signaling with IRQ 29\r\n:\u001b[K"]
[19.897615, "o", "\r\u001b[K[    2.806855] pcieport 0000:00:15.5: pciehp: Slot #165 AttnBtn+ PwrCtrl+ MRL- A \bttnInd- PwrInd- HotPlug+ Surprise- Interlock- NoCompl+ IbPresDis- LLActRep+\r\n[    2.809167] pcieport 0000:00:15.6: PME: Signaling with IRQ 30\r\n[    2.809348] pcieport 0000:00:15.6: pciehp: Slot #166 AttnBtn+ PwrCtrl+ MRL- A \bttnInd- PwrInd- HotPlug+ Surprise- Interlock- NoCompl+ IbPresDis- LLActRep+\r\n[    2.811586] pcieport 0000:00:15.7: PME: Signaling with IRQ 31\r\n[    2.811751] pcieport 0000:00:15.7: pciehp: Slot #167 AttnBtn+ PwrCtrl+ MRL- A \bttnInd- PwrInd- HotPlug+ Surprise- Interlock- NoCompl+ IbPresDis- LLActRep+\r\n[    2.813985] pcieport 0000:00:16.0: PME: Signaling with IRQ 32\r\n[    2.814187] pcieport 0000:00:16.0: pciehp: Slot #192 AttnBtn+ PwrCtrl+ MRL- A \bttnInd- PwrInd- HotPlug+ Surprise- Interlock- NoCompl+ IbPresDis- LLActRep+\r\n[    2.816433] pcieport 0000:00:16.1: PME: Signaling with IRQ 33\r\n[    2.816598] pcieport 0000:00:16.1: pciehp: Slot #193 AttnBtn+ PwrCtrl+ MRL- A \bttnInd- PwrInd- HotPlug+ Surprise- Interlock- NoCompl+ IbPresDis- LLActRep+\r\n[    2.818787] pcieport 0000:00:16.2: PME: Signaling with IRQ 34\r\n[    2.818953] pcieport 0000:00:16.2: pciehp: Slot #194 AttnBtn+ PwrCtrl+ MRL- A \bttnInd- PwrInd- HotPlug+ Surprise- Interlock- NoCompl+ IbPresDis- LLActRep+\r\n[    2.821293] pcieport 0000:00:16.3: PME: Signaling with IRQ 35\r\n[    2.821460] pcieport 0000:00:16.3: pciehp: Slot #195 AttnBtn+ PwrCtrl+ MRL- A \bttnInd- PwrInd- HotPlug+ Surprise- Interlock- NoCompl+ IbPresDis- LLActRep+\r\n[    2.823814] pcieport 0000:00:16.4: PME: Signaling with IRQ 36\r\n[    2.823985] pcieport 0000:00:16.4: pciehp: Slot #196 AttnBtn+ PwrCtrl+ MRL- A \bttnInd- PwrInd- HotPlug+ Surprise- Interlock- NoCompl+ IbPresDis- LLActRep+\r\n:\u001b[K"]
[20.052892, "o", "\r\u001b[K"]
